000 (4517624.000.000) 2026-07-10 05:10:34 Job submitted from host: <146.179.108.134:9618?addrs=146.179.108.134-9618+[2a0c-5bc0-88-111-216-3eff-fe7f-207]-9618&alias=htcmaster00.hep.ph.ic.ac.uk&noUDP&sock=schedd_45584_6934>
...
001 (4517624.000.000) 2026-07-10 05:12:35 Job executing on host: <146.179.108.47:9618?addrs=146.179.108.47-9618+[2a0c-5bc0-88-111-632-1ff-fee0-a7a8]-9618&alias=lxdgpu01.hep.ph.ic.ac.uk&noUDP&sock=startd_2419_cfaf>
	SlotName: slot1_1@lxdgpu01.hep.ph.ic.ac.uk
	AvailableGPUs = { GPUs_GPU_f49fbfc7 }
	CondorScratchDir = "/srv/localstage/condor/dir_48345"
	Cpus = 32
	Disk = 1507458923
	GPUs = 1
	GPUs_GPU_f49fbfc7 = [ Id = "GPU-f49fbfc7"; ClockMhz = 1800.0; Capability = 8.6; CoresPerCU = 128; DeviceName = "NVIDIA RTX A6000"; DeviceUuid = "f49fbfc7-d356-8a7c-f7e6-7743f70cfe2b"; ECCEnabled = true; ComputeUnits = 84; NvidiaDriver = "610.43.02"; DriverVersion = 13.3; DevicePciBusId = "0000:83:00.0"; GlobalMemoryMb = 45485; MaxSupportedVersion = 13030 ]
	Memory = 128075
...
006 (4517624.000.000) 2026-07-10 05:12:43 Image size of job updated: 5772
	6  -  MemoryUsage of job (MB)
	5772  -  ResidentSetSize of job (KB)
...
006 (4517624.000.000) 2026-07-10 05:14:43 Image size of job updated: 370244
	362  -  MemoryUsage of job (MB)
	370244  -  ResidentSetSize of job (KB)
...
006 (4517624.000.000) 2026-07-10 05:16:43 Image size of job updated: 894940
	868  -  MemoryUsage of job (MB)
	888336  -  ResidentSetSize of job (KB)
...
006 (4517624.000.000) 2026-07-10 05:18:43 Image size of job updated: 954876
	933  -  MemoryUsage of job (MB)
	954876  -  ResidentSetSize of job (KB)
...
006 (4517624.000.000) 2026-07-10 05:20:44 Image size of job updated: 976464
	954  -  MemoryUsage of job (MB)
	976464  -  ResidentSetSize of job (KB)
...
006 (4517624.000.000) 2026-07-10 05:22:45 Image size of job updated: 984616
	962  -  MemoryUsage of job (MB)
	984616  -  ResidentSetSize of job (KB)
...
006 (4517624.000.000) 2026-07-10 05:24:46 Image size of job updated: 996788
	974  -  MemoryUsage of job (MB)
	996788  -  ResidentSetSize of job (KB)
...
006 (4517624.000.000) 2026-07-10 05:26:46 Image size of job updated: 1020484
	997  -  MemoryUsage of job (MB)
	1020484  -  ResidentSetSize of job (KB)
...
006 (4517624.000.000) 2026-07-10 05:28:46 Image size of job updated: 1072792
	1048  -  MemoryUsage of job (MB)
	1072792  -  ResidentSetSize of job (KB)
...
006 (4517624.000.000) 2026-07-10 05:30:46 Image size of job updated: 1082168
	1057  -  MemoryUsage of job (MB)
	1082168  -  ResidentSetSize of job (KB)
...
006 (4517624.000.000) 2026-07-10 05:32:46 Image size of job updated: 1104016
	1079  -  MemoryUsage of job (MB)
	1104016  -  ResidentSetSize of job (KB)
...
006 (4517624.000.000) 2026-07-10 05:34:47 Image size of job updated: 1113980
	1088  -  MemoryUsage of job (MB)
	1113980  -  ResidentSetSize of job (KB)
...
006 (4517624.000.000) 2026-07-10 05:36:48 Image size of job updated: 1126372
	1100  -  MemoryUsage of job (MB)
	1126372  -  ResidentSetSize of job (KB)
...
006 (4517624.000.000) 2026-07-10 05:38:49 Image size of job updated: 1149600
	1123  -  MemoryUsage of job (MB)
	1149600  -  ResidentSetSize of job (KB)
...
006 (4517624.000.000) 2026-07-10 05:40:49 Image size of job updated: 1156924
	1130  -  MemoryUsage of job (MB)
	1156924  -  ResidentSetSize of job (KB)
...
006 (4517624.000.000) 2026-07-10 05:42:49 Image size of job updated: 1167680
	1141  -  MemoryUsage of job (MB)
	1167680  -  ResidentSetSize of job (KB)
...
006 (4517624.000.000) 2026-07-10 05:44:49 Image size of job updated: 1184104
	1157  -  MemoryUsage of job (MB)
	1184104  -  ResidentSetSize of job (KB)
...
006 (4517624.000.000) 2026-07-10 05:46:50 Image size of job updated: 1206304
	1179  -  MemoryUsage of job (MB)
	1206304  -  ResidentSetSize of job (KB)
...
006 (4517624.000.000) 2026-07-10 05:48:51 Image size of job updated: 1215088
	1187  -  MemoryUsage of job (MB)
	1215088  -  ResidentSetSize of job (KB)
...
006 (4517624.000.000) 2026-07-10 05:50:52 Image size of job updated: 1226452
	1198  -  MemoryUsage of job (MB)
	1226452  -  ResidentSetSize of job (KB)
...
006 (4517624.000.000) 2026-07-10 05:52:53 Image size of job updated: 1240428
	1212  -  MemoryUsage of job (MB)
	1240428  -  ResidentSetSize of job (KB)
...
006 (4517624.000.000) 2026-07-10 05:54:53 Image size of job updated: 1260676
	1232  -  MemoryUsage of job (MB)
	1260676  -  ResidentSetSize of job (KB)
...
006 (4517624.000.000) 2026-07-10 05:56:53 Image size of job updated: 1276852
	1247  -  MemoryUsage of job (MB)
	1276852  -  ResidentSetSize of job (KB)
...
006 (4517624.000.000) 2026-07-10 05:58:53 Image size of job updated: 1291592
	1262  -  MemoryUsage of job (MB)
	1291592  -  ResidentSetSize of job (KB)
...
006 (4517624.000.000) 2026-07-10 05:59:59 Image size of job updated: 1318336
	1262  -  MemoryUsage of job (MB)
	1291592  -  ResidentSetSize of job (KB)
...
005 (4517624.000.000) 2026-07-10 05:59:59 Job terminated.
	(1) Normal termination (return value 0)
		Usr 0 00:43:39, Sys 0 00:00:07  -  Run Remote Usage
		Usr 0 00:00:00, Sys 0 00:00:00  -  Run Local Usage
		Usr 0 00:43:39, Sys 0 00:00:07  -  Total Remote Usage
		Usr 0 00:00:00, Sys 0 00:00:00  -  Total Local Usage
	0  -  Run Bytes Sent By Job
	0  -  Run Bytes Received By Job
	0  -  Total Bytes Sent By Job
	0  -  Total Bytes Received By Job
	Partitionable Resources :    Usage       Request  Allocated Assigned
	   Cpus                 :     0.98         32            32 
	   Disk (KB)            :     2    1356713030.70 1507458923 
	   GPUs                 :     0.47          1             1 "GPU-f49fbfc7"
	   Memory (MB)          :  1262        128075        128075 
	   TimeExecute (s)      :  2844                             
	   TimeSlotBusy (s)     :  2845                             
...
