Host : lxdgpu00.hep.ph.ic.ac.uk
Date : Thu Jul  9 11:31:22 BST 2026
Args : --config configs/default.yaml
GPU  : NVIDIA RTX A6000, 46068 MiB
Data: 90100 train / 9900 val events (901/99/0 train/val/test files, test never loaded), features=['x', 'y', 'z', 'energy', 'eta', 'phi']
Model: edgeconv (61,040 params) | loss: infonce | device: cuda
epoch 1/50  train 6.624310  val 6.597842  lr 3.00e-04  (365s)  *best*
epoch 2/50  train 6.592273  val 6.587214  lr 3.00e-04  (362s)  *best*
epoch 3/50  train 6.581442  val 6.543554  lr 2.99e-04  (362s)  *best*
epoch 4/50  train 6.487313  val 6.447546  lr 2.97e-04  (360s)  *best*
epoch 5/50  train 6.451211  val 6.424599  lr 2.95e-04  (360s)  *best*
epoch 6/50  train 6.433538  val 6.410006  lr 2.93e-04  (360s)  *best*
epoch 7/50  train 6.423433  val 6.401953  lr 2.89e-04  (361s)  *best*
epoch 8/50  train 6.415761  val 6.396045  lr 2.86e-04  (358s)  *best*
epoch 9/50  train 6.409605  val 6.390274  lr 2.81e-04  (357s)  *best*
epoch 10/50  train 6.404282  val 6.385820  lr 2.77e-04  (359s)  *best*
epoch 11/50  train 6.399994  val 6.380264  lr 2.71e-04  (359s)  *best*
epoch 12/50  train 6.396323  val 6.376865  lr 2.66e-04  (360s)  *best*
epoch 13/50  train 6.393229  val 6.373434  lr 2.59e-04  (360s)  *best*
epoch 14/50  train 6.390504  val 6.372189  lr 2.53e-04  (357s)  *best*
epoch 15/50  train 6.388095  val 6.369102  lr 2.46e-04  (359s)  *best*
epoch 16/50  train 6.385919  val 6.369448  lr 2.38e-04  (360s)
epoch 17/50  train 6.384054  val 6.366341  lr 2.30e-04  (358s)  *best*
epoch 18/50  train 6.382378  val 6.363550  lr 2.22e-04  (360s)  *best*
epoch 19/50  train 6.380771  val 6.362503  lr 2.14e-04  (357s)  *best*
epoch 20/50  train 6.379485  val 6.361260  lr 2.05e-04  (359s)  *best*
epoch 21/50  train 6.378222  val 6.360063  lr 1.96e-04  (360s)  *best*
epoch 22/50  train 6.377092  val 6.360600  lr 1.87e-04  (359s)
epoch 23/50  train 6.376095  val 6.357689  lr 1.78e-04  (360s)  *best*
epoch 24/50  train 6.375104  val 6.357383  lr 1.69e-04  (360s)  *best*
epoch 25/50  train 6.374136  val 6.355916  lr 1.59e-04  (359s)  *best*
epoch 26/50  train 6.373296  val 6.355808  lr 1.50e-04  (359s)  *best*
epoch 27/50  train 6.372563  val 6.354123  lr 1.41e-04  (355s)  *best*
epoch 28/50  train 6.371887  val 6.352543  lr 1.31e-04  (356s)  *best*
epoch 29/50  train 6.371279  val 6.352667  lr 1.22e-04  (357s)
epoch 30/50  train 6.370686  val 6.352217  lr 1.13e-04  (357s)  *best*
epoch 31/50  train 6.370111  val 6.352718  lr 1.04e-04  (356s)
epoch 32/50  train 6.369714  val 6.351762  lr 9.48e-05  (358s)  *best*
epoch 33/50  train 6.369118  val 6.351257  lr 8.61e-05  (358s)  *best*
epoch 34/50  train 6.368713  val 6.350645  lr 7.77e-05  (357s)  *best*
epoch 35/50  train 6.368330  val 6.350545  lr 6.96e-05  (355s)  *best*
epoch 36/50  train 6.368019  val 6.349841  lr 6.18e-05  (355s)  *best*
epoch 37/50  train 6.367588  val 6.349558  lr 5.44e-05  (355s)  *best*
epoch 38/50  train 6.367384  val 6.349297  lr 4.73e-05  (359s)  *best*
epoch 39/50  train 6.367117  val 6.348949  lr 4.07e-05  (359s)  *best*
epoch 40/50  train 6.366845  val 6.349380  lr 3.44e-05  (356s)
epoch 41/50  train 6.366544  val 6.349540  lr 2.86e-05  (359s)
epoch 42/50  train 6.366410  val 6.349515  lr 2.34e-05  (357s)
epoch 43/50  train 6.366246  val 6.348698  lr 1.86e-05  (358s)  *best*
epoch 44/50  train 6.366140  val 6.348431  lr 1.43e-05  (359s)  *best*
epoch 45/50  train 6.366017  val 6.348557  lr 1.05e-05  (357s)
epoch 46/50  train 6.365929  val 6.348378  lr 7.34e-06  (354s)  *best*
epoch 47/50  train 6.365858  val 6.348273  lr 4.71e-06  (355s)  *best*
epoch 48/50  train 6.365819  val 6.348294  lr 2.66e-06  (357s)
epoch 49/50  train 6.365708  val 6.348231  lr 1.18e-06  (359s)  *best*
epoch 50/50  train 6.365750  val 6.348226  lr 2.96e-07  (354s)  *best*
Done. best val 6.348226 → /vols/cms/mm1221/cms/CaloEmbed/results/training/edgeconv_infonce/best.pt
