Host : lxcgpu00.hep.ph.ic.ac.uk
Date : Wed Jul 22 09:34:21 BST 2026
Args : --config configs/geo_transformer_v100_200k.yaml
GPU  : Tesla V100-PCIE-32GB, 32768 MiB
torch: 2.5.0 | CUDA cap 7.0 | precision: fp16
Data: 180100 train / 19900 val events (1801/199/0 train/val/test files, test never loaded), features=['x', 'y', 'z', 'energy', 'eta', 'sin_phi', 'cos_phi']
Batching: size-bucketed (pool = 50 batches)
Model: geo_transformer (993,707 params) | loss: discriminative | device: cuda
epoch 1/50  train 1.181122  val 0.329742  lr 2.13e-08  (5065s)  *best*
epoch 2/50  train 0.289013  val 0.228675  lr 1.20e-04  (4258s)  *best*
epoch 3/50  train 0.231960  val 0.200376  lr 2.40e-04  (4545s)  *best*
epoch 4/50  train 0.211300  val 0.187753  lr 3.00e-04  (4266s)  *best*
epoch 5/50  train 0.201040  val 0.183308  lr 2.99e-04  (4267s)  *best*
epoch 6/50  train 0.196361  val 0.178550  lr 2.98e-04  (4274s)  *best*
epoch 7/50  train 0.191997  val 0.178120  lr 2.96e-04  (4277s)  *best*
epoch 8/50  train 0.189015  val 0.176138  lr 2.93e-04  (4295s)  *best*
epoch 9/50  train 0.186934  val 0.175604  lr 2.90e-04  (4272s)  *best*
epoch 10/50  train 0.185191  val 0.173943  lr 2.86e-04  (4261s)  *best*
epoch 11/50  train 0.183953  val 0.171444  lr 2.82e-04  (4269s)  *best*
epoch 12/50  train 0.183157  val 0.172814  lr 2.77e-04  (4264s)
epoch 13/50  train 0.182832  val 0.171036  lr 2.71e-04  (4266s)  *best*
epoch 14/50  train 0.180981  val 0.169981  lr 2.65e-04  (4266s)  *best*
epoch 15/50  train 0.179758  val 0.169922  lr 2.59e-04  (4261s)  *best*
epoch 16/50  train 0.179510  val 0.171105  lr 2.52e-04  (4268s)
epoch 17/50  train 0.178534  val 0.168630  lr 2.44e-04  (4268s)  *best*
epoch 18/50  train 0.177327  val 0.168862  lr 2.36e-04  (4267s)
epoch 19/50  train 0.176106  val 0.167166  lr 2.28e-04  (4272s)  *best*
