000 (4585925.000.000) 2026-07-22 09:34:03 Job submitted from host: <146.179.108.134:9618?addrs=146.179.108.134-9618&alias=htcmaster00.hep.ph.ic.ac.uk&noUDP&sock=schedd_951_e2a7>
...
001 (4585925.000.000) 2026-07-22 09:34:21 Job executing on host: <146.179.108.121:9618?addrs=146.179.108.121-9618+[2a0c-5bc0-88-111-216-3eff-fe7f-1d9]-9618&alias=lxcgpu00.hep.ph.ic.ac.uk&noUDP&sock=startd_2181_9025>
	SlotName: slot1_1@lxcgpu00.hep.ph.ic.ac.uk
	AvailableGPUs = { GPUs_GPU_fedc6f6b }
	CondorScratchDir = "/srv/localstage/condor/dir_222615"
	Cpus = 40
	Disk = 735125138
	GPUs = 1
	GPUs_GPU_fedc6f6b = [ Id = "GPU-fedc6f6b"; ClockMhz = 1380.0; Capability = 7.0; CoresPerCU = 64; DeviceName = "Tesla V100-PCIE-32GB"; DeviceUuid = "fedc6f6b-99a0-a5b9-07fe-b214a1ebbc7f"; ECCEnabled = true; ComputeUnits = 80; NvidiaDriver = "580.173.02"; DriverVersion = 13.0; DevicePciBusId = "0000:00:03.0"; GlobalMemoryMb = 32494; MaxSupportedVersion = 13000 ]
	Memory = 87707
...
006 (4585925.000.000) 2026-07-22 09:34:29 Image size of job updated: 196880
	193  -  MemoryUsage of job (MB)
	196880  -  ResidentSetSize of job (KB)
...
006 (4585925.000.000) 2026-07-22 09:36:29 Image size of job updated: 3722868
	3636  -  MemoryUsage of job (MB)
	3722868  -  ResidentSetSize of job (KB)
...
006 (4585925.000.000) 2026-07-22 09:38:29 Image size of job updated: 18612016
	18176  -  MemoryUsage of job (MB)
	18612016  -  ResidentSetSize of job (KB)
...
006 (4585925.000.000) 2026-07-22 09:40:29 Image size of job updated: 18615720
	18180  -  MemoryUsage of job (MB)
	18615720  -  ResidentSetSize of job (KB)
...
006 (4585925.000.000) 2026-07-22 09:42:30 Image size of job updated: 18615876
	18180  -  MemoryUsage of job (MB)
	18615876  -  ResidentSetSize of job (KB)
...
006 (4585925.000.000) 2026-07-22 09:44:31 Image size of job updated: 18616232
	18180  -  MemoryUsage of job (MB)
	18616232  -  ResidentSetSize of job (KB)
...
006 (4585925.000.000) 2026-07-22 09:46:31 Image size of job updated: 18616740
	18181  -  MemoryUsage of job (MB)
	18616504  -  ResidentSetSize of job (KB)
...
006 (4585925.000.000) 2026-07-22 09:48:32 Image size of job updated: 18617028
	18181  -  MemoryUsage of job (MB)
	18616724  -  ResidentSetSize of job (KB)
...
006 (4585925.000.000) 2026-07-22 09:50:33 Image size of job updated: 18617256
	18181  -  MemoryUsage of job (MB)
	18616912  -  ResidentSetSize of job (KB)
...
006 (4585925.000.000) 2026-07-22 09:52:33 Image size of job updated: 18617256
	18181  -  MemoryUsage of job (MB)
	18617200  -  ResidentSetSize of job (KB)
...
006 (4585925.000.000) 2026-07-22 09:54:33 Image size of job updated: 18617524
	18181  -  MemoryUsage of job (MB)
	18617200  -  ResidentSetSize of job (KB)
...
006 (4585925.000.000) 2026-07-22 09:56:33 Image size of job updated: 18617524
	18181  -  MemoryUsage of job (MB)
	18617248  -  ResidentSetSize of job (KB)
...
006 (4585925.000.000) 2026-07-22 09:58:33 Image size of job updated: 18617816
	18181  -  MemoryUsage of job (MB)
	18617312  -  ResidentSetSize of job (KB)
...
006 (4585925.000.000) 2026-07-22 10:00:33 Image size of job updated: 18617816
	18182  -  MemoryUsage of job (MB)
	18617412  -  ResidentSetSize of job (KB)
...
006 (4585925.000.000) 2026-07-22 10:02:34 Image size of job updated: 18617916
	18182  -  MemoryUsage of job (MB)
	18617476  -  ResidentSetSize of job (KB)
...
006 (4585925.000.000) 2026-07-22 10:04:35 Image size of job updated: 18617916
	18182  -  MemoryUsage of job (MB)
	18617528  -  ResidentSetSize of job (KB)
...
006 (4585925.000.000) 2026-07-22 10:06:36 Image size of job updated: 18618088
	18182  -  MemoryUsage of job (MB)
	18617596  -  ResidentSetSize of job (KB)
...
006 (4585925.000.000) 2026-07-22 10:08:37 Image size of job updated: 18618088
	18182  -  MemoryUsage of job (MB)
	18617628  -  ResidentSetSize of job (KB)
...
006 (4585925.000.000) 2026-07-22 10:10:37 Image size of job updated: 18618088
	18182  -  MemoryUsage of job (MB)
	18618016  -  ResidentSetSize of job (KB)
...
006 (4585925.000.000) 2026-07-22 10:18:38 Image size of job updated: 18718576
	18280  -  MemoryUsage of job (MB)
	18718136  -  ResidentSetSize of job (KB)
...
006 (4585925.000.000) 2026-07-22 10:20:39 Image size of job updated: 18718648
	18280  -  MemoryUsage of job (MB)
	18718152  -  ResidentSetSize of job (KB)
...
006 (4585925.000.000) 2026-07-22 10:22:40 Image size of job updated: 18718648
	18280  -  MemoryUsage of job (MB)
	18718172  -  ResidentSetSize of job (KB)
...
006 (4585925.000.000) 2026-07-22 10:24:41 Image size of job updated: 18718648
	18280  -  MemoryUsage of job (MB)
	18718196  -  ResidentSetSize of job (KB)
...
006 (4585925.000.000) 2026-07-22 10:26:41 Image size of job updated: 18718648
	18280  -  MemoryUsage of job (MB)
	18718216  -  ResidentSetSize of job (KB)
...
006 (4585925.000.000) 2026-07-22 10:28:41 Image size of job updated: 18718648
	18280  -  MemoryUsage of job (MB)
	18718236  -  ResidentSetSize of job (KB)
...
006 (4585925.000.000) 2026-07-22 10:30:41 Image size of job updated: 18718656
	18280  -  MemoryUsage of job (MB)
	18718244  -  ResidentSetSize of job (KB)
...
006 (4585925.000.000) 2026-07-22 10:32:42 Image size of job updated: 18718656
	18280  -  MemoryUsage of job (MB)
	18718264  -  ResidentSetSize of job (KB)
...
006 (4585925.000.000) 2026-07-22 10:34:43 Image size of job updated: 18718656
	18280  -  MemoryUsage of job (MB)
	18718584  -  ResidentSetSize of job (KB)
...
006 (4585925.000.000) 2026-07-22 10:38:45 Image size of job updated: 18718664
	18280  -  MemoryUsage of job (MB)
	18718584  -  ResidentSetSize of job (KB)
...
006 (4585925.000.000) 2026-07-22 10:40:45 Image size of job updated: 18718820
	18280  -  MemoryUsage of job (MB)
	18718584  -  ResidentSetSize of job (KB)
...
