000 (4412227.000.000) 2026-06-21 12:16:39 Job submitted from host: <146.179.108.134:9618?addrs=146.179.108.134-9618+[2a0c-5bc0-88-111-216-3eff-fe7f-207]-9618&alias=htcmaster00.hep.ph.ic.ac.uk&noUDP&sock=schedd_970_eaf4>
...
001 (4412227.000.000) 2026-06-21 13:10:17 Job executing on host: <146.179.108.121:9618?addrs=146.179.108.121-9618+[2a0c-5bc0-88-111-216-3eff-fe7f-1d9]-9618&alias=lxcgpu00.hep.ph.ic.ac.uk&noUDP&sock=startd_2113_ebb4>
	SlotName: slot1_1@lxcgpu00.hep.ph.ic.ac.uk
	AvailableGPUs = { GPUs_GPU_fedc6f6b }
	CondorScratchDir = "/srv/localstage/condor/dir_2674723"
	Cpus = 40
	Disk = 735125138
	GPUs = 1
	GPUs_GPU_fedc6f6b = [ Id = "GPU-fedc6f6b"; ClockMhz = 1380.0; Capability = 7.0; CoresPerCU = 64; DeviceName = "Tesla V100-PCIE-32GB"; DeviceUuid = "fedc6f6b-99a0-a5b9-07fe-b214a1ebbc7f"; ECCEnabled = true; ComputeUnits = 80; NvidiaDriver = "580.159.04"; DriverVersion = 13.0; DevicePciBusId = "0000:00:03.0"; GlobalMemoryMb = 32494; MaxSupportedVersion = 13000 ]
	Memory = 87707
...
006 (4412227.000.000) 2026-06-21 13:10:26 Image size of job updated: 10048
	10  -  MemoryUsage of job (MB)
	10048  -  ResidentSetSize of job (KB)
...
006 (4412227.000.000) 2026-06-21 13:12:26 Image size of job updated: 404148
	393  -  MemoryUsage of job (MB)
	402100  -  ResidentSetSize of job (KB)
...
006 (4412227.000.000) 2026-06-21 13:14:26 Image size of job updated: 404148
	395  -  MemoryUsage of job (MB)
	404148  -  ResidentSetSize of job (KB)
...
006 (4412227.000.000) 2026-06-21 13:16:26 Image size of job updated: 404228
	395  -  MemoryUsage of job (MB)
	404148  -  ResidentSetSize of job (KB)
...
006 (4412227.000.000) 2026-06-21 13:22:28 Image size of job updated: 541552
	528  -  MemoryUsage of job (MB)
	539740  -  ResidentSetSize of job (KB)
...
006 (4412227.000.000) 2026-06-21 13:24:29 Image size of job updated: 541792
	530  -  MemoryUsage of job (MB)
	541788  -  ResidentSetSize of job (KB)
...
006 (4412227.000.000) 2026-06-21 13:26:30 Image size of job updated: 541796
	530  -  MemoryUsage of job (MB)
	541788  -  ResidentSetSize of job (KB)
...
006 (4412227.000.000) 2026-06-21 13:30:30 Image size of job updated: 547796
	533  -  MemoryUsage of job (MB)
	545748  -  ResidentSetSize of job (KB)
...
006 (4412227.000.000) 2026-06-21 13:32:30 Image size of job updated: 547856
	535  -  MemoryUsage of job (MB)
	547088  -  ResidentSetSize of job (KB)
...
006 (4412227.000.000) 2026-06-21 13:34:31 Image size of job updated: 547856
	536  -  MemoryUsage of job (MB)
	547856  -  ResidentSetSize of job (KB)
...
006 (4412227.000.000) 2026-06-21 13:42:34 Image size of job updated: 547860
	536  -  MemoryUsage of job (MB)
	547860  -  ResidentSetSize of job (KB)
...
006 (4412227.000.000) 2026-06-21 13:50:36 Image size of job updated: 547880
	536  -  MemoryUsage of job (MB)
	547860  -  ResidentSetSize of job (KB)
...
006 (4412227.000.000) 2026-06-21 13:56:38 Image size of job updated: 547980
	536  -  MemoryUsage of job (MB)
	547860  -  ResidentSetSize of job (KB)
...
006 (4412227.000.000) 2026-06-21 13:58:38 Image size of job updated: 548004
	536  -  MemoryUsage of job (MB)
	547860  -  ResidentSetSize of job (KB)
...
006 (4412227.000.000) 2026-06-21 14:06:41 Image size of job updated: 548004
	536  -  MemoryUsage of job (MB)
	548004  -  ResidentSetSize of job (KB)
...
006 (4412227.000.000) 2026-06-21 14:10:42 Image size of job updated: 548068
	536  -  MemoryUsage of job (MB)
	548004  -  ResidentSetSize of job (KB)
...
006 (4412227.000.000) 2026-06-21 14:16:43 Image size of job updated: 548084
	536  -  MemoryUsage of job (MB)
	548004  -  ResidentSetSize of job (KB)
...
006 (4412227.000.000) 2026-06-21 14:22:46 Image size of job updated: 548084
	536  -  MemoryUsage of job (MB)
	548084  -  ResidentSetSize of job (KB)
...
006 (4412227.000.000) 2026-06-21 14:24:46 Image size of job updated: 551220
	538  -  MemoryUsage of job (MB)
	550476  -  ResidentSetSize of job (KB)
...
006 (4412227.000.000) 2026-06-21 14:34:49 Image size of job updated: 551220
	538  -  MemoryUsage of job (MB)
	550760  -  ResidentSetSize of job (KB)
...
006 (4412227.000.000) 2026-06-21 14:36:50 Image size of job updated: 551220
	539  -  MemoryUsage of job (MB)
	551220  -  ResidentSetSize of job (KB)
...
006 (4412227.000.000) 2026-06-21 14:42:50 Image size of job updated: 551236
	539  -  MemoryUsage of job (MB)
	551220  -  ResidentSetSize of job (KB)
...
006 (4412227.000.000) 2026-06-21 14:44:51 Image size of job updated: 551236
	539  -  MemoryUsage of job (MB)
	551236  -  ResidentSetSize of job (KB)
...
006 (4412227.000.000) 2026-06-21 14:50:54 Image size of job updated: 551280
	539  -  MemoryUsage of job (MB)
	551236  -  ResidentSetSize of job (KB)
...
006 (4412227.000.000) 2026-06-21 14:52:54 Image size of job updated: 551348
	539  -  MemoryUsage of job (MB)
	551236  -  ResidentSetSize of job (KB)
...
006 (4412227.000.000) 2026-06-21 15:06:58 Image size of job updated: 551348
	539  -  MemoryUsage of job (MB)
	551348  -  ResidentSetSize of job (KB)
...
006 (4412227.000.000) 2026-06-21 15:27:03 Image size of job updated: 551380
	539  -  MemoryUsage of job (MB)
	551348  -  ResidentSetSize of job (KB)
...
006 (4412227.000.000) 2026-06-21 15:35:06 Image size of job updated: 551396
	539  -  MemoryUsage of job (MB)
	551348  -  ResidentSetSize of job (KB)
...
006 (4412227.000.000) 2026-06-21 15:41:07 Image size of job updated: 551400
	539  -  MemoryUsage of job (MB)
	551348  -  ResidentSetSize of job (KB)
...
006 (4412227.000.000) 2026-06-21 15:45:09 Image size of job updated: 551420
	539  -  MemoryUsage of job (MB)
	551348  -  ResidentSetSize of job (KB)
...
006 (4412227.000.000) 2026-06-21 15:51:10 Image size of job updated: 555276
	541  -  MemoryUsage of job (MB)
	553228  -  ResidentSetSize of job (KB)
...
006 (4412227.000.000) 2026-06-21 15:57:12 Image size of job updated: 555276
	543  -  MemoryUsage of job (MB)
	555276  -  ResidentSetSize of job (KB)
...
006 (4412227.000.000) 2026-06-21 16:19:18 Image size of job updated: 555292
	543  -  MemoryUsage of job (MB)
	555276  -  ResidentSetSize of job (KB)
...
006 (4412227.000.000) 2026-06-21 16:27:20 Image size of job updated: 555292
	543  -  MemoryUsage of job (MB)
	555292  -  ResidentSetSize of job (KB)
...
006 (4412227.000.000) 2026-06-21 16:35:21 Image size of job updated: 555312
	543  -  MemoryUsage of job (MB)
	555312  -  ResidentSetSize of job (KB)
...
006 (4412227.000.000) 2026-06-21 16:47:24 Image size of job updated: 555408
	543  -  MemoryUsage of job (MB)
	555312  -  ResidentSetSize of job (KB)
...
006 (4412227.000.000) 2026-06-21 16:51:24 Image size of job updated: 555408
	543  -  MemoryUsage of job (MB)
	555408  -  ResidentSetSize of job (KB)
...
006 (4412227.000.000) 2026-06-21 16:53:25 Image size of job updated: 555424
	543  -  MemoryUsage of job (MB)
	555408  -  ResidentSetSize of job (KB)
...
006 (4412227.000.000) 2026-06-21 16:59:27 Image size of job updated: 555424
	543  -  MemoryUsage of job (MB)
	555424  -  ResidentSetSize of job (KB)
...
006 (4412227.000.000) 2026-06-21 17:03:27 Image size of job updated: 555456
	543  -  MemoryUsage of job (MB)
	555424  -  ResidentSetSize of job (KB)
...
006 (4412227.000.000) 2026-06-21 17:11:31 Image size of job updated: 555488
	543  -  MemoryUsage of job (MB)
	555424  -  ResidentSetSize of job (KB)
...
006 (4412227.000.000) 2026-06-21 17:21:32 Image size of job updated: 555504
	543  -  MemoryUsage of job (MB)
	555424  -  ResidentSetSize of job (KB)
...
006 (4412227.000.000) 2026-06-21 17:27:35 Image size of job updated: 555532
	543  -  MemoryUsage of job (MB)
	555424  -  ResidentSetSize of job (KB)
...
006 (4412227.000.000) 2026-06-21 17:37:37 Image size of job updated: 555640
	543  -  MemoryUsage of job (MB)
	555424  -  ResidentSetSize of job (KB)
...
006 (4412227.000.000) 2026-06-21 17:39:38 Image size of job updated: 555640
	543  -  MemoryUsage of job (MB)
	555508  -  ResidentSetSize of job (KB)
...
006 (4412227.000.000) 2026-06-21 17:45:39 Image size of job updated: 556556
	544  -  MemoryUsage of job (MB)
	556488  -  ResidentSetSize of job (KB)
...
006 (4412227.000.000) 2026-06-21 17:47:39 Image size of job updated: 556556
	544  -  MemoryUsage of job (MB)
	556556  -  ResidentSetSize of job (KB)
...
006 (4412227.000.000) 2026-06-21 18:09:47 Image size of job updated: 556572
	544  -  MemoryUsage of job (MB)
	556556  -  ResidentSetSize of job (KB)
...
006 (4412227.000.000) 2026-06-21 18:11:47 Image size of job updated: 556572
	544  -  MemoryUsage of job (MB)
	556572  -  ResidentSetSize of job (KB)
...
006 (4412227.000.000) 2026-06-21 18:19:49 Image size of job updated: 556636
	544  -  MemoryUsage of job (MB)
	556572  -  ResidentSetSize of job (KB)
...
006 (4412227.000.000) 2026-06-21 18:25:51 Image size of job updated: 556636
	544  -  MemoryUsage of job (MB)
	556636  -  ResidentSetSize of job (KB)
...
006 (4412227.000.000) 2026-06-21 18:35:53 Image size of job updated: 556648
	544  -  MemoryUsage of job (MB)
	556648  -  ResidentSetSize of job (KB)
...
006 (4412227.000.000) 2026-06-21 18:43:54 Image size of job updated: 556912
	544  -  MemoryUsage of job (MB)
	556912  -  ResidentSetSize of job (KB)
...
006 (4412227.000.000) 2026-06-21 18:53:57 Image size of job updated: 557116
	545  -  MemoryUsage of job (MB)
	557072  -  ResidentSetSize of job (KB)
...
006 (4412227.000.000) 2026-06-21 18:55:57 Image size of job updated: 557116
	545  -  MemoryUsage of job (MB)
	557116  -  ResidentSetSize of job (KB)
...
006 (4412227.000.000) 2026-06-21 19:01:58 Image size of job updated: 557324
	545  -  MemoryUsage of job (MB)
	557116  -  ResidentSetSize of job (KB)
...
006 (4412227.000.000) 2026-06-21 19:10:00 Image size of job updated: 557732
	545  -  MemoryUsage of job (MB)
	557116  -  ResidentSetSize of job (KB)
...
006 (4412227.000.000) 2026-06-21 19:12:00 Image size of job updated: 557732
	545  -  MemoryUsage of job (MB)
	557680  -  ResidentSetSize of job (KB)
...
006 (4412227.000.000) 2026-06-21 19:18:02 Image size of job updated: 557732
	545  -  MemoryUsage of job (MB)
	557696  -  ResidentSetSize of job (KB)
...
006 (4412227.000.000) 2026-06-21 19:20:04 Image size of job updated: 557952
	545  -  MemoryUsage of job (MB)
	557952  -  ResidentSetSize of job (KB)
...
006 (4412227.000.000) 2026-06-21 19:28:04 Image size of job updated: 558320
	545  -  MemoryUsage of job (MB)
	557952  -  ResidentSetSize of job (KB)
...
006 (4412227.000.000) 2026-06-21 19:32:06 Image size of job updated: 567564
	553  -  MemoryUsage of job (MB)
	566172  -  ResidentSetSize of job (KB)
...
006 (4412227.000.000) 2026-06-21 19:34:07 Image size of job updated: 568000
	553  -  MemoryUsage of job (MB)
	566172  -  ResidentSetSize of job (KB)
...
006 (4412227.000.000) 2026-06-21 19:36:08 Image size of job updated: 568000
	554  -  MemoryUsage of job (MB)
	566776  -  ResidentSetSize of job (KB)
...
006 (4412227.000.000) 2026-06-21 19:46:10 Image size of job updated: 568144
	554  -  MemoryUsage of job (MB)
	566776  -  ResidentSetSize of job (KB)
...
006 (4412227.000.000) 2026-06-21 19:52:12 Image size of job updated: 568144
	554  -  MemoryUsage of job (MB)
	567004  -  ResidentSetSize of job (KB)
...
006 (4412227.000.000) 2026-06-21 19:54:12 Image size of job updated: 568176
	554  -  MemoryUsage of job (MB)
	567004  -  ResidentSetSize of job (KB)
...
006 (4412227.000.000) 2026-06-21 19:58:13 Image size of job updated: 568176
	555  -  MemoryUsage of job (MB)
	567936  -  ResidentSetSize of job (KB)
...
006 (4412227.000.000) 2026-06-21 20:02:15 Image size of job updated: 568212
	555  -  MemoryUsage of job (MB)
	567936  -  ResidentSetSize of job (KB)
...
006 (4412227.000.000) 2026-06-21 20:04:16 Image size of job updated: 572940
	558  -  MemoryUsage of job (MB)
	571152  -  ResidentSetSize of job (KB)
...
006 (4412227.000.000) 2026-06-21 20:06:16 Image size of job updated: 573200
	560  -  MemoryUsage of job (MB)
	573200  -  ResidentSetSize of job (KB)
...
006 (4412227.000.000) 2026-06-21 20:12:17 Image size of job updated: 573428
	560  -  MemoryUsage of job (MB)
	573200  -  ResidentSetSize of job (KB)
...
006 (4412227.000.000) 2026-06-21 20:18:20 Image size of job updated: 573428
	560  -  MemoryUsage of job (MB)
	573348  -  ResidentSetSize of job (KB)
...
006 (4412227.000.000) 2026-06-21 20:20:20 Image size of job updated: 573636
	560  -  MemoryUsage of job (MB)
	573348  -  ResidentSetSize of job (KB)
...
006 (4412227.000.000) 2026-06-21 20:26:21 Image size of job updated: 578608
	566  -  MemoryUsage of job (MB)
	578608  -  ResidentSetSize of job (KB)
...
006 (4412227.000.000) 2026-06-21 20:28:22 Image size of job updated: 578888
	566  -  MemoryUsage of job (MB)
	578608  -  ResidentSetSize of job (KB)
...
006 (4412227.000.000) 2026-06-21 20:38:24 Image size of job updated: 579120
	566  -  MemoryUsage of job (MB)
	578608  -  ResidentSetSize of job (KB)
...
006 (4412227.000.000) 2026-06-21 20:42:26 Image size of job updated: 593860
	579  -  MemoryUsage of job (MB)
	592492  -  ResidentSetSize of job (KB)
...
006 (4412227.000.000) 2026-06-21 20:44:27 Image size of job updated: 594036
	581  -  MemoryUsage of job (MB)
	594036  -  ResidentSetSize of job (KB)
...
006 (4412227.000.000) 2026-06-21 20:46:28 Image size of job updated: 594208
	581  -  MemoryUsage of job (MB)
	594036  -  ResidentSetSize of job (KB)
...
006 (4412227.000.000) 2026-06-21 20:50:28 Image size of job updated: 594208
	581  -  MemoryUsage of job (MB)
	594208  -  ResidentSetSize of job (KB)
...
006 (4412227.000.000) 2026-06-21 20:54:29 Image size of job updated: 594256
	581  -  MemoryUsage of job (MB)
	594208  -  ResidentSetSize of job (KB)
...
006 (4412227.000.000) 2026-06-21 20:58:31 Image size of job updated: 596424
	581  -  MemoryUsage of job (MB)
	594376  -  ResidentSetSize of job (KB)
...
006 (4412227.000.000) 2026-06-21 21:00:32 Image size of job updated: 597032
	583  -  MemoryUsage of job (MB)
	596040  -  ResidentSetSize of job (KB)
...
006 (4412227.000.000) 2026-06-21 21:02:32 Image size of job updated: 597260
	583  -  MemoryUsage of job (MB)
	596040  -  ResidentSetSize of job (KB)
...
006 (4412227.000.000) 2026-06-21 21:04:32 Image size of job updated: 597284
	584  -  MemoryUsage of job (MB)
	597164  -  ResidentSetSize of job (KB)
...
006 (4412227.000.000) 2026-06-21 21:08:33 Image size of job updated: 597284
	584  -  MemoryUsage of job (MB)
	597236  -  ResidentSetSize of job (KB)
...
006 (4412227.000.000) 2026-06-21 21:26:39 Image size of job updated: 597284
	584  -  MemoryUsage of job (MB)
	597284  -  ResidentSetSize of job (KB)
...
006 (4412227.000.000) 2026-06-21 21:28:40 Image size of job updated: 597344
	584  -  MemoryUsage of job (MB)
	597344  -  ResidentSetSize of job (KB)
...
006 (4412227.000.000) 2026-06-21 21:38:42 Image size of job updated: 597360
	584  -  MemoryUsage of job (MB)
	597344  -  ResidentSetSize of job (KB)
...
006 (4412227.000.000) 2026-06-21 21:44:44 Image size of job updated: 597412
	584  -  MemoryUsage of job (MB)
	597344  -  ResidentSetSize of job (KB)
...
005 (4412227.000.000) 2026-06-21 21:53:05 Job terminated.
	(1) Normal termination (return value 0)
		Usr 0 05:23:43, Sys 0 03:12:40  -  Run Remote Usage
		Usr 0 00:00:00, Sys 0 00:00:00  -  Run Local Usage
		Usr 0 05:23:43, Sys 0 03:12:40  -  Total Remote Usage
		Usr 0 00:00:00, Sys 0 00:00:00  -  Total Local Usage
	0  -  Run Bytes Sent By Job
	0  -  Run Bytes Received By Job
	0  -  Total Bytes Sent By Job
	0  -  Total Bytes Received By Job
	Partitionable Resources :    Usage      Request Allocated Assigned
	   Cpus                 :     0.99        40           40 
	   Disk (KB)            :     3    661612624.20 735125138 
	   GPUs                 :     0.54         1            1 "GPU-fedc6f6b"
	   Memory (MB)          :   584        87707        87707 
	   TimeExecute (s)      : 31368                           
	   TimeSlotBusy (s)     : 31368                           
...
