000 (4385734.000.000) 2026-06-09 10:06:35 Job submitted from host: <146.179.108.134:9618?addrs=146.179.108.134-9618&alias=htcmaster00.hep.ph.ic.ac.uk&noUDP&sock=schedd_970_eaf4>
...
001 (4385734.000.000) 2026-06-09 10:06:50 Job executing on host: <146.179.108.46:9618?addrs=146.179.108.46-9618+[2a0c-5bc0-88-111-632-1ff-fee1-230e]-9618&alias=lxdgpu00.hep.ph.ic.ac.uk&noUDP&sock=startd_2319_3837>
	SlotName: slot1_1@lxdgpu00.hep.ph.ic.ac.uk
	AvailableGPUs = { GPUs_GPU_31edab1d }
	CondorScratchDir = "/srv/localstage/condor/dir_3087231"
	Cpus = 32
	Disk = 1507458923
	GPUs = 1
	GPUs_GPU_31edab1d = [ Id = "GPU-31edab1d"; ClockMhz = 1800.0; Capability = 8.6; CoresPerCU = 128; DeviceName = "NVIDIA RTX A6000"; DeviceUuid = "31edab1d-d62b-597c-ceec-dee727c0fb82"; ECCEnabled = true; ComputeUnits = 84; NvidiaDriver = "595.71.05"; DriverVersion = 13.2; DevicePciBusId = "0000:83:00.0"; GlobalMemoryMb = 45488; MaxSupportedVersion = 13020 ]
	Memory = 128075
...
006 (4385734.000.000) 2026-06-09 10:06:58 Image size of job updated: 163248
	160  -  MemoryUsage of job (MB)
	163248  -  ResidentSetSize of job (KB)
...
006 (4385734.000.000) 2026-06-09 10:08:58 Image size of job updated: 334252
	327  -  MemoryUsage of job (MB)
	334096  -  ResidentSetSize of job (KB)
...
006 (4385734.000.000) 2026-06-09 10:10:58 Image size of job updated: 401608
	391  -  MemoryUsage of job (MB)
	399560  -  ResidentSetSize of job (KB)
...
006 (4385734.000.000) 2026-06-09 10:12:59 Image size of job updated: 401796
	392  -  MemoryUsage of job (MB)
	400768  -  ResidentSetSize of job (KB)
...
006 (4385734.000.000) 2026-06-09 10:17:01 Image size of job updated: 401808
	392  -  MemoryUsage of job (MB)
	400768  -  ResidentSetSize of job (KB)
...
006 (4385734.000.000) 2026-06-09 10:19:01 Image size of job updated: 401808
	393  -  MemoryUsage of job (MB)
	401808  -  ResidentSetSize of job (KB)
...
006 (4385734.000.000) 2026-06-09 10:35:04 Image size of job updated: 401836
	393  -  MemoryUsage of job (MB)
	401808  -  ResidentSetSize of job (KB)
...
006 (4385734.000.000) 2026-06-09 10:37:04 Image size of job updated: 401836
	393  -  MemoryUsage of job (MB)
	401836  -  ResidentSetSize of job (KB)
...
006 (4385734.000.000) 2026-06-09 10:39:04 Image size of job updated: 402748
	394  -  MemoryUsage of job (MB)
	402748  -  ResidentSetSize of job (KB)
...
006 (4385734.000.000) 2026-06-09 10:41:05 Image size of job updated: 404532
	395  -  MemoryUsage of job (MB)
	403616  -  ResidentSetSize of job (KB)
...
006 (4385734.000.000) 2026-06-09 10:43:06 Image size of job updated: 404752
	396  -  MemoryUsage of job (MB)
	404752  -  ResidentSetSize of job (KB)
...
006 (4385734.000.000) 2026-06-09 10:45:08 Image size of job updated: 404928
	396  -  MemoryUsage of job (MB)
	404752  -  ResidentSetSize of job (KB)
...
006 (4385734.000.000) 2026-06-09 10:47:08 Image size of job updated: 405052
	396  -  MemoryUsage of job (MB)
	404752  -  ResidentSetSize of job (KB)
...
006 (4385734.000.000) 2026-06-09 10:49:08 Image size of job updated: 405188
	396  -  MemoryUsage of job (MB)
	404752  -  ResidentSetSize of job (KB)
...
006 (4385734.000.000) 2026-06-09 10:51:08 Image size of job updated: 405536
	396  -  MemoryUsage of job (MB)
	404752  -  ResidentSetSize of job (KB)
...
006 (4385734.000.000) 2026-06-09 10:55:09 Image size of job updated: 405852
	397  -  MemoryUsage of job (MB)
	405852  -  ResidentSetSize of job (KB)
...
006 (4385734.000.000) 2026-06-09 10:57:10 Image size of job updated: 406092
	397  -  MemoryUsage of job (MB)
	405852  -  ResidentSetSize of job (KB)
...
006 (4385734.000.000) 2026-06-09 10:59:11 Image size of job updated: 406148
	397  -  MemoryUsage of job (MB)
	405852  -  ResidentSetSize of job (KB)
...
006 (4385734.000.000) 2026-06-09 11:01:11 Image size of job updated: 406696
	397  -  MemoryUsage of job (MB)
	405852  -  ResidentSetSize of job (KB)
...
006 (4385734.000.000) 2026-06-09 11:03:11 Image size of job updated: 406908
	398  -  MemoryUsage of job (MB)
	406732  -  ResidentSetSize of job (KB)
...
006 (4385734.000.000) 2026-06-09 11:07:12 Image size of job updated: 407252
	398  -  MemoryUsage of job (MB)
	406732  -  ResidentSetSize of job (KB)
...
006 (4385734.000.000) 2026-06-09 11:09:13 Image size of job updated: 407688
	399  -  MemoryUsage of job (MB)
	407688  -  ResidentSetSize of job (KB)
...
006 (4385734.000.000) 2026-06-09 11:11:14 Image size of job updated: 407896
	399  -  MemoryUsage of job (MB)
	407688  -  ResidentSetSize of job (KB)
...
006 (4385734.000.000) 2026-06-09 11:13:15 Image size of job updated: 407896
	399  -  MemoryUsage of job (MB)
	407896  -  ResidentSetSize of job (KB)
...
006 (4385734.000.000) 2026-06-09 11:15:15 Image size of job updated: 408180
	399  -  MemoryUsage of job (MB)
	407896  -  ResidentSetSize of job (KB)
...
006 (4385734.000.000) 2026-06-09 11:19:15 Image size of job updated: 408296
	399  -  MemoryUsage of job (MB)
	407896  -  ResidentSetSize of job (KB)
...
006 (4385734.000.000) 2026-06-09 11:21:16 Image size of job updated: 408776
	399  -  MemoryUsage of job (MB)
	407896  -  ResidentSetSize of job (KB)
...
006 (4385734.000.000) 2026-06-09 11:23:17 Image size of job updated: 408780
	399  -  MemoryUsage of job (MB)
	407896  -  ResidentSetSize of job (KB)
...
006 (4385734.000.000) 2026-06-09 11:27:18 Image size of job updated: 408892
	399  -  MemoryUsage of job (MB)
	407896  -  ResidentSetSize of job (KB)
...
006 (4385734.000.000) 2026-06-09 11:29:18 Image size of job updated: 409260
	400  -  MemoryUsage of job (MB)
	409260  -  ResidentSetSize of job (KB)
...
006 (4385734.000.000) 2026-06-09 11:31:18 Image size of job updated: 409476
	400  -  MemoryUsage of job (MB)
	409260  -  ResidentSetSize of job (KB)
...
006 (4385734.000.000) 2026-06-09 11:33:18 Image size of job updated: 409872
	400  -  MemoryUsage of job (MB)
	409512  -  ResidentSetSize of job (KB)
...
006 (4385734.000.000) 2026-06-09 11:35:19 Image size of job updated: 409884
	400  -  MemoryUsage of job (MB)
	409512  -  ResidentSetSize of job (KB)
...
006 (4385734.000.000) 2026-06-09 11:39:21 Image size of job updated: 409892
	400  -  MemoryUsage of job (MB)
	409512  -  ResidentSetSize of job (KB)
...
006 (4385734.000.000) 2026-06-09 11:41:21 Image size of job updated: 409892
	401  -  MemoryUsage of job (MB)
	409892  -  ResidentSetSize of job (KB)
...
006 (4385734.000.000) 2026-06-09 11:43:21 Image size of job updated: 410140
	401  -  MemoryUsage of job (MB)
	409892  -  ResidentSetSize of job (KB)
...
006 (4385734.000.000) 2026-06-09 11:45:21 Image size of job updated: 410612
	401  -  MemoryUsage of job (MB)
	410612  -  ResidentSetSize of job (KB)
...
006 (4385734.000.000) 2026-06-09 11:47:22 Image size of job updated: 410976
	401  -  MemoryUsage of job (MB)
	410612  -  ResidentSetSize of job (KB)
...
006 (4385734.000.000) 2026-06-09 11:49:23 Image size of job updated: 411320
	402  -  MemoryUsage of job (MB)
	410652  -  ResidentSetSize of job (KB)
...
006 (4385734.000.000) 2026-06-09 11:51:24 Image size of job updated: 411536
	402  -  MemoryUsage of job (MB)
	410652  -  ResidentSetSize of job (KB)
...
006 (4385734.000.000) 2026-06-09 11:53:25 Image size of job updated: 411672
	402  -  MemoryUsage of job (MB)
	410652  -  ResidentSetSize of job (KB)
...
006 (4385734.000.000) 2026-06-09 11:55:25 Image size of job updated: 412092
	403  -  MemoryUsage of job (MB)
	411924  -  ResidentSetSize of job (KB)
...
006 (4385734.000.000) 2026-06-09 11:57:25 Image size of job updated: 412288
	403  -  MemoryUsage of job (MB)
	412092  -  ResidentSetSize of job (KB)
...
006 (4385734.000.000) 2026-06-09 12:01:26 Image size of job updated: 412404
	403  -  MemoryUsage of job (MB)
	412092  -  ResidentSetSize of job (KB)
...
006 (4385734.000.000) 2026-06-09 12:03:27 Image size of job updated: 413132
	403  -  MemoryUsage of job (MB)
	412092  -  ResidentSetSize of job (KB)
...
006 (4385734.000.000) 2026-06-09 12:05:28 Image size of job updated: 413132
	403  -  MemoryUsage of job (MB)
	412592  -  ResidentSetSize of job (KB)
...
006 (4385734.000.000) 2026-06-09 12:07:28 Image size of job updated: 413344
	403  -  MemoryUsage of job (MB)
	412592  -  ResidentSetSize of job (KB)
...
006 (4385734.000.000) 2026-06-09 12:11:28 Image size of job updated: 418708
	407  -  MemoryUsage of job (MB)
	416660  -  ResidentSetSize of job (KB)
...
006 (4385734.000.000) 2026-06-09 12:13:28 Image size of job updated: 418764
	409  -  MemoryUsage of job (MB)
	418708  -  ResidentSetSize of job (KB)
...
006 (4385734.000.000) 2026-06-09 12:15:29 Image size of job updated: 419412
	410  -  MemoryUsage of job (MB)
	419412  -  ResidentSetSize of job (KB)
...
006 (4385734.000.000) 2026-06-09 12:17:30 Image size of job updated: 423740
	414  -  MemoryUsage of job (MB)
	423200  -  ResidentSetSize of job (KB)
...
006 (4385734.000.000) 2026-06-09 12:19:31 Image size of job updated: 423904
	414  -  MemoryUsage of job (MB)
	423296  -  ResidentSetSize of job (KB)
...
005 (4385734.000.000) 2026-06-09 12:20:28 Job terminated.
	(1) Normal termination (return value 0)
		Usr 0 01:00:13, Sys 0 01:12:17  -  Run Remote Usage
		Usr 0 00:00:00, Sys 0 00:00:00  -  Run Local Usage
		Usr 0 01:00:13, Sys 0 01:12:17  -  Total Remote Usage
		Usr 0 00:00:00, Sys 0 00:00:00  -  Total Local Usage
	0  -  Run Bytes Sent By Job
	0  -  Run Bytes Received By Job
	0  -  Total Bytes Sent By Job
	0  -  Total Bytes Received By Job
	Partitionable Resources :    Usage       Request  Allocated Assigned
	   Cpus                 :     0.99         32            32 
	   Disk (KB)            :     2    1356713030.70 1507458923 
	   GPUs                 :     0.36          1             1 "GPU-31edab1d"
	   Memory (MB)          :   414        128075        128075 
	   TimeExecute (s)      :  8018                             
	   TimeSlotBusy (s)     :  8018                             
...
