Host : lxcgpu03.hep.ph.ic.ac.uk
Date : Thu Jun 11 05:14:20 BST 2026
Args : --config configs/tune.yaml
GPU  : Tesla V100-PCIE-32GB

Backend: gpu cuda  |  pipeline: raw
Loading 1000 events from /vols/cms/mm1221/cms/Data/d5/1k_mix/hdf5 ...
  1000 events in 0.6s
Config snapshot: results/param_tuning/tune_d5_2/config.json
Starting MOPSO: 60 particles × 60 iterations
Timing first iteration (60 particles × 1000 events)...
First iteration:  220.5s
Estimated total:  60 iters × 220.5s/iter = 3h 40m  (finish ~08:59)

  iter  3/60  214.6s/iter  elapsed 10m 43s  remaining ~3h 23m  pareto 38
  iter  6/60  213.6s/iter  elapsed 21m 21s  remaining ~3h 12m  pareto 58
  iter  9/60  212.3s/iter  elapsed 31m 50s  remaining ~3h 00m  pareto 85
  iter 12/60  211.3s/iter  elapsed 42m 23s  remaining ~2h 49m  pareto 97
  iter 15/60  210.3s/iter  elapsed 52m 50s  remaining ~2h 37m  pareto 112
  iter 18/60  210.1s/iter  elapsed 1h 03m  remaining ~2h 27m  pareto 126
  iter 21/60  208.9s/iter  elapsed 1h 13m  remaining ~2h 15m  pareto 144
  iter 24/60  209.1s/iter  elapsed 1h 24m  remaining ~2h 05m  pareto 156
  iter 27/60  208.5s/iter  elapsed 1h 34m  remaining ~1h 54m  pareto 162
  iter 30/60  208.7s/iter  elapsed 1h 44m  remaining ~1h 44m  pareto 174
  iter 33/60  208.2s/iter  elapsed 1h 55m  remaining ~1h 33m  pareto 186
  iter 36/60  209.2s/iter  elapsed 2h 05m  remaining ~1h 23m  pareto 199
  iter 39/60  209.7s/iter  elapsed 2h 16m  remaining ~1h 13m  pareto 216
  iter 42/60  209.3s/iter  elapsed 2h 26m  remaining ~1h 02m  pareto 225
  iter 45/60  209.5s/iter  elapsed 2h 37m  remaining ~52m 22s  pareto 236
  iter 48/60  208.6s/iter  elapsed 2h 47m  remaining ~41m 43s  pareto 246
  iter 51/60  208.6s/iter  elapsed 2h 58m  remaining ~31m 16s  pareto 256
  iter 54/60  208.3s/iter  elapsed 3h 08m  remaining ~20m 49s  pareto 267
  iter 57/60  209.1s/iter  elapsed 3h 19m  remaining ~10m 27s  pareto 278
  iter 60/60  209.5s/iter  elapsed 3h 29m  remaining ~0s  pareto 286

Done in 3h 29m  (209.6s/iter avg)  Pareto size: 286

      dc    rhoc       do       dm  z_scale  max_purity   min_eff  pen_ratio
  0.6235  8.0000  20.0000   1.0816   0.1269      0.0043    0.1298   125.0516
  0.5885  7.0291  20.0000   1.2880   0.1303      0.0050    0.1731    94.5153
  0.6485  5.8811   1.0000   2.2247   0.0996      0.0056    0.1459    85.5441
  0.6654  6.6618  20.0000   1.2734   0.1384      0.0058    0.1840    84.1613
  0.5829  6.0915   2.6638   1.0000   0.0800      0.0058    0.1446    81.3625
  0.8269  7.1659  14.1935   1.3122   0.1449      0.0061    0.1942    85.4008
  0.4589  8.0000   1.0000   1.0000   0.0388      0.0061    0.1368    78.1122
  0.6720  8.0000  20.0000   1.5494   0.1502      0.0067    0.2007    83.8471
  0.4026  4.6536  15.6492   1.3788   0.2152      0.0067    0.1763    67.4855
  0.5327  8.0000   1.0000   1.0000   0.0237      0.0068    0.1587    62.6870
  0.4760  5.8141   5.5888   1.0000   0.0546      0.0070    0.1658    48.3588
  0.5116  7.6771  20.0000   1.7105   0.1664      0.0071    0.2082    83.3597
  0.1788  2.4290   1.0265   2.4164   0.3586      0.0072    0.0906    29.9131
  1.1670  7.3009  17.0867   1.5119   0.2363      0.0074    0.2105    71.9563
  0.9131  7.9809  12.9810   1.8474   0.2380      0.0074    0.2302    76.3783
  0.5385  5.4992  14.1087   1.0000   0.0742      0.0075    0.1700    49.5205
  0.5188  6.3686   3.2774   1.0000   0.0474      0.0076    0.1674    43.8499
  1.0914  8.0000   1.6436   2.1465   0.1820      0.0076    0.2394    68.9249
  0.6635  8.0000   1.6118   1.0000   0.0272      0.0079    0.1773    60.4077
  0.9705  5.9234  20.0000   1.3329   0.1919      0.0079    0.2106    67.3022
  0.7811  5.1046   5.1510   1.1626   0.1012      0.0084    0.2002    59.4571
  0.6934  8.0000   1.8443   1.8873   0.1478      0.0084    0.2396    70.5941
  0.6724  7.2048   7.3652   1.2188   0.0747      0.0089    0.2022    62.4098
  0.7064  8.0000   1.0000   1.6766   0.0100      0.0093    0.1928    51.2154
  0.3986  5.7046   6.8748   1.0000   0.0432      0.0093    0.1730    38.4674
  1.2315  8.0000  12.4363   1.5486   0.1841      0.0093    0.2521    59.0766
  0.6185  6.7089   1.0000   1.0000   0.0100      0.0096    0.2024    35.0312
  0.5751  6.3804   1.6768   1.0000   0.0100      0.0099    0.2056    30.3853
  0.5249  5.9885   1.0000   1.0000   0.0100      0.0101    0.2047    25.1366
  1.2022  8.0000  10.8837   1.8969   0.2232      0.0102    0.2786    53.8116
  1.1377  7.8311   5.9331   1.9874   0.2230      0.0103    0.2808    49.7722
  0.9191  6.5690  11.1383   1.7079   0.1853      0.0104    0.2742    42.8831
  1.1729  8.0000  12.0773   2.0470   0.2336      0.0104    0.2856    52.0314
  0.6078  6.2299   1.0000   2.8905   0.0100      0.0106    0.2123    29.1020
  1.0531  8.0000  13.5402   1.9824   0.1783      0.0107    0.2864    53.7474
  0.5758  4.4302  20.0000   1.5422   0.1781      0.0117    0.2782    28.0016
  0.9381  4.7486   1.5348   2.2924   0.1729      0.0120    0.2790    30.2045
  0.2605  4.6472   1.0000   1.5648   0.0100      0.0125    0.1979    22.3983
  0.4518  3.8770  20.0000   1.4834   0.1695      0.0128    0.2659    27.6501
  0.3833  5.2137   1.0000   3.0909   0.0100      0.0129    0.2012    21.0720
  1.1392  7.5662  11.9605   2.1037   0.2150      0.0129    0.3050    41.1121
  0.4209  5.2047   1.0000   1.0000   0.0100      0.0131    0.2079    20.6302
  0.9338  6.6753  10.9110   2.0148   0.2106      0.0132    0.3108    36.1133
  0.4886  4.9836   1.0000   1.4824   0.0100      0.0140    0.2257    16.0136
  0.8604  4.4594  11.7475   1.6903   0.2526      0.0144    0.2804    28.1290
  1.1701  7.3044  13.8909   2.3163   0.2751      0.0146    0.3205    37.6898
  0.8807  4.6813  20.0000   1.6202   0.1604      0.0149    0.3052    25.0116
  1.1082  5.7282  19.1845   1.8774   0.2153      0.0149    0.3291    26.9303
  0.6483  4.6613   1.0000   3.3407   0.0350      0.0160    0.2292    23.0246
  0.3738  4.4438   1.0000   1.0000   0.0100      0.0164    0.2211    13.8132
  0.7268  5.8493   7.9789   2.0454   0.1693      0.0173    0.3307    30.8075
  0.6128  4.8881   9.2330   1.9382   0.2149      0.0174    0.3204    26.8253
  0.4742  4.6215   2.9216   1.0000   0.0100      0.0176    0.2354    13.4293
  0.3646  4.1433  11.6090   1.1365   0.0492      0.0176    0.2480    18.8774
  0.4687  4.3841   1.0000   1.0000   0.0100      0.0182    0.2385    11.7611
  1.2026  7.0386  12.2089   2.4866   0.2393      0.0186    0.3428    33.6253
  0.8220  4.0836   8.9282   1.7319   0.2046      0.0192    0.3284    19.7062
  1.1784  5.4905  13.9959   2.0449   0.2364      0.0193    0.3536    21.6772
  1.1410  6.3544   5.7124   2.1781   0.1818      0.0193    0.3554    27.1663
  0.6720  4.7554   1.0000   1.2365   0.0100      0.0194    0.2532    15.8764
  0.7327  4.9199   1.0000   1.0000   0.0100      0.0196    0.2591    15.9843
  0.5643  4.7919   4.1944   1.2656   0.0334      0.0196    0.2977    15.9789
  0.8971  4.4733   4.9488   1.7839   0.1674      0.0197    0.3338    20.1393
  0.5380  3.6098   1.0000   1.9802   0.0299      0.0211    0.2484    12.5279
  0.6046  4.2018   1.0000   1.0000   0.0100      0.0220    0.2577    12.7471
  0.9951  3.5628  20.0000   1.6684   0.1732      0.0230    0.3409    15.9004
  0.5129  4.1296   4.4783   1.0000   0.0100      0.0231    0.2565    10.1533
  1.2067  4.1739  14.7246   1.7375   0.2000      0.0231    0.3432    17.8768
  0.8605  4.9771  15.7613   1.6407   0.1160      0.0234    0.3461    21.0849
  1.0462  4.8048  20.0000   2.2627   0.2832      0.0234    0.3585    21.5006
  0.5709  4.0430   2.9182   1.0000   0.0100      0.0235    0.2617    10.4845
  1.2833  6.0257  14.0507   2.5498   0.2622      0.0238    0.3847    21.0999
  0.7208  4.4136   1.0000   1.0000   0.0100      0.0241    0.2682    12.6007
  1.1919  4.9826  20.0000   2.1835   0.2308      0.0246    0.3910    16.5914
  0.5673  4.5229   1.4400   1.2419   0.0100      0.0251    0.3091    13.2500
  0.9786  3.8591  19.3751   1.8618   0.1932      0.0257    0.3700    13.8516
  1.3572  6.3240  16.7475   2.6727   0.2284      0.0257    0.3913    22.1237
  1.2765  4.8444   7.1726   2.2593   0.2685      0.0259    0.3982    16.3388
  0.4353  3.4240   1.0000   1.7375   0.0100      0.0261    0.2601     9.6018
  0.5051  4.3129   2.1838   1.5917   0.0622      0.0266    0.3455    13.6317
  0.8296  3.9754  20.0000   2.0514   0.2073      0.0270    0.3822    15.9640
  0.5576  4.2272  12.5490   1.0000   0.0100      0.0274    0.2718    11.2993
  1.1035  4.3688  10.3695   2.1321   0.2538      0.0275    0.3942    13.8974
  0.3374  4.1154  15.8676   1.1092   0.0100      0.0276    0.2789    11.5158
  0.4912  3.3368   1.0000   1.0000   0.0100      0.0279    0.2677     7.2404
  1.2456  4.4286  12.1957   2.1297   0.2347      0.0292    0.3978    13.4928
  1.5559  5.7777  10.3916   2.6938   0.2994      0.0292    0.4058    17.8408
  0.4925  4.0844  18.6147   1.0000   0.0100      0.0292    0.2777     9.4343
  0.4867  4.2209   7.8302   1.4819   0.0563      0.0293    0.3393    11.7116
  1.4529  5.9519  17.5949   2.9382   0.3246      0.0297    0.4088    20.3733
  0.6432  4.3226  16.7556   2.3172   0.2029      0.0303    0.4020    15.5258
  0.6602  3.6426   4.1748   1.0000   0.0100      0.0316    0.2809     9.9970
  1.2046  4.9716  15.0868   2.2676   0.1868      0.0316    0.4176    14.9787
  0.6259  4.1019  20.0000   1.0000   0.0100      0.0317    0.2879    10.4439
  0.5675  3.9037  20.0000   1.0000   0.0100      0.0318    0.2868     9.5038
  0.4838  3.8745  19.7746   1.0000   0.0100      0.0318    0.2813     8.8840
  1.5001  5.6991  20.0000   2.9159   0.2840      0.0318    0.4208    18.5428
  1.0151  3.6457  20.0000   1.9363   0.1700      0.0318    0.3920    12.5657
  0.4657  3.7832  20.0000   1.0000   0.0100      0.0320    0.2820     8.4087
  0.4832  3.1272   1.0000   1.2794   0.0100      0.0321    0.2731     6.8575
  0.3698  3.6127  20.0000   1.0000   0.0100      0.0326    0.2761     8.3959
  0.9389  4.1931  20.0000   2.3423   0.1988      0.0328    0.4217    12.4476
  0.3987  3.2235   8.7419   1.0000   0.0100      0.0329    0.2777     8.3614
  1.3937  5.4206  20.0000   3.0418   0.3150      0.0337    0.4297    16.0815
  1.2699  4.8255  18.5097   2.5223   0.2153      0.0338    0.4249    14.3548
  0.5744  4.4607  17.2134   1.2976   0.0100      0.0345    0.3442    10.2989
  1.0646  5.0764  20.0000   3.1064   0.2964      0.0346    0.4351    16.4130
  0.9216  3.6106  13.5630   2.1082   0.2003      0.0349    0.4127    11.3715
  1.2061  3.5272  19.4789   2.0919   0.2467      0.0350    0.4124    10.3149
  0.7935  4.1702   8.3910   1.0000   0.0100      0.0352    0.2968    10.0596
  1.6754  4.8517  20.0000   2.5704   0.3124      0.0357    0.4318    13.4013
  0.6922  3.3166   1.0000   1.0000   0.0100      0.0362    0.2869     8.9344
  0.8793  4.3326  16.8439   1.8048   0.0974      0.0363    0.4010    10.0971
  0.9076  4.1689   3.8136   1.0000   0.0100      0.0363    0.3048     9.9076
  0.3851  3.4787  16.6751   1.0695   0.0100      0.0364    0.3010     7.8823
  1.4925  5.4631  14.6945   3.1198   0.2638      0.0366    0.4373    17.0842
  0.8779  3.6072  13.9380   2.1934   0.1815      0.0366    0.4245     9.9558
  1.6440  4.9460  20.0000   2.6840   0.2922      0.0372    0.4383    13.8337
  1.7004  4.3377  20.0000   2.3487   0.2821      0.0380    0.4350    10.8158
  1.4832  4.7888   5.3857   2.9302   0.3360      0.0383    0.4405    13.2802
  0.6134  4.1386   7.0101   1.3733   0.0161      0.0384    0.3605     9.2384
  0.3906  3.2687  16.0806   1.7434   0.1081      0.0384    0.3823     9.8909
  1.3860  3.8502  19.6389   2.2853   0.2259      0.0386    0.4388     9.2310
  0.3562  2.9391  20.0000   1.0000   0.0202      0.0387    0.2933     7.5238
  1.2389  3.9440  20.0000   2.4188   0.2289      0.0389    0.4425     9.8336
  1.0889  4.2212  18.6549   2.6732   0.2588      0.0391    0.4446    10.7455
  1.2455  4.1268  20.0000   2.6298   0.3002      0.0392    0.4451    10.1711
  1.2557  3.8154  10.9666   2.3372   0.2140      0.0399    0.4409     9.3773
  0.3391  2.9966  20.0000   1.0000   0.0100      0.0403    0.2938     7.5179
  0.3296  2.9566  18.6960   1.0000   0.0100      0.0405    0.2933     7.4926
  0.4925  3.4102   5.1104   1.3653   0.0279      0.0407    0.3612     8.4559
  0.4171  3.0976  12.3940   1.7604   0.1233      0.0407    0.3932     9.2068
  1.0176  3.8256  20.0000   2.4457   0.1958      0.0411    0.4478     8.4914
  0.3130  2.9333  20.0000   1.0000   0.0100      0.0419    0.2937     7.3355
  0.4754  3.4117  17.8786   1.1590   0.0100      0.0424    0.3358     7.2367
  1.0025  4.0397  20.0000   2.7219   0.2225      0.0424    0.4535    10.1405
  0.3079  2.6581   6.6302   1.0000   0.0100      0.0424    0.2881     6.0698
  0.6431  2.9863   1.0000   1.4071   0.0100      0.0426    0.2911     7.1896
  0.5855  2.8072   1.0000   1.0000   0.0100      0.0441    0.2894     7.1604
  0.8622  4.3043  20.0000   2.4421   0.1368      0.0446    0.4559    11.1077
  1.2552  4.9990  17.3685   2.9872   0.2026      0.0446    0.4667    16.1344
  1.3950  4.0186  17.5253   2.7625   0.2463      0.0453    0.4648     8.5127
  0.6409  2.2216   6.7801   1.7387   0.1758      0.0456    0.3827     5.7618
  0.7335  3.2006  20.0000   1.6938   0.0957      0.0456    0.4077     7.8182
  0.6536  2.2086  20.0000   1.7292   0.1609      0.0469    0.3869     6.4264
  1.1184  3.7031  15.8606   1.7080   0.1080      0.0470    0.4128     8.2912
  1.4132  3.6735  20.0000   2.4578   0.2249      0.0471    0.4641     6.8101
  1.0856  4.7716  15.0333   2.6565   0.1468      0.0475    0.4724    11.7383
  1.0232  4.1626   7.1352   2.6961   0.1718      0.0476    0.4699    11.2358
  1.0855  3.5607  20.0000   2.3124   0.1793      0.0483    0.4650     8.7239
  1.0274  3.5534   2.1059   2.0207   0.1174      0.0510    0.4455     5.8866
  0.5589  2.5464  15.0531   1.7526   0.1340      0.0513    0.4124     5.0516
  0.9993  3.1117  18.0140   2.4809   0.2430      0.0514    0.4699     5.6021
  0.7104  3.9951  10.7202   3.1171   0.2246      0.0515    0.4756    12.4377
  1.7410  5.5726  20.0000   2.7351   0.1869      0.0518    0.4820    14.0088
  1.1878  4.3159  16.2876   2.4381   0.1516      0.0519    0.4736     9.2436
  0.8941  3.8326  13.0153   2.7609   0.2039      0.0519    0.4788     8.7972
  1.2903  5.3009  16.8600   2.9478   0.1496      0.0520    0.4885    14.2513
  1.4040  4.6986  19.8963   2.7877   0.2023      0.0531    0.4845    10.9174
  1.1011  4.2316   8.2071   2.6991   0.1634      0.0538    0.4887     8.2004
  0.7714  3.9103  10.3193   2.9639   0.1604      0.0538    0.4889    10.2570
  1.1052  3.3995  20.0000   2.4348   0.1817      0.0541    0.4828     7.5108
  0.5053  2.7389  20.0000   1.0000   0.0100      0.0547    0.3164     4.9492
  1.2330  3.0744  12.8707   2.5986   0.2839      0.0549    0.4844     4.6614
  0.9974  2.3374  13.4905   1.9402   0.1884      0.0571    0.4330     4.4965
  1.7678  5.4778  15.0144   3.1970   0.1964      0.0583    0.4912    13.9481
  1.0275  3.6627   3.2410   2.3516   0.1175      0.0585    0.4860     6.4431
  1.0366  3.6597  16.2330   2.9588   0.2079      0.0585    0.4996     9.1898
  1.7296  4.4433  20.0000   2.8664   0.2512      0.0591    0.4983     8.4042
  1.7857  4.4722  20.0000   2.8660   0.2527      0.0595    0.4987     8.0682
  1.4698  3.5287  11.0297   2.3915   0.2036      0.0603    0.4881     5.7626
  1.3648  4.0278   9.7688   2.6398   0.1909      0.0604    0.4994     7.1499
  0.7825  2.7124  11.7256   2.0800   0.1350      0.0617    0.4722     4.4467
  1.1548  3.4905  11.6645   2.9630   0.1872      0.0625    0.5139     7.8173
  0.4784  2.4655  18.6731   1.0000   0.0100      0.0625    0.3233     4.3746
  1.8214  4.2623   5.7716   2.8017   0.2234      0.0625    0.5001     7.5059
  1.6002  3.7204   3.3789   2.8834   0.2498      0.0646    0.5069     4.6453
  1.5019  4.2324  10.8616   2.5736   0.1429      0.0653    0.5090     6.6767
  1.4081  3.9587  18.8177   2.7542   0.1877      0.0655    0.5116     6.8408
  1.0928  3.5102  15.6345   2.6239   0.1569      0.0659    0.5132     5.6736
  1.1779  4.0170   6.3599   2.8838   0.1252      0.0669    0.5210     7.4896
  0.5862  2.2087  20.0000   2.2719   0.2440      0.0670    0.4702     4.3131
  1.5397  4.1335  13.8946   3.1175   0.2173      0.0677    0.5251     8.1094
  1.2127  2.7033   6.2290   2.5717   0.2459      0.0682    0.5005     3.7054
  1.2889  3.9752  13.4955   3.2139   0.1896      0.0684    0.5270     7.8719
  1.4498  3.3907  10.8366   2.3804   0.1791      0.0700    0.5090     4.9890
  1.1260  2.7456  20.0000   2.8888   0.2759      0.0714    0.5172     4.1147
  1.0729  3.2469  16.9744   3.0823   0.1751      0.0722    0.5381     5.2176
  0.8872  2.7037   3.6351   3.1048   0.2540      0.0727    0.5187     4.2882
  1.0252  2.4179  10.9855   2.5997   0.2187      0.0739    0.5148     3.1046
  1.4237  3.7593  19.7561   2.5555   0.1320      0.0746    0.5284     4.8382
  1.2257  2.6282  19.0291   2.9276   0.2548      0.0750    0.5297     3.3947
  1.3633  3.5346  17.1195   3.0346   0.1841      0.0758    0.5428     5.2087
  1.4278  3.4070  20.0000   2.7481   0.1746      0.0764    0.5349     4.6400
  1.0235  2.8032  20.0000   2.9688   0.1912      0.0779    0.5419     3.9332
  1.3627  3.1065  20.0000   2.7037   0.1746      0.0791    0.5408     3.8431
  1.3120  2.3972   9.6016   2.6520   0.2158      0.0792    0.5276     3.0843
  1.3976  3.3622  20.0000   3.3928   0.2064      0.0811    0.5487     4.9081
  1.3965  3.6062  20.0000   3.4594   0.1804      0.0819    0.5521     4.9896
  1.0997  3.0578  17.9965   2.7004   0.1394      0.0820    0.5435     4.2353
  1.1127  2.4028   8.8895   3.0232   0.2526      0.0824    0.5414     3.1017
  1.0196  2.7148  20.0000   2.9084   0.1639      0.0826    0.5512     4.1166
  1.0808  3.3274  17.2147   3.1055   0.1260      0.0836    0.5555     4.9524
  1.2898  2.7759  20.0000   3.4352   0.2570      0.0842    0.5575     4.6310
  0.8568  2.9008  10.7754   3.3107   0.1575      0.0845    0.5604     4.3495
  0.7895  2.4640  19.7649   2.7998   0.1644      0.0858    0.5484     3.9461
  1.3849  2.1864  20.0000   2.4620   0.2220      0.0859    0.5207     3.0279
  1.5854  3.0925  20.0000   2.6748   0.2055      0.0880    0.5457     3.8118
  1.3693  2.8479  17.2626   2.4841   0.1390      0.0924    0.5458     3.3493
  0.6173  2.2905   8.9770   3.0871   0.1873      0.0934    0.5605     4.0583
  0.9288  2.6396  20.0000   2.6811   0.1270      0.0950    0.5549     3.8515
  1.2882  2.0132   9.3307   2.6149   0.2136      0.0956    0.5410     2.9015
  1.4404  2.9112   8.9636   2.9122   0.1590      0.0961    0.5653     3.2456
  1.2540  2.8341   8.7394   2.8693   0.1365      0.0962    0.5687     3.4023
  1.6576  2.0249  14.1229   2.5437   0.3067      0.0965    0.5356     2.7898
  0.9668  2.6031  20.0000   3.0766   0.1531      0.0993    0.5727     3.8059
  1.5744  2.6127   5.0157   3.0620   0.2336      0.1003    0.5672     2.8676
  1.2060  2.9136  16.5186   3.3158   0.1214      0.1023    0.5787     4.2133
  1.2502  2.6988  20.0000   3.2140   0.1536      0.1047    0.5838     3.2449
  1.4758  2.6990  10.7547   2.6380   0.1277      0.1059    0.5711     3.1666
  1.7088  2.5719   5.7796   3.2779   0.2417      0.1073    0.5764     3.0966
  0.9446  2.5299   3.8827   3.5387   0.1131      0.1083    0.5846     4.4501
  1.7629  2.3400  15.2111   3.1053   0.2630      0.1118    0.5741     2.9349
  1.0218  2.5272   6.4983   3.4028   0.1013      0.1130    0.5916     3.8552
  1.0629  2.6523  16.4720   2.8272   0.0750      0.1135    0.5864     3.5793
  1.4426  2.3168   7.5298   2.6958   0.1374      0.1162    0.5880     3.1338
  0.9527  2.0348  14.7367   3.4166   0.1667      0.1177    0.6016     3.4396
  1.1487  1.9515  19.2881   2.6014   0.1792      0.1192    0.5718     2.8663
  1.3258  3.1336  16.9484   2.4670   0.0100      0.1197    0.5795     2.8182
  0.9617  2.2466  20.0000   3.3424   0.1042      0.1256    0.6094     3.3517
  1.0525  2.2141   9.4262   3.1544   0.0884      0.1268    0.6107     3.4542
  1.0352  1.8990  20.0000   2.5535   0.1173      0.1291    0.5900     2.7387
  1.1152  2.7164  20.0000   3.0066   0.0100      0.1306    0.5969     3.0712
  0.8948  2.3502  17.1640   3.0818   0.0100      0.1351    0.6059     2.7262
  0.9956  2.3442  16.6535   3.0229   0.0100      0.1388    0.6088     3.1554
  0.8113  2.0355  17.6135   3.0918   0.0700      0.1396    0.6141     3.1859
  0.9200  1.6232   9.1885   3.2407   0.1146      0.1486    0.6320     3.0966
  1.4347  2.4952  18.2391   2.5005   0.0100      0.1514    0.6093     2.6696
  1.1972  2.0939  20.0000   2.9681   0.0611      0.1523    0.6182     2.9664
  0.5850  1.5497  16.2485   2.7631   0.0968      0.1524    0.6112     2.8134
  1.3321  1.8175  15.9145   2.7997   0.0911      0.1530    0.6238     3.0545
  1.1834  2.2075  17.7093   2.6574   0.0100      0.1540    0.6196     2.8805
  1.3676  2.2335   7.6952   2.6933   0.0168      0.1544    0.6177     2.8489
  0.8046  1.8600  19.4795   2.9506   0.0342      0.1574    0.6244     3.0076
  0.7919  1.7365   8.0435   2.9902   0.0100      0.1599    0.6276     2.7911
  1.3789  1.5692  16.1724   3.1397   0.1271      0.1654    0.6343     3.1502
  0.9943  1.6024  19.2655   3.2030   0.0853      0.1658    0.6426     3.1210
  1.2448  2.1273  20.0000   2.4067   0.0100      0.1669    0.6129     2.7556
  1.1218  1.5328  20.0000   2.9543   0.1029      0.1690    0.6361     2.9006
  1.0991  1.9738  20.0000   2.3243   0.0100      0.1697    0.6094     2.7445
  0.5903  1.6425  20.0000   3.4206   0.0348      0.1711    0.6365     2.7192
  0.9424  1.5525  19.3144   3.2107   0.0765      0.1711    0.6447     2.8360
  1.0831  1.5314  18.4838   3.2730   0.0769      0.1766    0.6439     2.8065
  0.8825  1.1951  20.0000   3.3462   0.1456      0.1835    0.6524     3.4725
  1.0783  1.4434  20.0000   3.0511   0.0791      0.1846    0.6466     2.9508
  0.6442  1.2112  20.0000   3.3825   0.1169      0.1875    0.6514     3.4265
  0.8235  1.3838  12.1221   2.9765   0.0453      0.1926    0.6471     3.0796
  0.8797  1.0687  20.0000   3.3859   0.1677      0.1932    0.6588     3.6516
  0.8473  1.3729  19.5982   3.2548   0.0100      0.2012    0.6568     2.9957
  1.0882  1.4316  18.4865   3.0387   0.0100      0.2019    0.6469     2.9865
  0.9305  1.0365  20.0000   3.4924   0.1061      0.2127    0.6652     3.7416
  0.9809  1.2763  20.0000   2.8080   0.0100      0.2186    0.6599     3.2873
  0.7068  1.1410  20.0000   3.1255   0.0100      0.2232    0.6685     3.3157
  0.6255  1.0164   9.2706   3.1926   0.0100      0.2320    0.6727     3.5276
  0.5362  1.0622  20.0000   3.2136   0.0100      0.2325    0.6738     3.4106
  0.6970  0.9310  20.0000   3.3181   0.0100      0.2503    0.6799     3.5476
  0.6725  0.4680  20.0000   3.4445   0.2308      0.3060    0.6835     5.0259
  0.5627  0.6272  20.0000   3.3062   0.0100      0.3061    0.6974     4.1712
  0.3886  0.5212  17.5381   3.1378   0.0100      0.3335    0.7054     4.7673
  0.5451  0.4277  20.0000   3.4711   0.0100      0.3498    0.7055     4.8144
  0.8670  0.4902  20.0000   2.8839   0.0100      0.3566    0.7085     4.8655
  0.3566  0.4623  19.8634   2.9471   0.0100      0.3613    0.7100     5.2562
  1.1023  0.2572  19.8061   3.1982   0.0720      0.3995    0.7133     5.5579
  0.5276  0.2127  20.0000   3.4374   0.0100      0.4334    0.7233     5.9129
  0.0100  0.2325  20.0000   2.8443   0.0100      0.4505    0.7254     6.8767
  0.7606  0.1000  20.0000   3.3006   0.1074      0.4725    0.7268     7.5364
  0.6818  0.1000  18.0046   3.4673   0.0745      0.4769    0.7263     7.0025
  0.7259  0.1000   8.8868   3.3140   0.0100      0.4830    0.7285     7.4149
  0.5717  0.1000  20.0000   3.3751   0.0100      0.4842    0.7294     7.1282
  0.8385  0.1000  20.0000   3.1948   0.0100      0.4852    0.7319     7.2287
  0.5482  0.1000  19.5798   3.3696   0.0100      0.4853    0.7310     7.1862
  0.5260  0.1000  20.0000   3.3564   0.0100      0.4865    0.7325     7.2069
  0.7158  0.1000  13.3647   3.2096   0.0100      0.4867    0.7359     7.5444
  0.4189  0.1000  20.0000   3.4123   0.0100      0.4894    0.7336     7.1699
  0.3748  0.1000  20.0000   3.1476   0.0551      0.4918    0.7373     7.7638
  0.4012  0.1000  20.0000   3.2263   0.0100      0.4951    0.7375     7.6012

Pareto front  → results/param_tuning/tune_d5_2/pareto_front.parquet
CSV snapshot  → results/param_tuning/tune_d5_2/checkpoint/pareto_front.csv
Checkpoint    → results/param_tuning/tune_d5_2/checkpoint/mopso.pkl
