000 (4397840.000.000) 2026-06-11 05:14:16 Job submitted from host: <146.179.108.134:9618?addrs=146.179.108.134-9618&alias=htcmaster00.hep.ph.ic.ac.uk&noUDP&sock=schedd_970_eaf4>
...
001 (4397840.000.000) 2026-06-11 05:14:16 Job executing on host: <146.179.108.124:9618?addrs=146.179.108.124-9618+[2a0c-5bc0-88-111-216-3eff-fe7f-1dc]-9618&alias=lxcgpu03.hep.ph.ic.ac.uk&noUDP&sock=startd_1993_9c57>
	SlotName: slot1_1@lxcgpu03.hep.ph.ic.ac.uk
	AvailableGPUs = { GPUs_GPU_5269b953 }
	CondorScratchDir = "/srv/localstage/condor/dir_1378966"
	Cpus = 40
	Disk = 735125138
	GPUs = 1
	GPUs_GPU_5269b953 = [ Id = "GPU-5269b953"; ClockMhz = 1380.0; Capability = 7.0; CoresPerCU = 64; DeviceName = "Tesla V100-PCIE-32GB"; DeviceUuid = "5269b953-3f5d-8bb2-9294-0150e3c31d44"; ECCEnabled = true; ComputeUnits = 80; NvidiaDriver = "580.159.04"; DriverVersion = 13.0; DevicePciBusId = "0000:00:03.0"; GlobalMemoryMb = 32494; MaxSupportedVersion = 13000 ]
	Memory = 87707
...
006 (4397840.000.000) 2026-06-11 05:14:25 Image size of job updated: 17356
	17  -  MemoryUsage of job (MB)
	17356  -  ResidentSetSize of job (KB)
...
006 (4397840.000.000) 2026-06-11 05:16:26 Image size of job updated: 344968
	335  -  MemoryUsage of job (MB)
	342920  -  ResidentSetSize of job (KB)
...
006 (4397840.000.000) 2026-06-11 05:18:27 Image size of job updated: 344968
	336  -  MemoryUsage of job (MB)
	343308  -  ResidentSetSize of job (KB)
...
006 (4397840.000.000) 2026-06-11 05:20:27 Image size of job updated: 395696
	385  -  MemoryUsage of job (MB)
	393648  -  ResidentSetSize of job (KB)
...
006 (4397840.000.000) 2026-06-11 05:22:27 Image size of job updated: 395696
	386  -  MemoryUsage of job (MB)
	394396  -  ResidentSetSize of job (KB)
...
006 (4397840.000.000) 2026-06-11 05:24:27 Image size of job updated: 401176
	390  -  MemoryUsage of job (MB)
	399128  -  ResidentSetSize of job (KB)
...
006 (4397840.000.000) 2026-06-11 05:26:28 Image size of job updated: 416876
	406  -  MemoryUsage of job (MB)
	414828  -  ResidentSetSize of job (KB)
...
006 (4397840.000.000) 2026-06-11 05:28:29 Image size of job updated: 416944
	406  -  MemoryUsage of job (MB)
	414896  -  ResidentSetSize of job (KB)
...
006 (4397840.000.000) 2026-06-11 05:30:30 Image size of job updated: 416984
	406  -  MemoryUsage of job (MB)
	414936  -  ResidentSetSize of job (KB)
...
006 (4397840.000.000) 2026-06-11 05:32:31 Image size of job updated: 416984
	406  -  MemoryUsage of job (MB)
	415664  -  ResidentSetSize of job (KB)
...
006 (4397840.000.000) 2026-06-11 05:34:31 Image size of job updated: 416996
	406  -  MemoryUsage of job (MB)
	415664  -  ResidentSetSize of job (KB)
...
006 (4397840.000.000) 2026-06-11 05:38:31 Image size of job updated: 417040
	406  -  MemoryUsage of job (MB)
	415664  -  ResidentSetSize of job (KB)
...
006 (4397840.000.000) 2026-06-11 05:40:32 Image size of job updated: 417048
	406  -  MemoryUsage of job (MB)
	415664  -  ResidentSetSize of job (KB)
...
006 (4397840.000.000) 2026-06-11 05:42:33 Image size of job updated: 417048
	408  -  MemoryUsage of job (MB)
	417048  -  ResidentSetSize of job (KB)
...
006 (4397840.000.000) 2026-06-11 05:44:34 Image size of job updated: 417524
	408  -  MemoryUsage of job (MB)
	417524  -  ResidentSetSize of job (KB)
...
006 (4397840.000.000) 2026-06-11 05:46:35 Image size of job updated: 419572
	410  -  MemoryUsage of job (MB)
	419572  -  ResidentSetSize of job (KB)
...
006 (4397840.000.000) 2026-06-11 05:48:35 Image size of job updated: 419580
	410  -  MemoryUsage of job (MB)
	419572  -  ResidentSetSize of job (KB)
...
006 (4397840.000.000) 2026-06-11 05:52:35 Image size of job updated: 424748
	414  -  MemoryUsage of job (MB)
	423756  -  ResidentSetSize of job (KB)
...
006 (4397840.000.000) 2026-06-11 05:54:36 Image size of job updated: 425100
	416  -  MemoryUsage of job (MB)
	425100  -  ResidentSetSize of job (KB)
...
006 (4397840.000.000) 2026-06-11 05:58:38 Image size of job updated: 425456
	416  -  MemoryUsage of job (MB)
	425100  -  ResidentSetSize of job (KB)
...
006 (4397840.000.000) 2026-06-11 06:02:40 Image size of job updated: 425804
	416  -  MemoryUsage of job (MB)
	425100  -  ResidentSetSize of job (KB)
...
006 (4397840.000.000) 2026-06-11 06:06:41 Image size of job updated: 426220
	416  -  MemoryUsage of job (MB)
	425100  -  ResidentSetSize of job (KB)
...
006 (4397840.000.000) 2026-06-11 06:08:41 Image size of job updated: 426532
	416  -  MemoryUsage of job (MB)
	425100  -  ResidentSetSize of job (KB)
...
006 (4397840.000.000) 2026-06-11 06:10:41 Image size of job updated: 426556
	416  -  MemoryUsage of job (MB)
	425244  -  ResidentSetSize of job (KB)
...
006 (4397840.000.000) 2026-06-11 06:12:41 Image size of job updated: 426784
	416  -  MemoryUsage of job (MB)
	425244  -  ResidentSetSize of job (KB)
...
006 (4397840.000.000) 2026-06-11 06:16:41 Image size of job updated: 426972
	416  -  MemoryUsage of job (MB)
	425244  -  ResidentSetSize of job (KB)
...
006 (4397840.000.000) 2026-06-11 06:18:42 Image size of job updated: 426972
	416  -  MemoryUsage of job (MB)
	425544  -  ResidentSetSize of job (KB)
...
006 (4397840.000.000) 2026-06-11 06:20:43 Image size of job updated: 427592
	416  -  MemoryUsage of job (MB)
	425544  -  ResidentSetSize of job (KB)
...
006 (4397840.000.000) 2026-06-11 06:22:44 Image size of job updated: 427592
	416  -  MemoryUsage of job (MB)
	425880  -  ResidentSetSize of job (KB)
...
006 (4397840.000.000) 2026-06-11 06:24:44 Image size of job updated: 427928
	416  -  MemoryUsage of job (MB)
	425880  -  ResidentSetSize of job (KB)
...
006 (4397840.000.000) 2026-06-11 06:26:44 Image size of job updated: 428408
	417  -  MemoryUsage of job (MB)
	426360  -  ResidentSetSize of job (KB)
...
006 (4397840.000.000) 2026-06-11 06:30:44 Image size of job updated: 428408
	417  -  MemoryUsage of job (MB)
	426788  -  ResidentSetSize of job (KB)
...
006 (4397840.000.000) 2026-06-11 06:32:45 Image size of job updated: 428408
	418  -  MemoryUsage of job (MB)
	427048  -  ResidentSetSize of job (KB)
...
006 (4397840.000.000) 2026-06-11 06:34:46 Image size of job updated: 429096
	420  -  MemoryUsage of job (MB)
	429096  -  ResidentSetSize of job (KB)
...
006 (4397840.000.000) 2026-06-11 06:36:47 Image size of job updated: 429448
	420  -  MemoryUsage of job (MB)
	429096  -  ResidentSetSize of job (KB)
...
006 (4397840.000.000) 2026-06-11 06:42:47 Image size of job updated: 429816
	420  -  MemoryUsage of job (MB)
	429096  -  ResidentSetSize of job (KB)
...
006 (4397840.000.000) 2026-06-11 06:44:47 Image size of job updated: 430020
	420  -  MemoryUsage of job (MB)
	430020  -  ResidentSetSize of job (KB)
...
006 (4397840.000.000) 2026-06-11 06:48:49 Image size of job updated: 430192
	420  -  MemoryUsage of job (MB)
	430020  -  ResidentSetSize of job (KB)
...
006 (4397840.000.000) 2026-06-11 06:50:50 Image size of job updated: 430896
	421  -  MemoryUsage of job (MB)
	430192  -  ResidentSetSize of job (KB)
...
006 (4397840.000.000) 2026-06-11 06:52:51 Image size of job updated: 430896
	421  -  MemoryUsage of job (MB)
	430252  -  ResidentSetSize of job (KB)
...
006 (4397840.000.000) 2026-06-11 06:54:51 Image size of job updated: 430968
	421  -  MemoryUsage of job (MB)
	430252  -  ResidentSetSize of job (KB)
...
006 (4397840.000.000) 2026-06-11 06:58:51 Image size of job updated: 431228
	421  -  MemoryUsage of job (MB)
	430252  -  ResidentSetSize of job (KB)
...
006 (4397840.000.000) 2026-06-11 07:00:51 Image size of job updated: 431228
	422  -  MemoryUsage of job (MB)
	431228  -  ResidentSetSize of job (KB)
...
006 (4397840.000.000) 2026-06-11 07:02:52 Image size of job updated: 431664
	422  -  MemoryUsage of job (MB)
	431228  -  ResidentSetSize of job (KB)
...
006 (4397840.000.000) 2026-06-11 07:04:53 Image size of job updated: 432164
	422  -  MemoryUsage of job (MB)
	431228  -  ResidentSetSize of job (KB)
...
006 (4397840.000.000) 2026-06-11 07:06:54 Image size of job updated: 432172
	422  -  MemoryUsage of job (MB)
	431228  -  ResidentSetSize of job (KB)
...
006 (4397840.000.000) 2026-06-11 07:08:55 Image size of job updated: 433012
	422  -  MemoryUsage of job (MB)
	431228  -  ResidentSetSize of job (KB)
...
006 (4397840.000.000) 2026-06-11 07:10:55 Image size of job updated: 433012
	423  -  MemoryUsage of job (MB)
	433012  -  ResidentSetSize of job (KB)
...
006 (4397840.000.000) 2026-06-11 07:12:55 Image size of job updated: 433052
	423  -  MemoryUsage of job (MB)
	433012  -  ResidentSetSize of job (KB)
...
006 (4397840.000.000) 2026-06-11 07:14:55 Image size of job updated: 433052
	423  -  MemoryUsage of job (MB)
	433040  -  ResidentSetSize of job (KB)
...
006 (4397840.000.000) 2026-06-11 07:16:56 Image size of job updated: 433268
	423  -  MemoryUsage of job (MB)
	433040  -  ResidentSetSize of job (KB)
...
006 (4397840.000.000) 2026-06-11 07:18:57 Image size of job updated: 438544
	429  -  MemoryUsage of job (MB)
	438544  -  ResidentSetSize of job (KB)
...
006 (4397840.000.000) 2026-06-11 07:20:58 Image size of job updated: 439800
	430  -  MemoryUsage of job (MB)
	439800  -  ResidentSetSize of job (KB)
...
006 (4397840.000.000) 2026-06-11 07:22:59 Image size of job updated: 440960
	431  -  MemoryUsage of job (MB)
	440960  -  ResidentSetSize of job (KB)
...
006 (4397840.000.000) 2026-06-11 07:26:59 Image size of job updated: 441376
	431  -  MemoryUsage of job (MB)
	440960  -  ResidentSetSize of job (KB)
...
006 (4397840.000.000) 2026-06-11 07:28:59 Image size of job updated: 442260
	431  -  MemoryUsage of job (MB)
	440960  -  ResidentSetSize of job (KB)
...
006 (4397840.000.000) 2026-06-11 07:33:01 Image size of job updated: 442316
	431  -  MemoryUsage of job (MB)
	440960  -  ResidentSetSize of job (KB)
...
006 (4397840.000.000) 2026-06-11 07:37:03 Image size of job updated: 442824
	432  -  MemoryUsage of job (MB)
	442160  -  ResidentSetSize of job (KB)
...
006 (4397840.000.000) 2026-06-11 07:41:03 Image size of job updated: 443376
	432  -  MemoryUsage of job (MB)
	442160  -  ResidentSetSize of job (KB)
...
006 (4397840.000.000) 2026-06-11 07:43:03 Image size of job updated: 443492
	433  -  MemoryUsage of job (MB)
	443376  -  ResidentSetSize of job (KB)
...
006 (4397840.000.000) 2026-06-11 07:47:04 Image size of job updated: 443844
	433  -  MemoryUsage of job (MB)
	443376  -  ResidentSetSize of job (KB)
...
006 (4397840.000.000) 2026-06-11 07:51:06 Image size of job updated: 444096
	434  -  MemoryUsage of job (MB)
	443844  -  ResidentSetSize of job (KB)
...
006 (4397840.000.000) 2026-06-11 07:53:07 Image size of job updated: 444472
	434  -  MemoryUsage of job (MB)
	443844  -  ResidentSetSize of job (KB)
...
006 (4397840.000.000) 2026-06-11 07:55:07 Image size of job updated: 462728
	452  -  MemoryUsage of job (MB)
	462356  -  ResidentSetSize of job (KB)
...
006 (4397840.000.000) 2026-06-11 07:57:07 Image size of job updated: 464844
	454  -  MemoryUsage of job (MB)
	464784  -  ResidentSetSize of job (KB)
...
006 (4397840.000.000) 2026-06-11 08:01:08 Image size of job updated: 465512
	454  -  MemoryUsage of job (MB)
	464784  -  ResidentSetSize of job (KB)
...
006 (4397840.000.000) 2026-06-11 08:03:09 Image size of job updated: 465532
	454  -  MemoryUsage of job (MB)
	464784  -  ResidentSetSize of job (KB)
...
006 (4397840.000.000) 2026-06-11 08:07:11 Image size of job updated: 465720
	455  -  MemoryUsage of job (MB)
	465436  -  ResidentSetSize of job (KB)
...
006 (4397840.000.000) 2026-06-11 08:09:11 Image size of job updated: 465836
	455  -  MemoryUsage of job (MB)
	465436  -  ResidentSetSize of job (KB)
...
006 (4397840.000.000) 2026-06-11 08:11:11 Image size of job updated: 466556
	455  -  MemoryUsage of job (MB)
	465836  -  ResidentSetSize of job (KB)
...
006 (4397840.000.000) 2026-06-11 08:15:11 Image size of job updated: 466640
	455  -  MemoryUsage of job (MB)
	465836  -  ResidentSetSize of job (KB)
...
006 (4397840.000.000) 2026-06-11 08:17:12 Image size of job updated: 467092
	455  -  MemoryUsage of job (MB)
	465836  -  ResidentSetSize of job (KB)
...
006 (4397840.000.000) 2026-06-11 08:19:13 Image size of job updated: 481464
	469  -  MemoryUsage of job (MB)
	479416  -  ResidentSetSize of job (KB)
...
006 (4397840.000.000) 2026-06-11 08:21:14 Image size of job updated: 481464
	470  -  MemoryUsage of job (MB)
	480628  -  ResidentSetSize of job (KB)
...
006 (4397840.000.000) 2026-06-11 08:23:15 Image size of job updated: 481980
	471  -  MemoryUsage of job (MB)
	481980  -  ResidentSetSize of job (KB)
...
006 (4397840.000.000) 2026-06-11 08:25:15 Image size of job updated: 482288
	471  -  MemoryUsage of job (MB)
	482288  -  ResidentSetSize of job (KB)
...
006 (4397840.000.000) 2026-06-11 08:29:15 Image size of job updated: 482640
	471  -  MemoryUsage of job (MB)
	482288  -  ResidentSetSize of job (KB)
...
006 (4397840.000.000) 2026-06-11 08:31:15 Image size of job updated: 483148
	471  -  MemoryUsage of job (MB)
	482288  -  ResidentSetSize of job (KB)
...
006 (4397840.000.000) 2026-06-11 08:35:17 Image size of job updated: 483636
	471  -  MemoryUsage of job (MB)
	482288  -  ResidentSetSize of job (KB)
...
006 (4397840.000.000) 2026-06-11 08:41:20 Image size of job updated: 484204
	471  -  MemoryUsage of job (MB)
	482288  -  ResidentSetSize of job (KB)
...
006 (4397840.000.000) 2026-06-11 08:43:20 Image size of job updated: 484264
	472  -  MemoryUsage of job (MB)
	482416  -  ResidentSetSize of job (KB)
...
005 (4397840.000.000) 2026-06-11 08:44:58 Job terminated.
	(1) Normal termination (return value 0)
		Usr 0 02:19:55, Sys 0 01:07:37  -  Run Remote Usage
		Usr 0 00:00:00, Sys 0 00:00:00  -  Run Local Usage
		Usr 0 02:19:55, Sys 0 01:07:37  -  Total Remote Usage
		Usr 0 00:00:00, Sys 0 00:00:00  -  Total Local Usage
	0  -  Run Bytes Sent By Job
	0  -  Run Bytes Received By Job
	0  -  Total Bytes Sent By Job
	0  -  Total Bytes Received By Job
	Partitionable Resources :    Usage      Request Allocated Assigned
	   Cpus                 :     0.99        40           40 
	   Disk (KB)            :     2    661612624.20 735125138 
	   GPUs                 :     0.57         1            1 "GPU-5269b953"
	   Memory (MB)          :   472        87707        87707 
	   TimeExecute (s)      : 12642                           
	   TimeSlotBusy (s)     : 12642                           
...
