000 (4516014.000.000) 2026-07-08 19:46:41 Job submitted from host: <146.179.108.134:9618?addrs=146.179.108.134-9618+[2a0c-5bc0-88-111-216-3eff-fe7f-207]-9618&alias=htcmaster00.hep.ph.ic.ac.uk&noUDP&sock=schedd_970_eaf4>
...
001 (4516014.000.000) 2026-07-09 08:09:50 Job executing on host: <146.179.108.47:9618?addrs=146.179.108.47-9618+[2a0c-5bc0-88-111-632-1ff-fee0-a7a8]-9618&alias=lxdgpu01.hep.ph.ic.ac.uk&noUDP&sock=startd_2419_cfaf>
	SlotName: slot1_1@lxdgpu01.hep.ph.ic.ac.uk
	AvailableGPUs = { GPUs_GPU_f49fbfc7 }
	CondorScratchDir = "/srv/localstage/condor/dir_15862"
	Cpus = 32
	Disk = 1507458923
	GPUs = 1
	GPUs_GPU_f49fbfc7 = [ Id = "GPU-f49fbfc7"; ClockMhz = 1800.0; Capability = 8.6; CoresPerCU = 128; DeviceName = "NVIDIA RTX A6000"; DeviceUuid = "f49fbfc7-d356-8a7c-f7e6-7743f70cfe2b"; ECCEnabled = true; ComputeUnits = 84; NvidiaDriver = "610.43.02"; DriverVersion = 13.3; DevicePciBusId = "0000:83:00.0"; GlobalMemoryMb = 45485; MaxSupportedVersion = 13030 ]
	Memory = 128075
...
006 (4516014.000.000) 2026-07-09 08:09:58 Image size of job updated: 5036
	5  -  MemoryUsage of job (MB)
	5036  -  ResidentSetSize of job (KB)
...
006 (4516014.000.000) 2026-07-09 08:11:58 Image size of job updated: 419908
	410  -  MemoryUsage of job (MB)
	419044  -  ResidentSetSize of job (KB)
...
006 (4516014.000.000) 2026-07-09 08:13:59 Image size of job updated: 421108
	412  -  MemoryUsage of job (MB)
	421092  -  ResidentSetSize of job (KB)
...
006 (4516014.000.000) 2026-07-09 08:20:01 Image size of job updated: 421124
	412  -  MemoryUsage of job (MB)
	421092  -  ResidentSetSize of job (KB)
...
006 (4516014.000.000) 2026-07-09 08:24:01 Image size of job updated: 421124
	412  -  MemoryUsage of job (MB)
	421124  -  ResidentSetSize of job (KB)
...
006 (4516014.000.000) 2026-07-09 08:26:01 Image size of job updated: 577916
	563  -  MemoryUsage of job (MB)
	575868  -  ResidentSetSize of job (KB)
...
006 (4516014.000.000) 2026-07-09 08:28:02 Image size of job updated: 577916
	565  -  MemoryUsage of job (MB)
	577604  -  ResidentSetSize of job (KB)
...
006 (4516014.000.000) 2026-07-09 08:32:04 Image size of job updated: 577916
	565  -  MemoryUsage of job (MB)
	577752  -  ResidentSetSize of job (KB)
...
006 (4516014.000.000) 2026-07-09 08:40:05 Image size of job updated: 582960
	568  -  MemoryUsage of job (MB)
	580912  -  ResidentSetSize of job (KB)
...
006 (4516014.000.000) 2026-07-09 08:42:06 Image size of job updated: 582960
	568  -  MemoryUsage of job (MB)
	581036  -  ResidentSetSize of job (KB)
...
006 (4516014.000.000) 2026-07-09 08:48:07 Image size of job updated: 582960
	569  -  MemoryUsage of job (MB)
	581768  -  ResidentSetSize of job (KB)
...
006 (4516014.000.000) 2026-07-09 08:52:07 Image size of job updated: 582984
	570  -  MemoryUsage of job (MB)
	582984  -  ResidentSetSize of job (KB)
...
006 (4516014.000.000) 2026-07-09 09:06:11 Image size of job updated: 582992
	570  -  MemoryUsage of job (MB)
	582984  -  ResidentSetSize of job (KB)
...
006 (4516014.000.000) 2026-07-09 09:18:14 Image size of job updated: 583004
	570  -  MemoryUsage of job (MB)
	582984  -  ResidentSetSize of job (KB)
...
006 (4516014.000.000) 2026-07-09 09:24:17 Image size of job updated: 583004
	570  -  MemoryUsage of job (MB)
	583004  -  ResidentSetSize of job (KB)
...
006 (4516014.000.000) 2026-07-09 09:32:17 Image size of job updated: 583012
	570  -  MemoryUsage of job (MB)
	583004  -  ResidentSetSize of job (KB)
...
006 (4516014.000.000) 2026-07-09 09:44:20 Image size of job updated: 583044
	570  -  MemoryUsage of job (MB)
	583004  -  ResidentSetSize of job (KB)
...
006 (4516014.000.000) 2026-07-09 10:04:26 Image size of job updated: 583044
	570  -  MemoryUsage of job (MB)
	583044  -  ResidentSetSize of job (KB)
...
006 (4516014.000.000) 2026-07-09 10:12:27 Image size of job updated: 583056
	570  -  MemoryUsage of job (MB)
	583044  -  ResidentSetSize of job (KB)
...
006 (4516014.000.000) 2026-07-09 10:14:28 Image size of job updated: 583056
	570  -  MemoryUsage of job (MB)
	583056  -  ResidentSetSize of job (KB)
...
006 (4516014.000.000) 2026-07-09 10:16:29 Image size of job updated: 583072
	570  -  MemoryUsage of job (MB)
	583056  -  ResidentSetSize of job (KB)
...
006 (4516014.000.000) 2026-07-09 10:18:30 Image size of job updated: 583484
	570  -  MemoryUsage of job (MB)
	583056  -  ResidentSetSize of job (KB)
...
006 (4516014.000.000) 2026-07-09 10:20:30 Image size of job updated: 583484
	570  -  MemoryUsage of job (MB)
	583484  -  ResidentSetSize of job (KB)
...
006 (4516014.000.000) 2026-07-09 10:40:34 Image size of job updated: 583492
	570  -  MemoryUsage of job (MB)
	583484  -  ResidentSetSize of job (KB)
...
006 (4516014.000.000) 2026-07-09 10:52:37 Image size of job updated: 583492
	570  -  MemoryUsage of job (MB)
	583492  -  ResidentSetSize of job (KB)
...
006 (4516014.000.000) 2026-07-09 11:06:41 Image size of job updated: 583496
	570  -  MemoryUsage of job (MB)
	583496  -  ResidentSetSize of job (KB)
...
006 (4516014.000.000) 2026-07-09 11:16:44 Image size of job updated: 583528
	570  -  MemoryUsage of job (MB)
	583496  -  ResidentSetSize of job (KB)
...
006 (4516014.000.000) 2026-07-09 11:22:46 Image size of job updated: 583544
	570  -  MemoryUsage of job (MB)
	583496  -  ResidentSetSize of job (KB)
...
006 (4516014.000.000) 2026-07-09 11:30:47 Image size of job updated: 583544
	570  -  MemoryUsage of job (MB)
	583544  -  ResidentSetSize of job (KB)
...
006 (4516014.000.000) 2026-07-09 11:34:48 Image size of job updated: 583592
	570  -  MemoryUsage of job (MB)
	583544  -  ResidentSetSize of job (KB)
...
006 (4516014.000.000) 2026-07-09 11:36:49 Image size of job updated: 583592
	570  -  MemoryUsage of job (MB)
	583592  -  ResidentSetSize of job (KB)
...
006 (4516014.000.000) 2026-07-09 11:46:50 Image size of job updated: 583628
	570  -  MemoryUsage of job (MB)
	583592  -  ResidentSetSize of job (KB)
...
006 (4516014.000.000) 2026-07-09 11:50:52 Image size of job updated: 583628
	570  -  MemoryUsage of job (MB)
	583628  -  ResidentSetSize of job (KB)
...
006 (4516014.000.000) 2026-07-09 12:02:55 Image size of job updated: 583632
	570  -  MemoryUsage of job (MB)
	583628  -  ResidentSetSize of job (KB)
...
006 (4516014.000.000) 2026-07-09 12:16:58 Image size of job updated: 583660
	570  -  MemoryUsage of job (MB)
	583660  -  ResidentSetSize of job (KB)
...
006 (4516014.000.000) 2026-07-09 12:29:00 Image size of job updated: 585892
	571  -  MemoryUsage of job (MB)
	584036  -  ResidentSetSize of job (KB)
...
006 (4516014.000.000) 2026-07-09 12:31:01 Image size of job updated: 586084
	573  -  MemoryUsage of job (MB)
	585764  -  ResidentSetSize of job (KB)
...
006 (4516014.000.000) 2026-07-09 12:39:03 Image size of job updated: 586084
	573  -  MemoryUsage of job (MB)
	586084  -  ResidentSetSize of job (KB)
...
006 (4516014.000.000) 2026-07-09 12:57:08 Image size of job updated: 586140
	573  -  MemoryUsage of job (MB)
	586084  -  ResidentSetSize of job (KB)
...
006 (4516014.000.000) 2026-07-09 13:07:11 Image size of job updated: 586140
	573  -  MemoryUsage of job (MB)
	586140  -  ResidentSetSize of job (KB)
...
006 (4516014.000.000) 2026-07-09 13:13:13 Image size of job updated: 586396
	573  -  MemoryUsage of job (MB)
	586140  -  ResidentSetSize of job (KB)
...
006 (4516014.000.000) 2026-07-09 13:19:14 Image size of job updated: 587148
	573  -  MemoryUsage of job (MB)
	586140  -  ResidentSetSize of job (KB)
...
006 (4516014.000.000) 2026-07-09 13:21:14 Image size of job updated: 587148
	573  -  MemoryUsage of job (MB)
	586564  -  ResidentSetSize of job (KB)
...
006 (4516014.000.000) 2026-07-09 13:25:15 Image size of job updated: 587180
	573  -  MemoryUsage of job (MB)
	586564  -  ResidentSetSize of job (KB)
...
006 (4516014.000.000) 2026-07-09 13:27:16 Image size of job updated: 587180
	574  -  MemoryUsage of job (MB)
	586952  -  ResidentSetSize of job (KB)
...
006 (4516014.000.000) 2026-07-09 13:29:17 Image size of job updated: 587180
	574  -  MemoryUsage of job (MB)
	587056  -  ResidentSetSize of job (KB)
...
006 (4516014.000.000) 2026-07-09 13:37:18 Image size of job updated: 587180
	574  -  MemoryUsage of job (MB)
	587180  -  ResidentSetSize of job (KB)
...
006 (4516014.000.000) 2026-07-09 13:53:22 Image size of job updated: 587184
	574  -  MemoryUsage of job (MB)
	587180  -  ResidentSetSize of job (KB)
...
006 (4516014.000.000) 2026-07-09 13:55:23 Image size of job updated: 587184
	574  -  MemoryUsage of job (MB)
	587184  -  ResidentSetSize of job (KB)
...
006 (4516014.000.000) 2026-07-09 14:21:30 Image size of job updated: 587316
	574  -  MemoryUsage of job (MB)
	587184  -  ResidentSetSize of job (KB)
...
006 (4516014.000.000) 2026-07-09 14:27:31 Image size of job updated: 587316
	574  -  MemoryUsage of job (MB)
	587316  -  ResidentSetSize of job (KB)
...
006 (4516014.000.000) 2026-07-09 14:35:34 Image size of job updated: 587416
	574  -  MemoryUsage of job (MB)
	587316  -  ResidentSetSize of job (KB)
...
006 (4516014.000.000) 2026-07-09 14:49:37 Image size of job updated: 587676
	574  -  MemoryUsage of job (MB)
	587416  -  ResidentSetSize of job (KB)
...
006 (4516014.000.000) 2026-07-09 15:03:41 Image size of job updated: 587892
	574  -  MemoryUsage of job (MB)
	587416  -  ResidentSetSize of job (KB)
...
006 (4516014.000.000) 2026-07-09 15:05:41 Image size of job updated: 587900
	574  -  MemoryUsage of job (MB)
	587416  -  ResidentSetSize of job (KB)
...
006 (4516014.000.000) 2026-07-09 15:17:45 Image size of job updated: 587928
	574  -  MemoryUsage of job (MB)
	587416  -  ResidentSetSize of job (KB)
...
006 (4516014.000.000) 2026-07-09 15:21:45 Image size of job updated: 587928
	575  -  MemoryUsage of job (MB)
	587928  -  ResidentSetSize of job (KB)
...
006 (4516014.000.000) 2026-07-09 15:31:48 Image size of job updated: 588028
	575  -  MemoryUsage of job (MB)
	587928  -  ResidentSetSize of job (KB)
...
006 (4516014.000.000) 2026-07-09 15:45:52 Image size of job updated: 588272
	575  -  MemoryUsage of job (MB)
	588272  -  ResidentSetSize of job (KB)
...
006 (4516014.000.000) 2026-07-09 15:59:55 Image size of job updated: 588280
	575  -  MemoryUsage of job (MB)
	588272  -  ResidentSetSize of job (KB)
...
006 (4516014.000.000) 2026-07-09 16:03:55 Image size of job updated: 588280
	575  -  MemoryUsage of job (MB)
	588280  -  ResidentSetSize of job (KB)
...
006 (4516014.000.000) 2026-07-09 16:13:58 Image size of job updated: 588324
	575  -  MemoryUsage of job (MB)
	588280  -  ResidentSetSize of job (KB)
...
006 (4516014.000.000) 2026-07-09 16:15:58 Image size of job updated: 588324
	575  -  MemoryUsage of job (MB)
	588324  -  ResidentSetSize of job (KB)
...
022 (4516014.000.000) 2026-07-09 16:41:55 Job disconnected, attempting to reconnect
    Local schedd and job shadow died, schedd now running again
    Trying to reconnect to slot1_1@lxdgpu01.hep.ph.ic.ac.uk <146.179.108.47:9618?addrs=146.179.108.47-9618+[2a0c-5bc0-88-111-632-1ff-fee0-a7a8]-9618&alias=lxdgpu01.hep.ph.ic.ac.uk&noUDP&sock=startd_2419_cfaf>
...
023 (4516014.000.000) 2026-07-09 16:41:56 Job reconnected to slot1_1@lxdgpu01.hep.ph.ic.ac.uk
    startd address: <146.179.108.47:9618?addrs=146.179.108.47-9618+[2a0c-5bc0-88-111-632-1ff-fee0-a7a8]-9618&alias=lxdgpu01.hep.ph.ic.ac.uk&noUDP&sock=startd_2419_cfaf>
    starter address: <146.179.108.47:9618?addrs=146.179.108.47-9618+[2a0c-5bc0-88-111-632-1ff-fee0-a7a8]-9618&alias=lxdgpu01.hep.ph.ic.ac.uk&noUDP&sock=slot1_1_3037_9755_9>
...
