000 (4390909.000.000) 2026-06-10 15:08:36 Job submitted from host: <146.179.108.134:9618?addrs=146.179.108.134-9618&alias=htcmaster00.hep.ph.ic.ac.uk&noUDP&sock=schedd_970_eaf4>
...
001 (4390909.000.000) 2026-06-10 15:08:37 Job executing on host: <146.179.108.123:9618?addrs=146.179.108.123-9618+[2a0c-5bc0-88-111-216-3eff-fe7f-1db]-9618&alias=lxcgpu02.hep.ph.ic.ac.uk&noUDP&sock=startd_1897_c33f>
	SlotName: slot1_1@lxcgpu02.hep.ph.ic.ac.uk
	AvailableGPUs = { GPUs_GPU_26b53f56 }
	CondorScratchDir = "/srv/localstage/condor/dir_2214887"
	Cpus = 40
	Disk = 735125138
	GPUs = 1
	GPUs_GPU_26b53f56 = [ Id = "GPU-26b53f56"; ClockMhz = 1380.0; Capability = 7.0; CoresPerCU = 64; DeviceName = "Tesla V100-PCIE-32GB"; DeviceUuid = "26b53f56-e762-284c-9af0-969372e446e1"; ECCEnabled = true; ComputeUnits = 80; NvidiaDriver = "580.159.04"; DriverVersion = 13.0; DevicePciBusId = "0000:00:03.0"; GlobalMemoryMb = 32494; MaxSupportedVersion = 13000 ]
	Memory = 87707
...
006 (4390909.000.000) 2026-06-10 15:08:46 Image size of job updated: 46680
	46  -  MemoryUsage of job (MB)
	46680  -  ResidentSetSize of job (KB)
...
006 (4390909.000.000) 2026-06-10 15:10:47 Image size of job updated: 341400
	332  -  MemoryUsage of job (MB)
	339432  -  ResidentSetSize of job (KB)
...
006 (4390909.000.000) 2026-06-10 15:12:48 Image size of job updated: 391804
	382  -  MemoryUsage of job (MB)
	390748  -  ResidentSetSize of job (KB)
...
006 (4390909.000.000) 2026-06-10 15:14:48 Image size of job updated: 392796
	382  -  MemoryUsage of job (MB)
	391160  -  ResidentSetSize of job (KB)
...
006 (4390909.000.000) 2026-06-10 15:16:48 Image size of job updated: 393124
	384  -  MemoryUsage of job (MB)
	392820  -  ResidentSetSize of job (KB)
...
006 (4390909.000.000) 2026-06-10 15:18:48 Image size of job updated: 393140
	384  -  MemoryUsage of job (MB)
	392820  -  ResidentSetSize of job (KB)
...
006 (4390909.000.000) 2026-06-10 15:20:48 Image size of job updated: 394176
	385  -  MemoryUsage of job (MB)
	394176  -  ResidentSetSize of job (KB)
...
006 (4390909.000.000) 2026-06-10 15:22:49 Image size of job updated: 402692
	392  -  MemoryUsage of job (MB)
	400644  -  ResidentSetSize of job (KB)
...
006 (4390909.000.000) 2026-06-10 15:24:50 Image size of job updated: 413360
	404  -  MemoryUsage of job (MB)
	413360  -  ResidentSetSize of job (KB)
...
006 (4390909.000.000) 2026-06-10 15:28:52 Image size of job updated: 413388
	404  -  MemoryUsage of job (MB)
	413360  -  ResidentSetSize of job (KB)
...
006 (4390909.000.000) 2026-06-10 15:30:53 Image size of job updated: 413400
	404  -  MemoryUsage of job (MB)
	413360  -  ResidentSetSize of job (KB)
...
006 (4390909.000.000) 2026-06-10 15:32:53 Image size of job updated: 415160
	404  -  MemoryUsage of job (MB)
	413532  -  ResidentSetSize of job (KB)
...
006 (4390909.000.000) 2026-06-10 15:34:53 Image size of job updated: 415592
	404  -  MemoryUsage of job (MB)
	413544  -  ResidentSetSize of job (KB)
...
006 (4390909.000.000) 2026-06-10 15:36:53 Image size of job updated: 415592
	404  -  MemoryUsage of job (MB)
	413612  -  ResidentSetSize of job (KB)
...
006 (4390909.000.000) 2026-06-10 15:38:53 Image size of job updated: 415624
	404  -  MemoryUsage of job (MB)
	413612  -  ResidentSetSize of job (KB)
...
006 (4390909.000.000) 2026-06-10 15:40:53 Image size of job updated: 415624
	406  -  MemoryUsage of job (MB)
	414760  -  ResidentSetSize of job (KB)
...
006 (4390909.000.000) 2026-06-10 15:42:54 Image size of job updated: 416120
	407  -  MemoryUsage of job (MB)
	416120  -  ResidentSetSize of job (KB)
...
006 (4390909.000.000) 2026-06-10 15:44:55 Image size of job updated: 418168
	409  -  MemoryUsage of job (MB)
	418168  -  ResidentSetSize of job (KB)
...
006 (4390909.000.000) 2026-06-10 15:46:56 Image size of job updated: 418492
	409  -  MemoryUsage of job (MB)
	418168  -  ResidentSetSize of job (KB)
...
006 (4390909.000.000) 2026-06-10 15:48:57 Image size of job updated: 418792
	409  -  MemoryUsage of job (MB)
	418168  -  ResidentSetSize of job (KB)
...
006 (4390909.000.000) 2026-06-10 15:50:58 Image size of job updated: 418948
	409  -  MemoryUsage of job (MB)
	418168  -  ResidentSetSize of job (KB)
...
006 (4390909.000.000) 2026-06-10 15:52:58 Image size of job updated: 419184
	410  -  MemoryUsage of job (MB)
	418884  -  ResidentSetSize of job (KB)
...
006 (4390909.000.000) 2026-06-10 15:54:58 Image size of job updated: 420228
	410  -  MemoryUsage of job (MB)
	418884  -  ResidentSetSize of job (KB)
...
006 (4390909.000.000) 2026-06-10 15:56:58 Image size of job updated: 420228
	411  -  MemoryUsage of job (MB)
	419960  -  ResidentSetSize of job (KB)
...
006 (4390909.000.000) 2026-06-10 15:58:58 Image size of job updated: 420228
	411  -  MemoryUsage of job (MB)
	420228  -  ResidentSetSize of job (KB)
...
006 (4390909.000.000) 2026-06-10 16:00:58 Image size of job updated: 420244
	411  -  MemoryUsage of job (MB)
	420228  -  ResidentSetSize of job (KB)
...
006 (4390909.000.000) 2026-06-10 16:02:59 Image size of job updated: 420580
	411  -  MemoryUsage of job (MB)
	420244  -  ResidentSetSize of job (KB)
...
006 (4390909.000.000) 2026-06-10 16:05:00 Image size of job updated: 420852
	411  -  MemoryUsage of job (MB)
	420244  -  ResidentSetSize of job (KB)
...
006 (4390909.000.000) 2026-06-10 16:09:02 Image size of job updated: 420900
	411  -  MemoryUsage of job (MB)
	420820  -  ResidentSetSize of job (KB)
...
006 (4390909.000.000) 2026-06-10 16:11:03 Image size of job updated: 421344
	412  -  MemoryUsage of job (MB)
	421344  -  ResidentSetSize of job (KB)
...
006 (4390909.000.000) 2026-06-10 16:15:03 Image size of job updated: 421736
	412  -  MemoryUsage of job (MB)
	421344  -  ResidentSetSize of job (KB)
...
006 (4390909.000.000) 2026-06-10 16:17:03 Image size of job updated: 421820
	412  -  MemoryUsage of job (MB)
	421344  -  ResidentSetSize of job (KB)
...
006 (4390909.000.000) 2026-06-10 16:21:03 Image size of job updated: 422492
	412  -  MemoryUsage of job (MB)
	421344  -  ResidentSetSize of job (KB)
...
006 (4390909.000.000) 2026-06-10 16:23:04 Image size of job updated: 422680
	412  -  MemoryUsage of job (MB)
	421344  -  ResidentSetSize of job (KB)
...
006 (4390909.000.000) 2026-06-10 16:25:05 Image size of job updated: 422904
	413  -  MemoryUsage of job (MB)
	422904  -  ResidentSetSize of job (KB)
...
006 (4390909.000.000) 2026-06-10 16:27:06 Image size of job updated: 423588
	413  -  MemoryUsage of job (MB)
	422904  -  ResidentSetSize of job (KB)
...
006 (4390909.000.000) 2026-06-10 16:29:07 Image size of job updated: 424020
	414  -  MemoryUsage of job (MB)
	423588  -  ResidentSetSize of job (KB)
...
006 (4390909.000.000) 2026-06-10 16:31:08 Image size of job updated: 424388
	414  -  MemoryUsage of job (MB)
	423588  -  ResidentSetSize of job (KB)
...
006 (4390909.000.000) 2026-06-10 16:33:08 Image size of job updated: 424552
	415  -  MemoryUsage of job (MB)
	424552  -  ResidentSetSize of job (KB)
...
006 (4390909.000.000) 2026-06-10 16:35:08 Image size of job updated: 424652
	415  -  MemoryUsage of job (MB)
	424552  -  ResidentSetSize of job (KB)
...
006 (4390909.000.000) 2026-06-10 16:37:08 Image size of job updated: 424984
	416  -  MemoryUsage of job (MB)
	424984  -  ResidentSetSize of job (KB)
...
006 (4390909.000.000) 2026-06-10 16:39:08 Image size of job updated: 425784
	416  -  MemoryUsage of job (MB)
	425784  -  ResidentSetSize of job (KB)
...
006 (4390909.000.000) 2026-06-10 16:41:08 Image size of job updated: 426268
	416  -  MemoryUsage of job (MB)
	425784  -  ResidentSetSize of job (KB)
...
006 (4390909.000.000) 2026-06-10 16:43:08 Image size of job updated: 426672
	417  -  MemoryUsage of job (MB)
	426052  -  ResidentSetSize of job (KB)
...
006 (4390909.000.000) 2026-06-10 16:45:09 Image size of job updated: 426672
	417  -  MemoryUsage of job (MB)
	426428  -  ResidentSetSize of job (KB)
...
006 (4390909.000.000) 2026-06-10 16:47:10 Image size of job updated: 427044
	417  -  MemoryUsage of job (MB)
	426824  -  ResidentSetSize of job (KB)
...
006 (4390909.000.000) 2026-06-10 16:49:11 Image size of job updated: 427484
	417  -  MemoryUsage of job (MB)
	426824  -  ResidentSetSize of job (KB)
...
006 (4390909.000.000) 2026-06-10 16:51:12 Image size of job updated: 433112
	421  -  MemoryUsage of job (MB)
	431100  -  ResidentSetSize of job (KB)
...
006 (4390909.000.000) 2026-06-10 16:53:12 Image size of job updated: 433112
	423  -  MemoryUsage of job (MB)
	432328  -  ResidentSetSize of job (KB)
...
006 (4390909.000.000) 2026-06-10 16:55:12 Image size of job updated: 434376
	423  -  MemoryUsage of job (MB)
	432560  -  ResidentSetSize of job (KB)
...
006 (4390909.000.000) 2026-06-10 16:57:12 Image size of job updated: 434608
	424  -  MemoryUsage of job (MB)
	434076  -  ResidentSetSize of job (KB)
...
006 (4390909.000.000) 2026-06-10 16:59:12 Image size of job updated: 434728
	425  -  MemoryUsage of job (MB)
	434468  -  ResidentSetSize of job (KB)
...
006 (4390909.000.000) 2026-06-10 17:01:12 Image size of job updated: 435196
	425  -  MemoryUsage of job (MB)
	434468  -  ResidentSetSize of job (KB)
...
006 (4390909.000.000) 2026-06-10 17:03:13 Image size of job updated: 435688
	425  -  MemoryUsage of job (MB)
	434468  -  ResidentSetSize of job (KB)
...
006 (4390909.000.000) 2026-06-10 17:05:14 Image size of job updated: 435952
	425  -  MemoryUsage of job (MB)
	434468  -  ResidentSetSize of job (KB)
...
006 (4390909.000.000) 2026-06-10 17:07:15 Image size of job updated: 435952
	425  -  MemoryUsage of job (MB)
	434564  -  ResidentSetSize of job (KB)
...
006 (4390909.000.000) 2026-06-10 17:09:16 Image size of job updated: 436788
	425  -  MemoryUsage of job (MB)
	434564  -  ResidentSetSize of job (KB)
...
005 (4390909.000.000) 2026-06-10 17:09:16 Job terminated.
	(1) Normal termination (return value 0)
		Usr 0 01:19:54, Sys 0 00:39:15  -  Run Remote Usage
		Usr 0 00:00:00, Sys 0 00:00:00  -  Run Local Usage
		Usr 0 01:19:54, Sys 0 00:39:15  -  Total Remote Usage
		Usr 0 00:00:00, Sys 0 00:00:00  -  Total Local Usage
	0  -  Run Bytes Sent By Job
	0  -  Run Bytes Received By Job
	0  -  Total Bytes Sent By Job
	0  -  Total Bytes Received By Job
	Partitionable Resources :    Usage      Request Allocated Assigned
	   Cpus                 :     0.99        40           40 
	   Disk (KB)            :     2    661612624.20 735125138 
	   GPUs                 :     0.56         1            1 "GPU-26b53f56"
	   Memory (MB)          :   425        87707        87707 
	   TimeExecute (s)      :  7239                           
	   TimeSlotBusy (s)     :  7239                           
...
