Host : lxbgpu02.hep.ph.ic.ac.uk
Date : Wed Jul 22 07:23:33 BST 2026
Args : --config configs/tune_clue_gnn.yaml
GPU  : Tesla P100-PCIE-12GB
CLUE backend verified working.
torch CUDA : yes

Backend: gpu cuda
Loading GNN embedder from results/training/edgeconv_infonce ...
  device: cuda  out_dim: 3
Embedding 3000 events from /vols/cms/mm1221/cms/Data/d5/100k_mix/hdf5 ...
  3000 events in 158.5s
Config snapshot: results/param_tuning/gnn_clue_d5/config.json
Starting MOPSO: 40 particles × 40 iterations
Timing first iteration (40 particles × 3000 events)...
First iteration:  461.8s
Estimated total:  40 iters × 461.8s/iter = 5h 07m  (finish ~12:42)

  iter  2/40  453.2s/iter  elapsed 15m 06s  remaining ~4h 47m  pareto 13
  iter  4/40  440.7s/iter  elapsed 29m 22s  remaining ~4h 24m  pareto 22
  iter  6/40  441.7s/iter  elapsed 44m 10s  remaining ~4h 10m  pareto 45
  iter  8/40  438.7s/iter  elapsed 58m 29s  remaining ~3h 53m  pareto 70
  iter 10/40  441.3s/iter  elapsed 1h 13m  remaining ~3h 40m  pareto 95
  iter 12/40  440.6s/iter  elapsed 1h 28m  remaining ~3h 25m  pareto 125
  iter 14/40  443.2s/iter  elapsed 1h 43m  remaining ~3h 12m  pareto 148
  iter 16/40  442.4s/iter  elapsed 1h 57m  remaining ~2h 56m  pareto 182
  iter 18/40  445.6s/iter  elapsed 2h 12m  remaining ~2h 43m  pareto 216
  iter 20/40  445.5s/iter  elapsed 2h 27m  remaining ~2h 28m  pareto 252
  iter 22/40  447.1s/iter  elapsed 2h 43m  remaining ~2h 14m  pareto 276
  iter 24/40  446.5s/iter  elapsed 2h 57m  remaining ~1h 59m  pareto 308
  iter 26/40  445.1s/iter  elapsed 3h 12m  remaining ~1h 43m  pareto 338
  iter 28/40  445.7s/iter  elapsed 3h 27m  remaining ~1h 29m  pareto 367
  iter 30/40  443.2s/iter  elapsed 3h 41m  remaining ~1h 13m  pareto 400
  iter 32/40  441.3s/iter  elapsed 3h 56m  remaining ~58m 50s  pareto 431
  iter 34/40  442.0s/iter  elapsed 4h 11m  remaining ~44m 12s  pareto 465
  iter 36/40  444.3s/iter  elapsed 4h 26m  remaining ~29m 37s  pareto 494
  iter 38/40  443.6s/iter  elapsed 4h 40m  remaining ~14m 47s  pareto 528
  iter 40/40  444.5s/iter  elapsed 4h 55m  remaining ~0s  pareto 560

Done in 4h 55m  (443.6s/iter avg)  Pareto size: 560

      dc    rhoc       do       dm  max_purity   min_eff  pen_ratio
  0.0010  9.8933   0.4644   0.1341      0.0605    0.2130   268.2445
  0.0010  9.1661   0.5153   0.1711      0.0700    0.2454   247.9895
  0.0010  5.7435   0.0864   0.4589      0.0769    0.3877    95.7742
  0.0010  5.8085   0.5041   0.1175      0.0819    0.4002   110.0662
  0.0010  4.5645   0.1394   0.2346      0.0986    0.4891    76.8927
  1.8982  7.6294   0.5999   0.2934      0.1711    0.4914    92.3133
  1.6895  5.4469   1.8138   0.2930      0.1713    0.4922    91.9771
  1.8319 15.4139   1.9453   0.2925      0.1716    0.4933    90.9482
  2.0000 19.6204   2.0000   0.2916      0.1719    0.4939    90.0838
  1.7481  3.3311   1.6972   0.2905      0.1720    0.4958    88.9295
  1.8070  2.4164   1.9342   0.2847      0.1722    0.5059    83.9146
  1.9459  0.0100   2.0000   0.2822      0.1732    0.5087    81.2822
  2.0000  5.4081   1.9582   0.2819      0.1735    0.5092    80.6651
  1.8289  8.1335   1.6710   0.2818      0.1735    0.5092    80.6652
  1.7123  6.7422   2.0000   0.2815      0.1739    0.5099    80.3927
  2.0000  5.1912   2.0000   0.2815      0.1740    0.5099    80.3927
  1.9187  7.4757   1.1088   0.2802      0.1741    0.5130    78.3407
  2.0000  0.0100   2.0000   0.2792      0.1742    0.5154    76.9663
  1.8895 15.3142   2.0000   0.2779      0.1742    0.5191    75.4735
  2.0000  0.0100   2.0000   0.2778      0.1745    0.5197    75.1929
  2.0000  0.0100   2.0000   0.2774      0.1747    0.5200    74.8872
  2.0000  9.4406   2.0000   0.2773      0.1748    0.5200    74.8205
  1.7361 20.0000   0.9931   0.2766      0.1754    0.5219    74.3175
  1.5986  0.0100   1.7843   0.2764      0.1760    0.5213    74.2050
  2.0000  4.8444   2.0000   0.2751      0.1761    0.5236    72.5989
  1.9198  7.7551   1.3650   0.2742      0.1771    0.5247    71.7132
  2.0000  3.2105   1.9106   0.2725      0.1778    0.5278    70.3982
  2.0000  3.0249   1.8523   0.2714      0.1781    0.5291    69.4231
  2.0000  0.0100   2.0000   0.2714      0.1782    0.5291    69.4232
  2.0000 13.4389   1.7612   0.2706      0.1790    0.5308    68.6073
  2.0000  2.2915   1.4905   0.2703      0.1790    0.5313    68.2602
  2.0000  0.0100   2.0000   0.2700      0.1793    0.5316    67.8486
  1.7804  0.0100   2.0000   0.2699      0.1793    0.5318    67.7820
  2.0000  8.5632   2.0000   0.2692      0.1800    0.5328    66.9245
  2.0000  6.4924   1.8025   0.2690      0.1803    0.5335    66.4164
  1.9428  1.9100   2.0000   0.2688      0.1805    0.5335    66.3218
  1.9499  0.0100   2.0000   0.2661      0.1805    0.5373    63.0121
  1.8503 14.8643   1.9847   0.2657      0.1807    0.5382    62.6205
  2.0000  6.4621   2.0000   0.2646      0.1811    0.5410    61.5947
  2.0000  0.9313   2.0000   0.2644      0.1812    0.5416    61.5283
  2.0000  8.2900   1.0381   0.2641      0.1814    0.5418    61.4621
  1.9973  0.0100   2.0000   0.2640      0.1814    0.5419    61.2281
  1.9564 15.3750   1.7179   0.2634      0.1818    0.5423    61.0483
  2.0000  8.9991   1.9652   0.2634      0.1818    0.5423    61.0483
  2.0000 10.5185   2.0000   0.2630      0.1819    0.5426    60.6774
  2.0000  0.0100   1.9554   0.2624      0.1820    0.5444    59.8913
  1.8604 20.0000   1.9568   0.2620      0.1825    0.5447    59.4811
  2.0000  4.7632   1.7645   0.2616      0.1827    0.5450    59.3195
  2.0000  5.9271   1.9133   0.2615      0.1829    0.5452    59.0913
  2.0000 18.8465   1.6572   0.2610      0.1830    0.5458    58.5693
  2.0000 20.0000   2.0000   0.2610      0.1830    0.5458    58.5217
  2.0000 14.8361   2.0000   0.2606      0.1832    0.5460    58.1569
  1.7744 20.0000   0.2597   0.5078      0.1840    0.5464    57.3247
  2.0000  0.0100   2.0000   0.2595      0.1843    0.5464    57.1632
  2.0000  0.0100   1.8117   0.2587      0.1853    0.5480    56.1081
  2.0000  0.0100   0.5366   0.2585      0.1854    0.5480    56.0051
  2.0000  2.3497   0.9391   0.2585      0.1854    0.5480    56.0050
  2.0000  0.0100   2.0000   0.2583      0.1856    0.5480    55.8830
  1.5794 15.8001   0.8542   0.2575      0.1863    0.5473    55.3503
  2.0000  0.0100   2.0000   0.2573      0.1864    0.5491    54.9665
  1.9041  7.6570   1.3012   0.2561      0.1866    0.5540    53.8584
  2.0000  0.0100   1.9880   0.2560      0.1867    0.5543    53.8030
  1.7964  7.7525   2.0000   0.2556      0.1868    0.5549    53.5976
  2.0000  0.0100   2.0000   0.2550      0.1870    0.5558    52.9112
  2.0000  0.0100   2.0000   0.2547      0.1875    0.5563    52.5560
  2.0000  1.8519   1.9591   0.2543      0.1876    0.5568    52.1068
  2.0000  0.0100   1.5020   0.2543      0.1876    0.5568    52.1068
  2.0000  5.2211   2.0000   0.2538      0.1883    0.5584    51.7801
  1.8885 12.9137   1.5364   0.2538      0.1883    0.5584    51.7134
  1.9480  5.0170   2.0000   0.2534      0.1884    0.5592    51.6109
  1.8466  0.0100   2.0000   0.2533      0.1885    0.5595    51.5443
  1.6233  5.3853   0.3830   0.2530      0.1891    0.5600    51.4074
  2.0000  8.1879   2.0000   0.2527      0.1899    0.5606    51.1067
  2.0000  7.5321   2.0000   0.2520      0.1906    0.5620    50.7585
  2.0000 10.6339   1.8643   0.2517      0.1907    0.5623    50.5258
  1.9154  8.2761   1.4294   0.2506      0.1910    0.5661    48.7205
  2.0000 13.3786   2.0000   0.2505      0.1910    0.5662    48.5898
  1.8588 13.1098   1.5761   0.2501      0.1915    0.5675    48.3412
  1.9974 20.0000   2.0000   0.2498      0.1917    0.5676    48.1242
  2.0000 20.0000   2.0000   0.2494      0.1922    0.5691    47.4791
  2.0000  2.4493   1.3109   0.2486      0.1927    0.5697    47.0758
  2.0000  1.7432   2.0000   0.2485      0.1928    0.5699    47.0283
  2.0000  0.0100   2.0000   0.2484      0.1929    0.5699    47.0283
  2.0000 17.6853   2.0000   0.2476      0.1933    0.5710    46.2871
  2.0000  0.0100   1.9223   0.2469      0.1934    0.5725    45.4218
  2.0000  3.4100   1.9110   0.2469      0.1935    0.5725    45.4219
  2.0000 12.6959   1.5265   0.2466      0.1939    0.5730    45.2638
  2.0000  0.0100   2.0000   0.2464      0.1940    0.5740    44.8878
  1.6368  5.7071   0.4764   0.2457      0.1950    0.5749    44.5807
  1.9169  2.9502   1.7453   0.2458      0.1950    0.5753    44.4855
  2.0000  3.9804   2.0000   0.2454      0.1953    0.5761    44.4197
  1.7522 10.7478   1.4174   0.2449      0.1954    0.5771    44.0256
  2.0000  2.6905   2.0000   0.2448      0.1957    0.5772    43.9595
  1.6252  6.3807   2.0000   0.2441      0.1962    0.5780    43.5856
  1.6230 20.0000   0.5034   0.2433      0.1971    0.5793    42.8078
  1.6082 20.0000   0.8205   0.2429      0.1977    0.5796    42.3892
  1.7314 13.5873   1.2859   0.2429      0.1977    0.5803    42.3419
  2.0000  0.0100   2.0000   0.2421      0.1993    0.5804    42.1375
  2.0000  0.0219   2.0000   0.2417      0.1999    0.5810    41.9128
  1.9654 16.2316   1.8792   0.2409      0.2009    0.5819    41.1949
  2.0000 20.0000   1.3914   0.2403      0.2018    0.5834    40.4839
  1.9644  3.9919   2.0000   0.2403      0.2022    0.5834    40.4008
  1.7364  9.5841   2.0000   0.2389      0.2036    0.5860    39.2996
  1.7420 17.6079   1.0830   0.2384      0.2042    0.5865    38.9138
  1.9783  6.1601   2.0000   0.2381      0.2044    0.5868    38.4945
  2.0000 14.1044   1.2435   0.2380      0.2046    0.5868    38.4471
  1.9848 20.0000   2.0000   0.2375      0.2051    0.5875    38.1119
  2.0000 20.0000   1.9337   0.2372      0.2059    0.5875    37.7061
  2.0000  0.0100   1.6069   0.2364      0.2067    0.5880    37.1089
  2.0000  1.5002   2.0000   0.2363      0.2069    0.5880    37.0535
  1.9055  0.0100   0.6581   0.2351      0.2084    0.5885    36.4478
  1.9225 20.0000   2.0000   0.2348      0.2084    0.5900    36.0764
  1.9945 10.9730   1.9819   0.2346      0.2088    0.5901    36.0772
  2.0000  0.0100   2.0000   0.2345      0.2091    0.5901    36.0300
  1.6423  0.0100   1.2877   0.2344      0.2091    0.5901    35.9943
  1.9887 11.7505   1.6697   0.2341      0.2094    0.5906    35.6828
  1.6333  8.8675   0.7893   0.2337      0.2099    0.5906    35.4644
  2.0000  3.1877   2.0000   0.2336      0.2101    0.5910    35.3343
  2.0000  5.6253   0.6123   0.2335      0.2103    0.5912    35.1093
  1.8323  2.1306   1.9290   0.2332      0.2106    0.5912    34.9096
  2.0000  0.0100   2.0000   0.2326      0.2107    0.5921    34.5588
  1.9619  3.1556   1.7464   0.2324      0.2108    0.5923    34.4483
  2.0000  0.8154   2.0000   0.2323      0.2110    0.5923    34.4486
  2.0000 11.2752   1.7923   0.2322      0.2112    0.5925    34.3823
  1.5595 10.5010   0.6641   0.2320      0.2113    0.5920    34.3032
  1.8602 13.8859   2.0000   0.2321      0.2114    0.5931    34.2162
  2.0000  5.7411   1.9876   0.2320      0.2115    0.5931    34.1688
  2.0000 12.1882   1.0976   0.2319      0.2116    0.5935    33.9551
  2.0000  0.0100   2.0000   0.2313      0.2129    0.5940    33.4033
  1.8218  1.3146   1.3057   0.2311      0.2133    0.5940    33.2817
  1.9938 13.0024   2.0000   0.2309      0.2136    0.5944    33.1159
  1.8857  2.6066   1.1646   0.2307      0.2136    0.5950    33.0497
  1.5157 13.0484   1.3811   0.2296      0.2140    0.5944    32.7959
  1.7603  1.3010   1.1301   0.2302      0.2143    0.5957    32.7708
  2.0000  3.4184   0.7483   0.2301      0.2145    0.5957    32.6600
  2.0000  1.7811   1.9269   0.2298      0.2146    0.5966    32.4631
  1.9119  3.1625   1.2301   0.2288      0.2149    0.5984    31.9231
  2.0000  7.2278   1.9203   0.2284      0.2154    0.5989    31.8105
  2.0000  6.8234   2.0000   0.2284      0.2154    0.5989    31.7273
  1.5269 10.4681   0.9806   0.2275      0.2156    0.5983    31.6474
  1.8748 10.9920   1.4102   0.2273      0.2162    0.6010    30.9961
  1.9491  9.0449   1.7729   0.2270      0.2165    0.6015    30.9854
  1.5017  2.2424   0.3994   0.2263      0.2171    0.5995    30.9066
  2.0000  4.2298   2.0000   0.2257      0.2178    0.6039    29.9619
  1.8567  4.5364   1.6247   0.2254      0.2185    0.6040    29.8764
  2.0000 10.0491   2.0000   0.2254      0.2186    0.6040    29.8597
  1.8116  4.1649   1.3064   0.2252      0.2189    0.6045    29.5650
  2.0000  5.9072   2.0000   0.2248      0.2199    0.6053    29.2303
  1.7914  3.1512   1.7893   0.2245      0.2200    0.6055    29.0221
  1.9319  0.0100   1.5443   0.2245      0.2201    0.6055    28.9388
  2.0000  6.7206   1.9622   0.2238      0.2208    0.6063    28.6371
  2.0000  0.0100   1.6524   0.2235      0.2213    0.6073    28.1427
  1.7424 20.0000   1.4281   0.2227      0.2218    0.6079    27.8219
  2.0000 13.0445   1.9899   0.2227      0.2220    0.6079    27.7555
  2.0000  0.0100   2.0000   0.2226      0.2221    0.6079    27.6721
  1.9891 15.1034   1.9428   0.2223      0.2222    0.6082    27.5619
  2.0000 20.0000   1.7434   0.2223      0.2222    0.6082    27.5619
  2.0000  5.9326   2.0000   0.2223      0.2223    0.6082    27.4477
  1.8175  2.0164   2.0000   0.2217      0.2225    0.6094    26.8678
  2.0000 18.4134   0.5999   0.2213      0.2226    0.6102    26.6904
  2.0000  0.0100   1.4623   0.2209      0.2234    0.6104    26.3995
  2.0000 17.9728   2.0000   0.2207      0.2238    0.6106    26.2695
  1.9973  6.8979   1.5498   0.2205      0.2240    0.6109    26.3536
  2.0000  6.2754   0.4214   0.2205      0.2240    0.6109    26.2704
  1.7578  8.3280   2.0000   0.2202      0.2243    0.6117    26.3547
  1.9755  5.6752   1.8268   0.2193      0.2256    0.6140    25.7716
  2.0000 14.8085   2.0000   0.2186      0.2265    0.6157    25.1069
  2.0000  0.4580   2.0000   0.2183      0.2270    0.6157    24.9013
  1.8577  6.6557   2.0000   0.2178      0.2272    0.6159    24.6300
  1.9066  8.1589   2.0000   0.2172      0.2278    0.6160    24.4344
  2.0000  0.0100   1.7539   0.2170      0.2279    0.6168    24.3848
  2.0000 16.3163   2.0000   0.2169      0.2285    0.6168    24.3856
  1.8443  0.0100   2.0000   0.2160      0.2308    0.6182    23.6093
  2.0000  2.6041   2.0000   0.2159      0.2311    0.6182    23.6097
  2.0000  2.5317   1.8743   0.2158      0.2312    0.6184    23.6458
  1.4883 13.4476   1.1077   0.2139      0.2339    0.6190    22.7104
  2.0000  0.0100   2.0000   0.2142      0.2342    0.6215    22.8127
  2.0000 18.2410   2.0000   0.2135      0.2352    0.6229    22.0505
  2.0000  5.9225   2.0000   0.2135      0.2352    0.6229    22.0505
  1.8521  5.8703   1.4449   0.2131      0.2357    0.6234    21.9487
  2.0000  6.6929   1.7602   0.2128      0.2359    0.6242    21.5028
  2.0000 20.0000   2.0000   0.2125      0.2362    0.6250    21.2976
  2.0000  7.5774   2.0000   0.2119      0.2369    0.6265    20.6643
  1.9987 20.0000   1.4896   0.2114      0.2377    0.6275    20.0380
  2.0000  6.4544   1.7975   0.2113      0.2379    0.6274    19.9273
  2.0000  0.0100   2.0000   0.2110      0.2383    0.6280    19.9289
  2.0000  1.2455   2.0000   0.2105      0.2392    0.6287    19.6267
  2.0000  0.0100   1.8566   0.2103      0.2395    0.6291    19.5720
  1.9343  3.3550   2.0000   0.2097      0.2404    0.6305    19.2387
  2.0000  6.8713   2.0000   0.2096      0.2406    0.6308    19.1917
  1.9283  1.7025   2.0000   0.2080      0.2429    0.6337    18.5734
  2.0000  2.8816   1.6271   0.2071      0.2442    0.6349    18.0360
  1.9613  7.7660   1.5917   0.2066      0.2450    0.6356    17.9161
  1.7219 20.0000   2.0000   0.2064      0.2458    0.6356    17.7590
  1.8591 12.8010   1.3566   0.2050      0.2480    0.6363    16.9993
  1.9520  9.0563   1.8436   0.2042      0.2499    0.6379    16.7595
  1.9004 15.3355   1.6362   0.2041      0.2499    0.6379    16.7597
  1.6386 20.0000   1.5307   0.2033      0.2512    0.6395    16.7318
  1.7514  7.9593   1.6267   0.2033      0.2513    0.6398    16.7320
  2.0000  7.8615   1.7691   0.2032      0.2518    0.6401    16.5385
  1.8785  9.9207   2.0000   0.2029      0.2522    0.6406    16.5395
  1.8399  7.6911   1.6886   0.2027      0.2526    0.6408    16.4857
  2.0000 18.2460   1.2925   0.2020      0.2544    0.6429    16.0556
  1.6966  9.0174   1.8421   0.2016      0.2548    0.6440    15.6512
  1.9166 18.6800   1.1933   0.2004      0.2582    0.6457    15.2049
  1.9516  5.8515   1.9939   0.2003      0.2583    0.6460    15.0941
  1.7158  8.4243   1.2627   0.2000      0.2595    0.6461    15.0009
  2.0000  9.8860   1.9814   0.1999      0.2597    0.6462    15.0016
  1.8152  9.7527   1.2685   0.1998      0.2600    0.6464    14.8356
  2.0000  9.5014   1.4239   0.1997      0.2603    0.6464    14.7248
  1.7336  0.0100   2.0000   0.1992      0.2611    0.6467    14.6717
  1.7293  1.4343   0.1991   0.4135      0.2612    0.6467    14.6723
  2.0000  0.0100   2.0000   0.1988      0.2616    0.6470    14.5630
  1.8969  4.7476   2.0000   0.1983      0.2619    0.6487    14.4516
  1.8777  6.3923   2.0000   0.1985      0.2619    0.6481    14.4505
  1.4850 14.7781   0.8873   0.1980      0.2622    0.6451    14.4349
  1.9295 16.2617   1.5198   0.1980      0.2623    0.6491    14.2309
  1.6815 17.4222   0.3020   0.1979      0.2624    0.6491    14.2313
  2.0000  6.4890   1.8813   0.1975      0.2630    0.6497    14.1671
  2.0000  9.6106   2.0000   0.1975      0.2631    0.6500    14.1672
  2.0000  0.0100   2.0000   0.1963      0.2655    0.6523    13.9606
  2.0000 11.3016   2.0000   0.1954      0.2678    0.6540    13.3995
  2.0000 16.4942   1.7479   0.1945      0.2695    0.6554    12.9630
  2.0000 12.6349   2.0000   0.1938      0.2711    0.6567    12.8056
  2.0000 11.1148   1.1939   0.1936      0.2717    0.6572    12.7514
  2.0000  9.8464   1.4695   0.1934      0.2717    0.6575    12.6412
  1.9593 13.0760   1.1994   0.1934      0.2717    0.6575    12.6410
  2.0000  0.0744   1.4620   0.1927      0.2727    0.6587    12.3238
  2.0000 20.0000   1.5296   0.1928      0.2728    0.6587    12.3238
  2.0000  7.9369   2.0000   0.1924      0.2741    0.6593    12.1374
  1.9484  4.7484   2.0000   0.1919      0.2744    0.6594    12.0288
  1.5629  2.0348   2.0000   0.1919      0.2745    0.6582    12.0285
  2.0000  9.1815   1.1564   0.1918      0.2746    0.6594    11.9816
  2.0000 16.5308   2.0000   0.1915      0.2756    0.6597    11.8349
  2.0000  0.0100   1.7737   0.1906      0.2768    0.6607    11.4553
  1.6867  0.0100   1.7547   0.1906      0.2771    0.6610    11.3896
  2.0000 10.8045   2.0000   0.1888      0.2816    0.6639    10.8467
  2.0000  9.9186   2.0000   0.1888      0.2817    0.6640    10.8469
  1.9415 18.6228   1.8205   0.1886      0.2826    0.6644    10.6421
  1.9002 20.0000   0.7841   0.1884      0.2831    0.6646    10.5777
  1.7604  6.8656   0.9621   0.1882      0.2834    0.6649    10.4647
  2.0000  5.6677   2.0000   0.1881      0.2836    0.6650    10.4659
  2.0000  6.6247   2.0000   0.1879      0.2841    0.6654    10.3561
  1.9047 20.0000   2.0000   0.1876      0.2846    0.6665    10.3589
  1.9166  0.0100   1.3695   0.1876      0.2846    0.6665    10.3581
  2.0000  0.0100   2.0000   0.1870      0.2862    0.6670    10.3159
  1.8719  9.5881   1.6207   0.1867      0.2866    0.6670    10.2070
  2.0000  5.0487   2.0000   0.1866      0.2871    0.6673    10.2077
  1.9554  0.2659   2.0000   0.1859      0.2885    0.6683     9.9356
  1.7715  9.5628   1.8917   0.1857      0.2890    0.6686     9.8820
  2.0000  0.0100   2.0000   0.1854      0.2897    0.6690     9.6982
  2.0000 18.1712   2.0000   0.1843      0.2913    0.6703     9.4510
  2.0000 11.2807   2.0000   0.1839      0.2921    0.6717     9.2330
  2.0000  0.0100   2.0000   0.1838      0.2927    0.6717     9.2341
  2.0000  0.0100   2.0000   0.1837      0.2930    0.6717     9.1677
  2.0000  8.9406   2.0000   0.1836      0.2933    0.6718     9.1132
  2.0000  0.0100   2.0000   0.1836      0.2933    0.6717     9.1130
  2.0000 14.8613   2.0000   0.1833      0.2940    0.6721     9.1156
  1.5292  6.6633   1.1901   0.1831      0.2942    0.6708     9.0124
  2.0000  3.7509   0.1829   0.3680      0.2949    0.6727     8.9039
  2.0000 18.7146   2.0000   0.1826      0.2950    0.6733     8.8029
  2.0000 15.4009   2.0000   0.1823      0.2956    0.6738     8.7572
  2.0000 11.2029   1.8179   0.1823      0.2957    0.6738     8.7577
  2.0000 19.3995   2.0000   0.1820      0.2959    0.6741     8.5924
  2.0000 12.0080   2.0000   0.1820      0.2959    0.6741     8.5922
  2.0000 12.7152   1.2605   0.1816      0.2969    0.6753     8.1851
  2.0000 20.0000   2.0000   0.1815      0.2972    0.6756     8.1860
  1.9091 11.3622   1.2821   0.1813      0.2974    0.6757     8.0743
  2.0000  8.4555   2.0000   0.1810      0.2977    0.6759     8.0759
  1.9389  3.3291   2.0000   0.1812      0.2977    0.6757     8.0748
  2.0000  0.7121   2.0000   0.1810      0.2977    0.6759     8.0759
  1.9532  4.5583   2.0000   0.1813      0.2977    0.6757     8.0733
  1.9375 20.0000   1.8672   0.1808      0.2989    0.6760     8.0113
  2.0000  0.0100   2.0000   0.1807      0.2992    0.6761     8.0120
  1.5797  8.5107   1.3360   0.1799      0.3011    0.6762     8.0176
  2.0000 18.3453   1.9393   0.1799      0.3012    0.6776     8.0183
  1.9791 10.8805   1.4515   0.1796      0.3016    0.6785     7.9727
  1.8560  9.5104   1.4703   0.1793      0.3022    0.6787     7.9746
  2.0000  1.7221   2.0000   0.1792      0.3029    0.6789     7.9755
  1.8653  0.0100   1.0765   0.1789      0.3035    0.6803     7.8674
  1.8294 20.0000   2.0000   0.1789      0.3035    0.6804     7.9152
  1.8505 15.1809   1.8706   0.1787      0.3040    0.6805     7.8698
  2.0000  0.5143   2.0000   0.1786      0.3043    0.6806     7.8707
  2.0000  0.0100   2.0000   0.1779      0.3053    0.6814     7.7138
  2.0000  5.4521   1.8001   0.1779      0.3054    0.6814     7.7138
  2.0000  6.9370   1.9335   0.1775      0.3064    0.6824     7.6318
  1.9302  0.0100   1.3110   0.1773      0.3064    0.6824     7.5854
  2.0000  0.0100   2.0000   0.1768      0.3074    0.6834     7.2250
  1.9294  5.4294   2.0000   0.1764      0.3078    0.6834     7.1610
  2.0000  7.5234   1.8421   0.1758      0.3095    0.6856     6.9341
  1.9473 20.0000   1.7716   0.1749      0.3114    0.6868     6.5326
  2.0000 15.5619   1.5192   0.1742      0.3135    0.6873     6.5404
  1.9814  5.8578   1.7169   0.1738      0.3141    0.6877     6.5428
  1.9303 14.1066   2.0000   0.1737      0.3148    0.6881     6.5442
  2.0000  0.0100   1.3745   0.1733      0.3152    0.6883     6.4911
  2.0000 13.8904   1.5401   0.1731      0.3156    0.6883     6.4256
  1.5030  0.0100   0.1728   0.2694      0.3161    0.6855     6.3703
  2.0000  2.5232   1.8625   0.1728      0.3162    0.6888     6.3170
  2.0000  0.0100   1.9532   0.1725      0.3175    0.6890     6.3208
  1.9547  4.8264   1.8806   0.1718      0.3189    0.6898     6.1486
  2.0000  3.8790   0.1716   0.6052      0.3190    0.6900     6.1499
  1.5435 13.7276   1.1238   0.0042      0.3197    0.0693     5.3170
  2.0000  2.4330   1.9776   0.1707      0.3206    0.6915     6.0934
  1.9570  2.9009   2.0000   0.1706      0.3208    0.6915     6.0946
  2.0000 16.2307   2.0000   0.1704      0.3210    0.6916     6.0958
  2.0000  4.6033   2.0000   0.1704      0.3211    0.6916     6.0958
  2.0000 10.4821   2.0000   0.1703      0.3213    0.6916     6.0975
  2.0000 12.6010   1.7531   0.1701      0.3216    0.6923     6.0987
  1.9502  4.8528   2.0000   0.0043      0.3222    0.0705     5.2701
  1.7376 10.3796   1.9818   0.1697      0.3229    0.6927     6.1034
  1.9278  9.2557   1.9032   0.1696      0.3230    0.6927     6.1035
  1.9374 11.0801   1.7481   0.1695      0.3230    0.6929     6.1051
  1.9377  6.8973   1.2210   0.1693      0.3238    0.6929     6.0608
  2.0000 10.4541   0.9940   0.1689      0.3245    0.6934     5.9530
  1.9569  2.6655   1.7677   0.1689      0.3245    0.6934     5.9057
  2.0000  3.8888   1.7093   0.1685      0.3254    0.6945     5.7994
  1.6657 13.9757   1.1369   0.1679      0.3261    0.6957     5.6930
  1.8893  3.5730   2.0000   0.1675      0.3266    0.6962     5.6492
  2.0000  8.9112   1.8107   0.1674      0.3269    0.6962     5.6031
  1.9991  8.5184   1.6777   0.1674      0.3270    0.6962     5.6032
  1.9196  9.6357   1.5674   0.1671      0.3281    0.6967     5.4955
  2.0000 14.7736   2.0000   0.1669      0.3288    0.6969     5.4502
  1.7284 12.8843   1.4068   0.1667      0.3289    0.6972     5.4514
  1.9901 20.0000   2.0000   0.1665      0.3292    0.6971     5.3980
  1.9172  9.6512   1.5657   0.1664      0.3296    0.6976     5.4002
  1.9172  9.6512   1.5657   0.1664      0.3296    0.6976     5.4001
  1.9573 14.1690   1.8410   0.1663      0.3300    0.6980     5.4015
  2.0000  4.0675   2.0000   0.1663      0.3302    0.6980     5.4014
  2.0000 15.2025   1.7238   0.1659      0.3309    0.6986     5.4062
  2.0000  6.2140   2.0000   0.1655      0.3312    0.6993     5.4109
  2.0000  6.6223   2.0000   0.1654      0.3313    0.6993     5.4120
  1.6028 20.0000   1.9572   0.1653      0.3313    0.6991     5.3575
  2.0000  7.1503   1.8916   0.1650      0.3319    0.7003     5.3609
  1.9627  0.0100   1.3466   0.1651      0.3320    0.7003     5.3600
  1.8562 12.7114   2.0000   0.1645      0.3334    0.7005     5.3661
  2.0000  9.7256   2.0000   0.1639      0.3345    0.7019     5.0672
  1.9741 13.0643   1.8365   0.1619      0.3392    0.7039     4.9227
  1.8812 16.2482   0.1614   0.3972      0.3404    0.7041     4.8254
  1.8899 16.6957   1.9910   0.1615      0.3404    0.7039     4.8250
  1.7316  0.0100   1.7017   0.1612      0.3407    0.7045     4.7176
  2.0000  0.0100   2.0000   0.1607      0.3426    0.7047     4.6564
  2.0000 11.6002   2.0000   0.1606      0.3429    0.7050     4.6584
  1.9961  3.9845   1.6289   0.1606      0.3430    0.7050     4.6592
  2.0000  5.6025   2.0000   0.1601      0.3448    0.7057     4.5640
  1.9885 15.1604   1.6080   0.1595      0.3462    0.7060     4.5239
  2.0000 12.0600   1.7708   0.1590      0.3473    0.7065     4.4821
  1.9766  0.0100   2.0000   0.1589      0.3478    0.7066     4.4842
  1.9969  0.9913   1.1586   0.1585      0.3487    0.7066     4.4221
  2.0000 20.0000   0.1581   0.5729      0.3492    0.7077     4.2670
  2.0000  5.7721   1.8009   0.1581      0.3493    0.7077     4.2683
  1.9988  1.5650   2.0000   0.1573      0.3502    0.7090     4.2228
  1.6065  0.0100   2.0000   0.1567      0.3517    0.7093     4.2302
  2.0000  3.9344   1.8478   0.1563      0.3527    0.7098     4.1523
  2.0000  8.0065   1.8272   0.1562      0.3528    0.7098     4.1541
  1.9167 12.0558   2.0000   0.1559      0.3530    0.7099     4.1568
  2.0000  0.0100   2.0000   0.1555      0.3542    0.7102     4.1633
  2.0000 20.0000   1.1717   0.1545      0.3567    0.7109     4.0660
  1.9664 17.4585   1.9073   0.1542      0.3573    0.7112     4.0697
  1.9793  8.6740   2.0000   0.1534      0.3595    0.7123     3.9606
  1.7765 15.7987   1.9472   0.1534      0.3595    0.7124     3.9608
  2.0000  3.9996   2.0000   0.1535      0.3596    0.7119     3.9594
  2.0000  5.8402   2.0000   0.1531      0.3604    0.7125     3.9664
  2.0000  5.2426   1.6831   0.1524      0.3620    0.7134     3.9760
  1.9755  0.0100   2.0000   0.1518      0.3636    0.7147     3.9867
  2.0000  6.0526   2.0000   0.1513      0.3652    0.7156     3.9473
  2.0000  7.8515   2.0000   0.1500      0.3682    0.7173     3.9183
  1.8344 13.3932   2.0000   0.1493      0.3708    0.7179     3.7525
  2.0000  1.1673   1.9597   0.1492      0.3713    0.7180     3.7542
  1.9883  0.0100   2.0000   0.1481      0.3742    0.7192     3.7050
  1.7412  3.5531   2.0000   0.1478      0.3750    0.7193     3.7090
  1.9881 16.5191   1.6633   0.1471      0.3764    0.7206     3.7219
  2.0000  0.0100   2.0000   0.1469      0.3767    0.7207     3.7248
  1.5657  2.8363   1.1628   0.1456      0.3789    0.7198     3.6591
  2.0000  0.0100   2.0000   0.1445      0.3818    0.7220     3.6789
  1.8481  5.0571   2.0000   0.1443      0.3825    0.7221     3.6810
  2.0000  0.0100   1.6624   0.1441      0.3831    0.7220     3.5749
  2.0000 10.5625   2.0000   0.1438      0.3839    0.7227     3.5800
  2.0000  0.0100   1.9790   0.1437      0.3841    0.7230     3.5818
  2.0000  7.1830   2.0000   0.1431      0.3855    0.7235     3.4813
  1.7910  0.0100   2.0000   0.1426      0.3864    0.7242     3.4357
  1.8530  6.0200   2.0000   0.1423      0.3870    0.7244     3.4415
  1.7763 14.1863   1.2375   0.1419      0.3875    0.7252     3.4475
  2.0000  3.4039   2.0000   0.1417      0.3880    0.7253     3.3399
  1.9291 20.0000   1.5647   0.1411      0.3901    0.7257     3.2857
  2.0000 20.0000   2.0000   0.1410      0.3903    0.7259     3.2871
  1.9959  3.2215   1.6989   0.1409      0.3905    0.7263     3.2892
  2.0000 20.0000   2.0000   0.1408      0.3908    0.7263     3.2912
  2.0000  1.9245   1.6170   0.1407      0.3912    0.7264     3.2935
  2.0000 12.3049   2.0000   0.1405      0.3918    0.7264     3.2984
  1.8786  6.6498   1.2382   0.1403      0.3922    0.7264     3.3016
  1.7276 19.1935   2.0000   0.1390      0.3951    0.7281     3.1047
  2.0000 11.4246   1.9301   0.1379      0.3968    0.7290     2.9286
  2.0000  5.2662   1.7597   0.1373      0.3980    0.7298     2.9396
  2.0000 16.6451   1.7207   0.1362      0.4002    0.7318     2.7978
  2.0000 11.4354   2.0000   0.1357      0.4009    0.7325     2.6483
  1.9077 17.9223   0.7973   0.1352      0.4021    0.7332     2.6615
  1.9087 15.5892   1.3953   0.1345      0.4038    0.7347     2.6777
  2.0000  0.0100   2.0000   0.1338      0.4054    0.7352     2.6953
  2.0000 11.4112   1.8880   0.1331      0.4070    0.7360     2.7092
  1.9802  0.0100   1.8725   0.1316      0.4088    0.7379     2.6299
  2.0000  1.3505   2.0000   0.1314      0.4091    0.7380     2.6351
  1.7559 18.9732   1.6794   0.1307      0.4104    0.7389     2.5385
  2.0000 19.7758   2.0000   0.1307      0.4104    0.7390     2.5403
  2.0000  0.0100   2.0000   0.1305      0.4109    0.7392     2.5449
  2.0000 19.8255   2.0000   0.1302      0.4112    0.7401     2.3845
  2.0000 20.0000   2.0000   0.1302      0.4114    0.7402     2.3857
  2.0000  0.9258   1.7310   0.1300      0.4116    0.7404     2.3900
  1.9333 15.1266   1.4846   0.1299      0.4119    0.7407     2.3928
  2.0000  0.0100   1.7053   0.1282      0.4157    0.7421     2.4309
  2.0000  5.3826   2.0000   0.1273      0.4174    0.7426     2.3421
  2.0000  0.0100   2.0000   0.1273      0.4174    0.7426     2.3422
  2.0000  0.0100   1.4181   0.1259      0.4203    0.7440     2.3778
  1.9576  8.4308   2.0000   0.1250      0.4222    0.7452     2.4043
  2.0000 20.0000   2.0000   0.1237      0.4250    0.7465     2.4426
  2.0000  2.3522   1.9935   0.1233      0.4259    0.7466     2.4531
  1.9756 13.0315   1.6595   0.1230      0.4267    0.7469     2.4613
  1.8564  9.5655   1.7364   0.1230      0.4268    0.7471     2.4625
  1.7325  7.9651   2.0000   0.1223      0.4287    0.7476     2.4833
  2.0000 10.0832   2.0000   0.1223      0.4288    0.7476     2.4856
  1.9534  6.5204   2.0000   0.1215      0.4303    0.7488     2.5086
  2.0000 11.6582   1.8322   0.1214      0.4305    0.7488     2.5127
  2.0000 12.6059   2.0000   0.1214      0.4305    0.7489     2.5136
  2.0000 12.1130   1.9394   0.1210      0.4313    0.7491     2.5245
  1.9321  8.9676   1.2573   0.1202      0.4333    0.7499     2.5473
  1.6944 15.0033   0.7175   0.1199      0.4339    0.7500     2.5570
  2.0000 15.9784   1.9629   0.1194      0.4343    0.7502     2.5703
  1.7091 15.6894   0.7226   0.1178      0.4370    0.7516     2.6194
  2.0000 13.5834   2.0000   0.1176      0.4372    0.7517     2.6243
  2.0000 20.0000   2.0000   0.1176      0.4373    0.7517     2.6262
  1.7707 11.7573   1.2379   0.1173      0.4375    0.7518     2.6341
  2.0000  6.3779   2.0000   0.1173      0.4375    0.7518     2.6341
  2.0000  5.9500   2.0000   0.1166      0.4391    0.7519     2.6587
  1.9178 20.0000   2.0000   0.1163      0.4396    0.7522     2.6686
  2.0000  2.2775   2.0000   0.1158      0.4409    0.7529     2.6874
  2.0000  4.0739   1.9948   0.1154      0.4416    0.7530     2.6993
  1.9289  5.4843   2.0000   0.1137      0.4449    0.7541     2.7562
  2.0000  1.8587   2.0000   0.1134      0.4456    0.7546     2.7676
  1.8454 11.5998   2.0000   0.1130      0.4469    0.7552     2.7832
  2.0000  0.0100   2.0000   0.1123      0.4479    0.7556     2.8086
  2.0000 10.1456   1.5453   0.1115      0.4490    0.7565     2.8358
  2.0000  0.0100   2.0000   0.1116      0.4490    0.7562     2.8319
  1.9149 17.2093   2.0000   0.1113      0.4497    0.7566     2.8452
  1.9011  8.1632   2.0000   0.1113      0.4497    0.7566     2.8449
  2.0000  7.0999   2.0000   0.1113      0.4498    0.7567     2.8442
  2.0000  9.5607   2.0000   0.1112      0.4500    0.7569     2.8487
  2.0000 11.1658   1.7417   0.1110      0.4503    0.7570     2.8573
  2.0000 15.3047   1.9934   0.1102      0.4514    0.7579     2.8870
  2.0000  3.5614   2.0000   0.1100      0.4523    0.7580     2.8952
  2.0000  1.2076   2.0000   0.1098      0.4532    0.7580     2.9057
  2.0000  3.5259   2.0000   0.1092      0.4541    0.7594     2.9281
  2.0000 20.0000   2.0000   0.1085      0.4554    0.7596     2.9590
  2.0000  8.0587   2.0000   0.1082      0.4560    0.7601     2.9712
  1.9806  7.0585   2.0000   0.1078      0.4568    0.7610     2.9875
  2.0000  9.2630   1.4158   0.1066      0.4595    0.7616     2.9267
  2.0000  3.3177   2.0000   0.1060      0.4604    0.7617     2.9492
  2.0000 14.7883   2.0000   0.1058      0.4610    0.7619     2.9613
  2.0000  2.5026   2.0000   0.1058      0.4610    0.7619     2.9615
  2.0000 19.9532   2.0000   0.1056      0.4613    0.7619     2.9693
  2.0000  9.5363   2.0000   0.1056      0.4613    0.7619     2.9692
  2.0000  9.8968   2.0000   0.1055      0.4615    0.7621     2.9755
  2.0000  0.0100   1.9423   0.1045      0.4628    0.7625     3.0156
  2.0000 18.0975   2.0000   0.1044      0.4631    0.7625     3.0201
  1.9209 20.0000   0.3257   0.1037      0.4639    0.7636     3.0547
  2.0000 20.0000   2.0000   0.1036      0.4642    0.7639     3.0614
  2.0000  4.0758   2.0000   0.1024      0.4657    0.7644     3.1132
  1.7409 15.7077   2.0000   0.1011      0.4676    0.7652     3.1787
  2.0000  7.2394   1.9869   0.1009      0.4676    0.7653     3.1863
  1.7634 12.0556   1.0559   0.1009      0.4676    0.7653     3.1860
  2.0000 18.2678   2.0000   0.1007      0.4681    0.7653     3.1980
  1.8920  2.2880   1.9841   0.1002      0.4688    0.7657     3.2199
  1.9969  5.9247   1.6412   0.0998      0.4695    0.7661     3.2449
  1.9881 20.0000   0.0996   0.4301      0.4697    0.7663     3.2531
  2.0000  8.6305   2.0000   0.0986      0.4719    0.7675     3.3100
  2.0000  2.7035   1.8072   0.0973      0.4743    0.7688     3.3823
  1.7091 13.0309   0.9209   0.0971      0.4745    0.7689     3.3884
  2.0000  0.0100   2.0000   0.0970      0.4748    0.7690     3.3948
  1.8416 20.0000   1.9403   0.0970      0.4749    0.7690     3.3945
  2.0000 11.4018   2.0000   0.0970      0.4749    0.7690     3.3964
  2.0000 20.0000   1.7983   0.0968      0.4760    0.7693     3.4118
  2.0000  0.0100   2.0000   0.0963      0.4763    0.7698     3.4372
  2.0000 10.6460   2.0000   0.0957      0.4773    0.7703     3.4786
  1.8858  9.4390   1.9342   0.0953      0.4780    0.7708     3.5018
  2.0000  8.9036   0.2711   0.0952      0.4781    0.7708     3.5086
  1.8925  0.0100   2.0000   0.0951      0.4783    0.7709     3.5146
  1.9101  7.3107   2.0000   0.0949      0.4784    0.7710     3.5239
  1.9440  0.0100   2.0000   0.0944      0.4795    0.7714     3.5556
  2.0000  0.8708   1.2473   0.0936      0.4804    0.7723     3.6047
  2.0000  0.0100   1.5700   0.0933      0.4809    0.7728     3.6235
  1.9356  9.7274   1.8918   0.0933      0.4809    0.7728     3.6234
  2.0000  9.5473   1.9764   0.0930      0.4815    0.7732     3.6457
  1.5169 20.0000   1.3781   0.0926      0.4820    0.7736     3.6698
  1.7754  6.3580   1.2586   0.0923      0.4824    0.7745     3.6875
  2.0000  4.5600   1.1062   0.0922      0.4825    0.7746     3.6970
  1.8763  4.3077   1.3607   0.0920      0.4827    0.7749     3.7117
  1.7431 12.4373   0.1761   0.0910      0.4838    0.7756     3.7728
  2.0000 20.0000   2.0000   0.0904      0.4845    0.7759     3.8145
  2.0000 13.1171   2.0000   0.0904      0.4846    0.7759     3.8138
  1.5424  8.0050   1.7998   0.0900      0.4855    0.7762     3.8378
  1.6369 20.0000   1.4649   0.0899      0.4857    0.7765     3.8480
  2.0000  7.2620   2.0000   0.0897      0.4865    0.7766     3.8612
  2.0000  9.0299   1.8089   0.0891      0.4870    0.7770     3.9050
  1.5570  3.9008   0.9340   0.0886      0.4872    0.7774     3.9426
  1.9013  5.3248   1.5911   0.0886      0.4872    0.7777     3.9392
  1.6380 10.8077   1.6869   0.0889      0.4872    0.7774     3.9221
  2.0000  1.9750   1.7018   0.0882      0.4879    0.7780     3.9724
  1.8362  0.0100   2.0000   0.0878      0.4882    0.7780     4.0013
  2.0000 17.1091   2.0000   0.0876      0.4883    0.7782     4.0167
  2.0000 14.8732   2.0000   0.0872      0.4893    0.7789     4.0536
  1.6485 15.8519   1.5487   0.0871      0.4893    0.7791     4.0580
  2.0000 18.7366   2.0000   0.0859      0.4913    0.7804     4.1516
  1.9223  5.9862   2.0000   0.0857      0.4917    0.7805     4.1672
  2.0000  6.4101   1.6421   0.0851      0.4928    0.7809     4.2207
  1.8661 10.5160   2.0000   0.0833      0.4955    0.7830     4.3692
  1.8585 11.2704   1.5624   0.0828      0.4965    0.7833     4.4174
  2.0000  8.8789   2.0000   0.0827      0.4966    0.7834     4.4232
  2.0000  2.3558   1.3082   0.0822      0.4972    0.7840     4.4692
  1.7936 10.0178   1.9106   0.0819      0.4975    0.7844     4.4979
  1.9922 10.0461   2.0000   0.0807      0.4992    0.7854     4.6031
  1.7602 10.3389   1.1682   0.0804      0.4999    0.7858     4.6364
  2.0000 15.3615   1.8021   0.0802      0.4999    0.7859     4.6503
  1.5901 13.9660   0.0797   0.2092      0.5001    0.7861     4.7053
  2.0000  0.0100   2.0000   0.0797      0.5001    0.7861     4.7061
  1.8186 20.0000   0.0798   0.5548      0.5001    0.7860     4.6942
  1.9832 12.8096   2.0000   0.0789      0.5013    0.7870     4.7850
  2.0000 11.2188   2.0000   0.0786      0.5016    0.7872     4.8105
  2.0000 20.0000   1.8493   0.0774      0.5027    0.7885     4.9391
  2.0000  0.0100   1.2103   0.0765      0.5038    0.7887     5.0383
  2.0000  0.0100   2.0000   0.0759      0.5046    0.7892     5.0955
  1.7415  0.0100   2.0000   0.0747      0.5063    0.7894     5.2298
  1.6490  0.4358   0.0747   0.1971      0.5064    0.7895     5.2354
  2.0000 10.7643   2.0000   0.0741      0.5071    0.7899     5.3131
  2.0000  7.7053   1.9422   0.0740      0.5071    0.7901     5.3239
  1.6326  0.0100   0.0914   0.0727      0.5092    0.7903     5.4673
  2.0000 14.1184   2.0000   0.0728      0.5092    0.7904     5.4615
  1.9552  0.0100   2.0000   0.0722      0.5097    0.7905     5.5377
  2.0000 10.9776   1.4602   0.0722      0.5097    0.7905     5.5340
  2.0000  1.0634   2.0000   0.0713      0.5105    0.7911     5.6530
  2.0000  9.4524   0.8876   0.0703      0.5119    0.7914     5.7853
  1.9026  9.8744   2.0000   0.0702      0.5120    0.7915     5.7982
  2.0000 16.6003   2.0000   0.0694      0.5127    0.7923     5.9088
  2.0000 13.5008   0.0693   0.4421      0.5129    0.7925     5.9203
  2.0000  0.0100   0.8739   0.0688      0.5135    0.7927     5.9876
  2.0000 20.0000   2.0000   0.0672      0.5158    0.7937     6.2358
  1.7637 11.1114   1.7222   0.0663      0.5173    0.7948     6.3689
  1.9586 10.4862   2.0000   0.0651      0.5191    0.7954     6.5610
  2.0000  6.1953   1.9728   0.0650      0.5192    0.7954     6.5715
  1.7911  1.7578   0.0647   0.7587      0.5193    0.7956     6.6141
  1.9425 10.4183   1.4523   0.0641      0.5198    0.7957     6.7231
  2.0000 13.1180   1.4271   0.0638      0.5201    0.7959     6.7743
  2.0000 20.0000   2.0000   0.0629      0.5207    0.7963     6.9162
  2.0000  5.1942   1.9602   0.0628      0.5209    0.7964     6.9350
  1.9885 12.3271   2.0000   0.0604      0.5244    0.7967     7.3943
  1.4874 20.0000   0.5737   0.0593      0.5248    0.7968     7.6088
  2.0000  4.5552   2.0000   0.0597      0.5248    0.7971     7.5450
  2.0000  0.0100   2.0000   0.0579      0.5261    0.7972     7.9109
  2.0000  9.0868   1.7434   0.0577      0.5265    0.7973     7.9693
  2.0000  0.0100   2.0000   0.0573      0.5269    0.7977     8.0396
  2.0000  9.3017   2.0000   0.0573      0.5270    0.7977     8.0451
  2.0000  6.7497   2.0000   0.0544      0.5306    0.7977     8.7325
  2.0000  0.0100   1.4915   0.0542      0.5307    0.7978     8.7693

Pareto front  → results/param_tuning/gnn_clue_d5/pareto_front.parquet
CSV snapshot  → results/param_tuning/gnn_clue_d5/checkpoint/pareto_front.csv
Checkpoint    → results/param_tuning/gnn_clue_d5/checkpoint/mopso.pkl
