Host : lxdgpu01.hep.ph.ic.ac.uk
Date : Thu Jul  9 08:09:57 BST 2026
Args : --config configs/tune.yaml
GPU  : NVIDIA RTX A6000
GPU backend verified working.

Backend: gpu cuda  |  pipeline: raw
Loading 5000 events from /vols/cms/mm1221/cms/Data/d5/100k_mix/hdf5 ...
  5000 events in 2.8s
Config snapshot: results/param_tuning/raw_noPU_d5_10k/config.json
Starting MOPSO: 40 particles × 60 iterations
Timing first iteration (40 particles × 5000 events)...
First iteration:  831.9s
Estimated total:  60 iters × 831.9s/iter = 13h 51m  (finish ~22:17)

  iter  3/60  789.8s/iter  elapsed 39m 29s  remaining ~12h 30m  pareto 4
  iter  6/60  790.1s/iter  elapsed 1h 19m  remaining ~11h 51m  pareto 6
  iter  9/60  797.7s/iter  elapsed 1h 59m  remaining ~11h 18m  pareto 10
  iter 12/60  801.8s/iter  elapsed 2h 40m  remaining ~10h 41m  pareto 19
  iter 15/60  812.6s/iter  elapsed 3h 21m  remaining ~10h 09m  pareto 33
  iter 18/60  820.6s/iter  elapsed 4h 02m  remaining ~9h 34m  pareto 49
  iter 21/60  825.4s/iter  elapsed 4h 44m  remaining ~8h 56m  pareto 57
  iter 24/60  832.7s/iter  elapsed 5h 26m  remaining ~8h 19m  pareto 77
  iter 27/60  837.1s/iter  elapsed 6h 08m  remaining ~7h 40m  pareto 89
  iter 30/60  839.5s/iter  elapsed 6h 50m  remaining ~6h 59m  pareto 98
  iter 33/60  844.5s/iter  elapsed 7h 33m  remaining ~6h 20m  pareto 78
  iter 36/60  843.5s/iter  elapsed 8h 14m  remaining ~5h 37m  pareto 84
  iter 39/60  842.4s/iter  elapsed 8h 56m  remaining ~4h 54m  pareto 86
  iter 42/60  840.2s/iter  elapsed 9h 38m  remaining ~4h 12m  pareto 98
  iter 45/60  840.2s/iter  elapsed 10h 21m  remaining ~3h 30m  pareto 105
  iter 48/60  842.9s/iter  elapsed 11h 03m  remaining ~2h 48m  pareto 115
  iter 51/60  843.2s/iter  elapsed 11h 45m  remaining ~2h 06m  pareto 125
  iter 54/60  847.3s/iter  elapsed 12h 28m  remaining ~1h 24m  pareto 133
  iter 57/60  847.6s/iter  elapsed 13h 10m  remaining ~42m 22s  pareto 132
  iter 60/60  848.6s/iter  elapsed 13h 52m  remaining ~0s  pareto 121

Done in 13h 52m  (833.0s/iter avg)  Pareto size: 121

      dc    rhoc       do       dm  z_scale  max_purity   min_eff  pen_ratio
  1.3981 14.9966  17.9055   3.2173   0.3683      0.0156    0.1827   217.5248
  0.0100  3.4143   2.4809  50.0000   1.0000      0.0164    0.1258    27.9391
  1.8304 14.2449  16.8992   3.4513   0.3951      0.0168    0.2213   176.1239
  0.0100  3.3527   2.6553  50.0000   1.0000      0.0188    0.1369    21.8999
  0.0998  2.7126   2.4723  47.3972   1.0000      0.0208    0.1493    16.5969
  1.5816  5.6008   3.3938  50.0000   0.7380      0.0216    0.2061    73.7950
  2.2989 14.6481   2.7466  31.2059   0.3611      0.0217    0.2580   128.7738
  0.0100  4.6253   3.6538  50.0000   1.0000      0.0370    0.1759    61.1144
  1.9057 11.2226   1.8255  30.1302   0.1000      0.0393    0.3681    48.2018
  0.0100  3.2688   3.1134   5.4270   0.3037      0.0458    0.4478    20.3975
  2.6125  1.4012   5.1886   3.1692   0.5500      0.1375    0.2632    16.9384
 18.3507  2.7089   0.5105  46.1766   0.1293      0.2233    0.1044    15.5047
 16.9672  1.7049   0.7260  50.0000   0.2722      0.2548    0.1194     6.7151
 17.7795  3.3960   0.5761  35.7282   0.1381      0.2829    0.1251     8.9651
 20.0000  0.1000   0.5442  45.0121   0.1000      0.2920    0.1194     8.9496
  3.3800  7.1655   2.9926  50.0000   1.0000      0.2936    0.1869    15.5955
 20.0000  2.1606   0.5575  50.0000   0.1000      0.3027    0.1234     8.3661
 16.1934  2.6045   0.6097  31.5671   0.1654      0.3076    0.1334     6.8581
 20.0000  8.9277   0.6044  13.8186   0.1000      0.3323    0.1383     7.7715
  5.9165 16.6289   3.4376  29.6938   0.5611      0.3549    0.2497    16.0318
  3.4687  7.4687   2.0863  47.6904   0.7076      0.3703    0.1639    14.3995
 20.0000  0.1000   3.3323   0.6081   0.1000      0.3749    0.1413     6.9297
  4.9140 14.0860   3.5359  31.6807   0.7126      0.3779    0.2099    12.9186
  1.6145  0.2332   4.0699  34.8136   0.6839      0.3812    0.3577    10.1724
 19.4983  5.0150   3.6718  50.0000   0.1431      0.3918    0.3321     6.5747
 20.0000  4.0274   3.7407  50.0000   0.2519      0.3957    0.3523     6.8054
 20.0000  0.1000   3.7027  50.0000   0.1000      0.3978    0.3083     6.5616
 20.0000  5.9029   3.6043  31.6955   0.1616      0.3983    0.3663     5.9098
 19.6824  8.5242   3.6158  33.6041   0.1372      0.3990    0.3447     5.7468
 20.0000  0.1000   3.5728  50.0000   0.1655      0.3998    0.3715     5.6760
 19.6546  0.1000   3.5673  50.0000   0.1995      0.4001    0.3741     5.7822
 20.0000  3.5838   3.4984  41.0393   0.1078      0.4027    0.3492     5.4864
 20.0000  0.1000   3.5061  15.7510   0.1000      0.4050    0.3434     5.4644
 20.0000  0.1000   3.5002  50.0000   0.1000      0.4055    0.3435     5.4710
 20.0000  3.8955   3.4764  27.7669   0.1659      0.4060    0.3797     5.5259
 20.0000  8.0205   3.4471  50.0000   0.1911      0.4074    0.3906     5.6503
 20.0000  5.9494   3.4731  22.9339   0.1000      0.4083    0.3450     5.4617
 20.0000 20.0000   3.4128  50.0000   0.1978      0.4087    0.3911     5.5483
 19.9216 20.0000   3.3673  50.0000   0.1271      0.4088    0.3667     5.5193
 20.0000  0.1000   3.4800  30.2015   0.1000      0.4092    0.3459     5.4179
 20.0000 15.8247   3.4140  28.7604   0.1009      0.4092    0.3472     5.4062
 20.0000  5.8317   3.4388  30.5002   0.1000      0.4103    0.3483     5.3729
 20.0000  4.0502   3.4292  50.0000   0.1000      0.4105    0.3495     5.3250
 20.0000  6.3900   3.4164  35.5903   0.1000      0.4106    0.3505     5.3260
 20.0000  0.1000   3.3599  21.8230   0.1672      0.4108    0.3908     5.3746
 20.0000 11.8950   3.3839  32.2795   0.1000      0.4109    0.3508     5.3266
 20.0000  8.4577   3.3574  39.7486   0.1000      0.4109    0.3588     5.2943
 20.0000  5.3522   3.3864  46.6928   0.1000      0.4114    0.3528     5.2932
 20.0000  7.8972   3.3705  42.7126   0.1000      0.4115    0.3541     5.2432
 20.0000  0.1000   3.3440  50.0000   0.1000      0.4124    0.3624     5.2862
 20.0000 17.3519   3.3236  36.6591   0.1965      0.4124    0.3974     5.5740
 20.0000  0.1000   3.3752  50.0000   0.1000      0.4125    0.3554     5.2612
 20.0000  0.1000   3.3249  42.4165   0.1000      0.4128    0.3635     5.3130
 20.0000  0.1000   3.3126  48.9647   0.1000      0.4132    0.3641     5.3296
 20.0000  0.1000   3.2846  50.0000   0.1000      0.4134    0.3660     5.3537
 20.0000  0.1000   3.3030  28.2609   0.1000      0.4134    0.3646     5.3449
 20.0000  0.9001   3.2661   5.6791   0.1977      0.4166    0.4093     5.7602
 20.0000  2.7293   3.2007  35.2333   0.1000      0.4192    0.3740     5.3736
 20.0000  0.8132   3.0238  47.8065   0.1000      0.4328    0.3985     5.6828
 20.0000  0.1000   3.0208  24.1826   0.1000      0.4331    0.3987     5.6752
 20.0000 20.0000   2.9830  23.9793   0.1000      0.4340    0.3961     5.5596
 20.0000 20.0000   2.9774   4.6215   0.1000      0.4342    0.3967     5.5715
 20.0000  7.5018   2.9921  31.5524   0.1000      0.4348    0.3999     5.6982
 20.0000  0.1000   2.9942  50.0000   0.1000      0.4349    0.4011     5.7196
 20.0000  0.1000   2.9822  40.6707   0.1000      0.4352    0.4019     5.7098
 20.0000 11.3329   2.9713  45.6633   0.1000      0.4353    0.4005     5.6818
 20.0000 13.8003   2.9642  20.3785   0.1000      0.4353    0.4001     5.6578
 20.0000  0.1000   2.9775  28.9738   0.1000      0.4353    0.4025     5.7198
 20.0000  6.8957   2.9754  30.9519   0.1000      0.4353    0.4012     5.7087
 20.0000  0.1000   2.9054  49.3774   0.1523      0.4358    0.4286     6.0460
 20.0000  0.1000   2.9675  50.0000   0.1000      0.4359    0.4038     5.7400
 20.0000  6.8308   2.9541  10.9469   0.1000      0.4362    0.4046     5.7595
 20.0000 20.0000   2.9052  47.9156   0.1000      0.4366    0.4029     5.7129
 19.8692 16.1140   2.8464  23.0504   0.1085      0.4373    0.4121     5.9276
 20.0000  7.1275   2.8553  50.0000   0.1458      0.4374    0.4286     6.1277
 20.0000  4.5072   2.8629  24.0994   0.1515      0.4374    0.4322     6.2422
 20.0000  4.1470   2.8934  31.7979   0.1000      0.4380    0.4094     5.9110
 20.0000  0.1000   2.8888  34.4068   0.1000      0.4384    0.4108     5.8903
 20.0000  0.1000   2.8902  33.6648   0.1000      0.4385    0.4104     5.8876
 20.0000  4.2420   2.8766  46.3257   0.1000      0.4387    0.4114     5.9080
 20.0000 14.1132   2.8625  15.1808   0.1000      0.4388    0.4093     5.8169
 20.0000  9.2129   2.8713  35.6760   0.1000      0.4388    0.4104     5.8721
 20.0000 20.0000   2.8407  26.7928   0.1000      0.4389    0.4099     5.8044
 20.0000 14.2061   3.4678   2.8319   0.1000      0.4393    0.4124     5.8838
 19.9759  9.2307   2.8471  50.0000   0.1054      0.4396    0.4142     5.9484
 20.0000  0.1000   2.8469  50.0000   0.1000      0.4396    0.4150     5.9354
 20.0000 11.9910   2.8318  50.0000   0.1000      0.4398    0.4134     5.9076
 19.9585 17.8684   2.8079  34.8525   0.1006      0.4408    0.4128     5.8141
 20.0000 16.1098   2.8134   5.0349   0.1000      0.4409    0.4136     5.8594
 20.0000  5.4003   2.8180  44.3694   0.1000      0.4411    0.4172     6.0062
 20.0000 12.0495   2.8117  24.3929   0.1000      0.4411    0.4151     5.9225
 20.0000  2.0345   2.8091  48.2060   0.1000      0.4416    0.4186     5.9882
 20.0000  0.1000   2.8073  50.0000   0.1000      0.4416    0.4190     5.9595
 20.0000  0.2114   2.7990  47.4688   0.1000      0.4420    0.4194     5.9767
 20.0000  9.9137   2.7149  50.0000   0.1331      0.4488    0.4373     6.4038
  5.9290  0.1000  23.0622   2.8590   0.3573      0.4499    0.4955     6.7522
 20.0000  0.1000   2.6376  50.0000   0.1000      0.4523    0.4392     6.5549
 20.0000  6.2316   2.6911  35.9789   0.1581      0.4525    0.4516     6.6703
 20.0000  4.3926   2.6317  42.5343   0.1000      0.4526    0.4398     6.5463
 20.0000  0.1000   2.6271  50.0000   0.1000      0.4528    0.4407     6.5832
 20.0000  6.4457   2.6252  26.4395   0.1000      0.4530    0.4397     6.5358
 20.0000  2.5370   2.6186  50.0000   0.1000      0.4530    0.4414     6.6185
 20.0000  0.1000   2.6249  50.0000   0.1000      0.4531    0.4408     6.5907
 20.0000 14.6421   2.5949  50.0000   0.1029      0.4534    0.4415     6.5896
 20.0000 18.1321   2.6032  20.3240   0.1000      0.4535    0.4378     6.4465
 20.0000 10.6033   2.6102  50.0000   0.1000      0.4535    0.4399     6.5312
 20.0000  0.9803   2.6113  29.8110   0.1000      0.4536    0.4423     6.6281
 20.0000  2.5027   2.6089  23.2657   0.1000      0.4537    0.4423     6.6184
 20.0000 19.5622   2.5865  28.0985   0.1000      0.4538    0.4384     6.5011
 20.0000 16.0820   2.5958  23.7949   0.1000      0.4539    0.4386     6.4934
 20.0000  0.7268   2.6038  35.0934   0.1000      0.4540    0.4429     6.6526
 20.0000  0.1000   2.5963  44.8781   0.1000      0.4544    0.4433     6.6503
 20.0000  0.1000   2.7545  50.0000   0.1852      0.4559    0.4511     6.6360
 20.0000 20.0000   2.5487  26.1426   0.1000      0.4567    0.4424     6.5812
 19.7835 20.0000  22.5321   2.3699   0.1000      0.4622    0.4537     6.5415
 20.0000  0.1000   2.3070  14.8453   0.1636      0.4825    0.4970     8.3584
 20.0000  0.1000   2.0172  46.9503   0.1000      0.4922    0.4980     9.1743
 20.0000  0.1000   1.9924  42.7516   0.1000      0.4943    0.4996     9.3629
 20.0000  5.1864   1.9891  46.8089   0.1000      0.4944    0.4993     9.3490
 20.0000  4.3751   1.9760  34.7670   0.1000      0.4949    0.4998     9.3948
 20.0000 20.0000   2.3215  28.1526   0.2453      0.4952    0.5143     9.2730

Pareto front  → results/param_tuning/raw_noPU_d5_10k/pareto_front.parquet
CSV snapshot  → results/param_tuning/raw_noPU_d5_10k/checkpoint/pareto_front.csv
Checkpoint    → results/param_tuning/raw_noPU_d5_10k/checkpoint/mopso.pkl
