000 (4514854.000.000) 2026-07-08 06:43:34 Job submitted from host: <146.179.108.134:9618?addrs=146.179.108.134-9618+[2a0c-5bc0-88-111-216-3eff-fe7f-207]-9618&alias=htcmaster00.hep.ph.ic.ac.uk&noUDP&sock=schedd_970_eaf4>
...
001 (4514854.000.000) 2026-07-08 06:43:34 Job executing on host: <146.179.108.46:9618?addrs=146.179.108.46-9618+[2a0c-5bc0-88-111-632-1ff-fee1-230e]-9618&alias=lxdgpu00.hep.ph.ic.ac.uk&noUDP&sock=startd_2319_3837>
	SlotName: slot1_1@lxdgpu00.hep.ph.ic.ac.uk
	AvailableGPUs = { GPUs_GPU_31edab1d }
	CondorScratchDir = "/srv/localstage/condor/dir_95189"
	Cpus = 32
	Disk = 1507458923
	GPUs = 1
	GPUs_GPU_31edab1d = [ Id = "GPU-31edab1d"; ClockMhz = 1800.0; Capability = 8.6; CoresPerCU = 128; DeviceName = "NVIDIA RTX A6000"; DeviceUuid = "31edab1d-d62b-597c-ceec-dee727c0fb82"; ECCEnabled = true; ComputeUnits = 84; NvidiaDriver = "610.43.02"; DriverVersion = 13.3; DevicePciBusId = "0000:83:00.0"; GlobalMemoryMb = 45485; MaxSupportedVersion = 13030 ]
	Memory = 128075
...
006 (4514854.000.000) 2026-07-08 06:43:43 Image size of job updated: 27788
	28  -  MemoryUsage of job (MB)
	27788  -  ResidentSetSize of job (KB)
...
006 (4514854.000.000) 2026-07-08 06:45:44 Image size of job updated: 441176
	429  -  MemoryUsage of job (MB)
	439148  -  ResidentSetSize of job (KB)
...
006 (4514854.000.000) 2026-07-08 06:47:45 Image size of job updated: 441260
	431  -  MemoryUsage of job (MB)
	441196  -  ResidentSetSize of job (KB)
...
006 (4514854.000.000) 2026-07-08 06:49:46 Image size of job updated: 441264
	431  -  MemoryUsage of job (MB)
	441196  -  ResidentSetSize of job (KB)
...
006 (4514854.000.000) 2026-07-08 06:57:46 Image size of job updated: 441304
	431  -  MemoryUsage of job (MB)
	441304  -  ResidentSetSize of job (KB)
...
006 (4514854.000.000) 2026-07-08 07:01:48 Image size of job updated: 441332
	431  -  MemoryUsage of job (MB)
	441304  -  ResidentSetSize of job (KB)
...
006 (4514854.000.000) 2026-07-08 07:03:49 Image size of job updated: 441396
	431  -  MemoryUsage of job (MB)
	441304  -  ResidentSetSize of job (KB)
...
006 (4514854.000.000) 2026-07-08 07:09:49 Image size of job updated: 441432
	432  -  MemoryUsage of job (MB)
	441396  -  ResidentSetSize of job (KB)
...
006 (4514854.000.000) 2026-07-08 07:15:52 Image size of job updated: 441432
	432  -  MemoryUsage of job (MB)
	441432  -  ResidentSetSize of job (KB)
...
006 (4514854.000.000) 2026-07-08 07:25:53 Image size of job updated: 441436
	432  -  MemoryUsage of job (MB)
	441432  -  ResidentSetSize of job (KB)
...
006 (4514854.000.000) 2026-07-08 07:35:55 Image size of job updated: 446772
	437  -  MemoryUsage of job (MB)
	446772  -  ResidentSetSize of job (KB)
...
006 (4514854.000.000) 2026-07-08 07:37:56 Image size of job updated: 629828
	614  -  MemoryUsage of job (MB)
	627780  -  ResidentSetSize of job (KB)
...
006 (4514854.000.000) 2026-07-08 07:43:59 Image size of job updated: 629828
	615  -  MemoryUsage of job (MB)
	629640  -  ResidentSetSize of job (KB)
...
006 (4514854.000.000) 2026-07-08 07:47:59 Image size of job updated: 629828
	616  -  MemoryUsage of job (MB)
	629828  -  ResidentSetSize of job (KB)
...
006 (4514854.000.000) 2026-07-08 08:06:03 Image size of job updated: 629924
	616  -  MemoryUsage of job (MB)
	629828  -  ResidentSetSize of job (KB)
...
006 (4514854.000.000) 2026-07-08 08:46:13 Image size of job updated: 633296
	619  -  MemoryUsage of job (MB)
	633296  -  ResidentSetSize of job (KB)
...
006 (4514854.000.000) 2026-07-08 11:42:57 Image size of job updated: 634268
	619  -  MemoryUsage of job (MB)
	633296  -  ResidentSetSize of job (KB)
...
006 (4514854.000.000) 2026-07-08 13:53:32 Image size of job updated: 636520
	620  -  MemoryUsage of job (MB)
	634472  -  ResidentSetSize of job (KB)
...
006 (4514854.000.000) 2026-07-08 13:57:32 Image size of job updated: 636520
	622  -  MemoryUsage of job (MB)
	636520  -  ResidentSetSize of job (KB)
...
005 (4514854.000.000) 2026-07-08 17:29:10 Job terminated.
	(1) Normal termination (return value 0)
		Usr 0 05:46:36, Sys 0 04:52:52  -  Run Remote Usage
		Usr 0 00:00:00, Sys 0 00:00:00  -  Run Local Usage
		Usr 0 05:46:36, Sys 0 04:52:52  -  Total Remote Usage
		Usr 0 00:00:00, Sys 0 00:00:00  -  Total Local Usage
	0  -  Run Bytes Sent By Job
	0  -  Run Bytes Received By Job
	0  -  Total Bytes Sent By Job
	0  -  Total Bytes Received By Job
	Partitionable Resources :    Usage       Request  Allocated Assigned
	   Cpus                 :     0.99         32            32 
	   Disk (KB)            :     3    1356713030.70 1507458923 
	   GPUs                 :     0.47          1             1 "GPU-31edab1d"
	   Memory (MB)          :   622        128075        128075 
	   TimeExecute (s)      : 38736                             
	   TimeSlotBusy (s)     : 38736                             
...
