000 (4585882.000.000) 2026-07-22 07:23:27 Job submitted from host: <146.179.108.134:9618?addrs=146.179.108.134-9618&alias=htcmaster00.hep.ph.ic.ac.uk&noUDP&sock=schedd_951_e2a7>
...
001 (4585882.000.000) 2026-07-22 07:23:28 Job executing on host: <146.179.108.88:9618?addrs=146.179.108.88-9618+[2a0c-5bc0-88-111-216-3eff-fe7f-1b5]-9618&alias=lxbgpu02.hep.ph.ic.ac.uk&noUDP&sock=startd_1787_4fd4>
	SlotName: slot1_1@lxbgpu02.hep.ph.ic.ac.uk
	AvailableGPUs = { GPUs_GPU_7bbb24a2 }
	CondorScratchDir = "/srv/localstage/condor/dir_227180"
	Cpus = 16
	Disk = 735125138
	GPUs = 1
	GPUs_GPU_7bbb24a2 = [ Id = "GPU-7bbb24a2"; ClockMhz = 1328.5; Capability = 6.0; CoresPerCU = 64; DeviceName = "Tesla P100-PCIE-12GB"; DeviceUuid = "7bbb24a2-bb63-b859-ef98-fac5f455eb4f"; ECCEnabled = true; ComputeUnits = 56; NvidiaDriver = "580.173.02"; DriverVersion = 13.0; DevicePciBusId = "0000:00:03.0"; GlobalMemoryMb = 12187; MaxSupportedVersion = 13000 ]
	Memory = 85790
...
006 (4585882.000.000) 2026-07-22 07:23:36 Image size of job updated: 22848
	23  -  MemoryUsage of job (MB)
	22848  -  ResidentSetSize of job (KB)
...
006 (4585882.000.000) 2026-07-22 07:25:36 Image size of job updated: 870364
	850  -  MemoryUsage of job (MB)
	870364  -  ResidentSetSize of job (KB)
...
006 (4585882.000.000) 2026-07-22 07:27:36 Image size of job updated: 906116
	885  -  MemoryUsage of job (MB)
	906116  -  ResidentSetSize of job (KB)
...
006 (4585882.000.000) 2026-07-22 07:29:36 Image size of job updated: 906344
	886  -  MemoryUsage of job (MB)
	906344  -  ResidentSetSize of job (KB)
...
006 (4585882.000.000) 2026-07-22 07:31:37 Image size of job updated: 906800
	886  -  MemoryUsage of job (MB)
	906800  -  ResidentSetSize of job (KB)
...
006 (4585882.000.000) 2026-07-22 07:35:39 Image size of job updated: 1016728
	993  -  MemoryUsage of job (MB)
	1016728  -  ResidentSetSize of job (KB)
...
006 (4585882.000.000) 2026-07-22 07:43:40 Image size of job updated: 1021664
	998  -  MemoryUsage of job (MB)
	1021664  -  ResidentSetSize of job (KB)
...
006 (4585882.000.000) 2026-07-22 07:45:40 Image size of job updated: 1022240
	999  -  MemoryUsage of job (MB)
	1022240  -  ResidentSetSize of job (KB)
...
006 (4585882.000.000) 2026-07-22 07:49:42 Image size of job updated: 1022244
	999  -  MemoryUsage of job (MB)
	1022244  -  ResidentSetSize of job (KB)
...
006 (4585882.000.000) 2026-07-22 07:51:43 Image size of job updated: 1022320
	999  -  MemoryUsage of job (MB)
	1022320  -  ResidentSetSize of job (KB)
...
006 (4585882.000.000) 2026-07-22 07:53:43 Image size of job updated: 1022944
	999  -  MemoryUsage of job (MB)
	1022944  -  ResidentSetSize of job (KB)
...
006 (4585882.000.000) 2026-07-22 07:55:43 Image size of job updated: 1022968
	999  -  MemoryUsage of job (MB)
	1022968  -  ResidentSetSize of job (KB)
...
006 (4585882.000.000) 2026-07-22 07:57:43 Image size of job updated: 1022984
	1000  -  MemoryUsage of job (MB)
	1022984  -  ResidentSetSize of job (KB)
...
006 (4585882.000.000) 2026-07-22 08:03:46 Image size of job updated: 1022992
	1000  -  MemoryUsage of job (MB)
	1022992  -  ResidentSetSize of job (KB)
...
006 (4585882.000.000) 2026-07-22 08:11:46 Image size of job updated: 1023016
	1000  -  MemoryUsage of job (MB)
	1023016  -  ResidentSetSize of job (KB)
...
006 (4585882.000.000) 2026-07-22 08:25:50 Image size of job updated: 1023020
	1000  -  MemoryUsage of job (MB)
	1023020  -  ResidentSetSize of job (KB)
...
006 (4585882.000.000) 2026-07-22 08:33:53 Image size of job updated: 1023040
	1000  -  MemoryUsage of job (MB)
	1023040  -  ResidentSetSize of job (KB)
...
006 (4585882.000.000) 2026-07-22 08:41:55 Image size of job updated: 1023072
	1000  -  MemoryUsage of job (MB)
	1023072  -  ResidentSetSize of job (KB)
...
006 (4585882.000.000) 2026-07-22 08:49:56 Image size of job updated: 1023080
	1000  -  MemoryUsage of job (MB)
	1023080  -  ResidentSetSize of job (KB)
...
006 (4585882.000.000) 2026-07-22 08:55:59 Image size of job updated: 1023092
	1000  -  MemoryUsage of job (MB)
	1023092  -  ResidentSetSize of job (KB)
...
006 (4585882.000.000) 2026-07-22 09:04:00 Image size of job updated: 1023404
	1000  -  MemoryUsage of job (MB)
	1023404  -  ResidentSetSize of job (KB)
...
006 (4585882.000.000) 2026-07-22 09:12:04 Image size of job updated: 1023728
	1000  -  MemoryUsage of job (MB)
	1023728  -  ResidentSetSize of job (KB)
...
006 (4585882.000.000) 2026-07-22 09:18:05 Image size of job updated: 1024124
	1001  -  MemoryUsage of job (MB)
	1024124  -  ResidentSetSize of job (KB)
...
006 (4585882.000.000) 2026-07-22 09:20:05 Image size of job updated: 1024620
	1001  -  MemoryUsage of job (MB)
	1024620  -  ResidentSetSize of job (KB)
...
006 (4585882.000.000) 2026-07-22 09:26:08 Image size of job updated: 1025084
	1002  -  MemoryUsage of job (MB)
	1025084  -  ResidentSetSize of job (KB)
...
006 (4585882.000.000) 2026-07-22 09:34:08 Image size of job updated: 1025320
	1002  -  MemoryUsage of job (MB)
	1025320  -  ResidentSetSize of job (KB)
...
006 (4585882.000.000) 2026-07-22 09:40:11 Image size of job updated: 1025912
	1002  -  MemoryUsage of job (MB)
	1025912  -  ResidentSetSize of job (KB)
...
006 (4585882.000.000) 2026-07-22 09:48:13 Image size of job updated: 1026524
	1003  -  MemoryUsage of job (MB)
	1026524  -  ResidentSetSize of job (KB)
...
006 (4585882.000.000) 2026-07-22 09:56:16 Image size of job updated: 1027208
	1004  -  MemoryUsage of job (MB)
	1027208  -  ResidentSetSize of job (KB)
...
006 (4585882.000.000) 2026-07-22 10:02:16 Image size of job updated: 1027904
	1004  -  MemoryUsage of job (MB)
	1027904  -  ResidentSetSize of job (KB)
...
006 (4585882.000.000) 2026-07-22 10:04:16 Image size of job updated: 1027936
	1004  -  MemoryUsage of job (MB)
	1027936  -  ResidentSetSize of job (KB)
...
006 (4585882.000.000) 2026-07-22 10:10:19 Image size of job updated: 1028360
	1005  -  MemoryUsage of job (MB)
	1028360  -  ResidentSetSize of job (KB)
...
006 (4585882.000.000) 2026-07-22 10:18:20 Image size of job updated: 1028996
	1005  -  MemoryUsage of job (MB)
	1028996  -  ResidentSetSize of job (KB)
...
006 (4585882.000.000) 2026-07-22 10:24:23 Image size of job updated: 1029388
	1006  -  MemoryUsage of job (MB)
	1029388  -  ResidentSetSize of job (KB)
...
006 (4585882.000.000) 2026-07-22 10:26:23 Image size of job updated: 1029756
	1006  -  MemoryUsage of job (MB)
	1029756  -  ResidentSetSize of job (KB)
...
006 (4585882.000.000) 2026-07-22 10:32:24 Image size of job updated: 1030504
	1007  -  MemoryUsage of job (MB)
	1030504  -  ResidentSetSize of job (KB)
...
006 (4585882.000.000) 2026-07-22 10:40:26 Image size of job updated: 1031192
	1008  -  MemoryUsage of job (MB)
	1031192  -  ResidentSetSize of job (KB)
...
006 (4585882.000.000) 2026-07-22 10:46:28 Image size of job updated: 1031872
	1008  -  MemoryUsage of job (MB)
	1031872  -  ResidentSetSize of job (KB)
...
006 (4585882.000.000) 2026-07-22 10:54:30 Image size of job updated: 1032708
	1009  -  MemoryUsage of job (MB)
	1032708  -  ResidentSetSize of job (KB)
...
006 (4585882.000.000) 2026-07-22 11:02:33 Image size of job updated: 1033404
	1010  -  MemoryUsage of job (MB)
	1033404  -  ResidentSetSize of job (KB)
...
006 (4585882.000.000) 2026-07-22 11:08:33 Image size of job updated: 1034176
	1010  -  MemoryUsage of job (MB)
	1034176  -  ResidentSetSize of job (KB)
...
006 (4585882.000.000) 2026-07-22 11:16:37 Image size of job updated: 1035200
	1011  -  MemoryUsage of job (MB)
	1035200  -  ResidentSetSize of job (KB)
...
006 (4585882.000.000) 2026-07-22 11:24:38 Image size of job updated: 1036144
	1012  -  MemoryUsage of job (MB)
	1036144  -  ResidentSetSize of job (KB)
...
006 (4585882.000.000) 2026-07-22 11:30:40 Image size of job updated: 1036608
	1013  -  MemoryUsage of job (MB)
	1036608  -  ResidentSetSize of job (KB)
...
006 (4585882.000.000) 2026-07-22 11:32:40 Image size of job updated: 1036928
	1013  -  MemoryUsage of job (MB)
	1036928  -  ResidentSetSize of job (KB)
...
006 (4585882.000.000) 2026-07-22 11:38:40 Image size of job updated: 1038088
	1014  -  MemoryUsage of job (MB)
	1038088  -  ResidentSetSize of job (KB)
...
006 (4585882.000.000) 2026-07-22 11:46:44 Image size of job updated: 1049248
	1025  -  MemoryUsage of job (MB)
	1049248  -  ResidentSetSize of job (KB)
...
006 (4585882.000.000) 2026-07-22 11:54:45 Image size of job updated: 1050100
	1026  -  MemoryUsage of job (MB)
	1050100  -  ResidentSetSize of job (KB)
...
006 (4585882.000.000) 2026-07-22 12:00:47 Image size of job updated: 1051088
	1027  -  MemoryUsage of job (MB)
	1051088  -  ResidentSetSize of job (KB)
...
006 (4585882.000.000) 2026-07-22 12:08:50 Image size of job updated: 1052024
	1028  -  MemoryUsage of job (MB)
	1052024  -  ResidentSetSize of job (KB)
...
006 (4585882.000.000) 2026-07-22 12:12:50 Image size of job updated: 1052060
	1028  -  MemoryUsage of job (MB)
	1052060  -  ResidentSetSize of job (KB)
...
006 (4585882.000.000) 2026-07-22 12:14:51 Image size of job updated: 1052524
	1028  -  MemoryUsage of job (MB)
	1052524  -  ResidentSetSize of job (KB)
...
006 (4585882.000.000) 2026-07-22 12:16:52 Image size of job updated: 1053228
	1029  -  MemoryUsage of job (MB)
	1053228  -  ResidentSetSize of job (KB)
...
005 (4585882.000.000) 2026-07-22 12:22:40 Job terminated.
	(1) Normal termination (return value 0)
		Usr 0 04:32:16, Sys 0 00:22:54  -  Run Remote Usage
		Usr 0 00:00:00, Sys 0 00:00:00  -  Run Local Usage
		Usr 0 04:32:16, Sys 0 00:22:54  -  Total Remote Usage
		Usr 0 00:00:00, Sys 0 00:00:00  -  Total Local Usage
	0  -  Run Bytes Sent By Job
	0  -  Run Bytes Received By Job
	0  -  Total Bytes Sent By Job
	0  -  Total Bytes Received By Job
	Partitionable Resources :    Usage      Request Allocated Assigned
	   Cpus                 :     0.99        16           16 
	   Disk (KB)            :     4    661612624.20 735125138 
	   GPUs                 :     0.70         1            1 "GPU-7bbb24a2"
	   Memory (MB)          :  1029        85790        85790 
	   TimeExecute (s)      : 17952                           
	   TimeSlotBusy (s)     : 17953                           
...
